Component: ARM Compiler 5.06 update 7 (build 960) Tool: armlink [4d3601]

==============================================================================

Section Cross References

    startup_stm32f103xe.o(STACK) refers (Special) to heapauxi.o(.text) for __use_two_region_memory
    startup_stm32f103xe.o(HEAP) refers (Special) to heapauxi.o(.text) for __use_two_region_memory
    startup_stm32f103xe.o(RESET) refers (Special) to heapauxi.o(.text) for __use_two_region_memory
    startup_stm32f103xe.o(RESET) refers to startup_stm32f103xe.o(STACK) for __initial_sp
    startup_stm32f103xe.o(RESET) refers to startup_stm32f103xe.o(.text) for Reset_Handler
    startup_stm32f103xe.o(RESET) refers to stm32f1xx_it.o(i.NMI_Handler) for NMI_Handler
    startup_stm32f103xe.o(RESET) refers to stm32f1xx_it.o(i.HardFault_Handler) for HardFault_Handler
    startup_stm32f103xe.o(RESET) refers to stm32f1xx_it.o(i.MemManage_Handler) for MemManage_Handler
    startup_stm32f103xe.o(RESET) refers to stm32f1xx_it.o(i.BusFault_Handler) for BusFault_Handler
    startup_stm32f103xe.o(RESET) refers to stm32f1xx_it.o(i.UsageFault_Handler) for UsageFault_Handler
    startup_stm32f103xe.o(RESET) refers to stm32f1xx_it.o(i.SVC_Handler) for SVC_Handler
    startup_stm32f103xe.o(RESET) refers to stm32f1xx_it.o(i.DebugMon_Handler) for DebugMon_Handler
    startup_stm32f103xe.o(RESET) refers to stm32f1xx_it.o(i.PendSV_Handler) for PendSV_Handler
    startup_stm32f103xe.o(RESET) refers to stm32f1xx_it.o(i.SysTick_Handler) for SysTick_Handler
    startup_stm32f103xe.o(RESET) refers to stm32f1xx_it.o(i.DMA1_Channel2_IRQHandler) for DMA1_Channel2_IRQHandler
    startup_stm32f103xe.o(RESET) refers to stm32f1xx_it.o(i.DMA1_Channel3_IRQHandler) for DMA1_Channel3_IRQHandler
    startup_stm32f103xe.o(RESET) refers to stm32f1xx_it.o(i.DMA1_Channel4_IRQHandler) for DMA1_Channel4_IRQHandler
    startup_stm32f103xe.o(RESET) refers to stm32f1xx_it.o(i.DMA1_Channel5_IRQHandler) for DMA1_Channel5_IRQHandler
    startup_stm32f103xe.o(RESET) refers to stm32f1xx_it.o(i.DMA1_Channel6_IRQHandler) for DMA1_Channel6_IRQHandler
    startup_stm32f103xe.o(RESET) refers to stm32f1xx_it.o(i.DMA1_Channel7_IRQHandler) for DMA1_Channel7_IRQHandler
    startup_stm32f103xe.o(RESET) refers to stm32f1xx_it.o(i.USB_LP_CAN1_RX0_IRQHandler) for USB_LP_CAN1_RX0_IRQHandler
    startup_stm32f103xe.o(RESET) refers to stm32f1xx_it.o(i.USART1_IRQHandler) for USART1_IRQHandler
    startup_stm32f103xe.o(RESET) refers to stm32f1xx_it.o(i.USART2_IRQHandler) for USART2_IRQHandler
    startup_stm32f103xe.o(RESET) refers to stm32f1xx_it.o(i.USART3_IRQHandler) for USART3_IRQHandler
    startup_stm32f103xe.o(.text) refers (Special) to heapauxi.o(.text) for __use_two_region_memory
    startup_stm32f103xe.o(.text) refers to system_stm32f1xx.o(i.SystemInit) for SystemInit
    startup_stm32f103xe.o(.text) refers to __main.o(!!!main) for __main
    startup_stm32f103xe.o(.text) refers to startup_stm32f103xe.o(HEAP) for Heap_Mem
    startup_stm32f103xe.o(.text) refers to startup_stm32f103xe.o(STACK) for Stack_Mem
    main.o(i.HAL_CAN_RxFifo0MsgPendingCallback) refers to stm32f1xx_hal_can.o(i.HAL_CAN_GetRxMessage) for HAL_CAN_GetRxMessage
    main.o(i.HAL_CAN_RxFifo0MsgPendingCallback) refers to robstride01.o(i._ZN15RobStride_Motor24RobStride_Motor_AnalysisEPhj) for RobStride_Motor::RobStride_Motor_Analysis(unsigned char*, unsigned)
    main.o(i.HAL_CAN_RxFifo0MsgPendingCallback) refers to main.o(.data) for .data
    main.o(i.HAL_CAN_RxFifo0MsgPendingCallback) refers to main.o(.bss) for .bss
    main.o(i._Z18SystemClock_Configv) refers to rt_memclr_w.o(.text) for __aeabi_memclr4
    main.o(i._Z18SystemClock_Configv) refers to stm32f1xx_hal_rcc.o(i.HAL_RCC_OscConfig) for HAL_RCC_OscConfig
    main.o(i._Z18SystemClock_Configv) refers to stm32f1xx_hal_rcc.o(i.HAL_RCC_ClockConfig) for HAL_RCC_ClockConfig
    main.o(i.__sti___6_main_c_035040fe) refers to robstride01.o(i._ZN15RobStride_MotorC1Ehb) for RobStride_Motor::RobStride_Motor(unsigned char, bool)
    main.o(i.__sti___6_main_c_035040fe) refers to main.o(.bss) for .bss
    main.o(i.main) refers to stm32f1xx_hal.o(i.HAL_Init) for HAL_Init
    main.o(i.main) refers to main.o(i._Z18SystemClock_Configv) for SystemClock_Config()
    main.o(i.main) refers to gpio.o(i.MX_GPIO_Init) for MX_GPIO_Init
    main.o(i.main) refers to dma.o(i.MX_DMA_Init) for MX_DMA_Init
    main.o(i.main) refers to can.o(i.MX_CAN_Init) for MX_CAN_Init
    main.o(i.main) refers to usart.o(i.MX_USART1_UART_Init) for MX_USART1_UART_Init
    main.o(i.main) refers to usart.o(i.MX_USART3_UART_Init) for MX_USART3_UART_Init
    main.o(i.main) refers to usart.o(i.MX_USART2_UART_Init) for MX_USART2_UART_Init
    main.o(i.main) refers to stm32f1xx_hal_can.o(i.HAL_CAN_ConfigFilter) for HAL_CAN_ConfigFilter
    main.o(i.main) refers to stm32f1xx_hal_can.o(i.HAL_CAN_Start) for HAL_CAN_Start
[...]
    EXTI1_IRQHandler                         0x08000297   Thumb Code     0  startup_stm32f103xe.o(.text)
    EXTI2_IRQHandler                         0x08000297   Thumb Code     0  startup_stm32f103xe.o(.text)
    EXTI3_IRQHandler                         0x08000297   Thumb Code     0  startup_stm32f103xe.o(.text)
    EXTI4_IRQHandler                         0x08000297   Thumb Code     0  startup_stm32f103xe.o(.text)
    EXTI9_5_IRQHandler                       0x08000297   Thumb Code     0  startup_stm32f103xe.o(.text)
    FLASH_IRQHandler                         0x08000297   Thumb Code     0  startup_stm32f103xe.o(.text)
    FSMC_IRQHandler                          0x08000297   Thumb Code     0  startup_stm32f103xe.o(.text)
    I2C1_ER_IRQHandler                       0x08000297   Thumb Code     0  startup_stm32f103xe.o(.text)
    I2C1_EV_IRQHandler                       0x08000297   Thumb Code     0  startup_stm32f103xe.o(.text)
    I2C2_ER_IRQHandler                       0x08000297   Thumb Code     0  startup_stm32f103xe.o(.text)
    I2C2_EV_IRQHandler                       0x08000297   Thumb Code     0  startup_stm32f103xe.o(.text)
    PVD_IRQHandler                           0x08000297   Thumb Code     0  startup_stm32f103xe.o(.text)
    RCC_IRQHandler                           0x08000297   Thumb Code     0  startup_stm32f103xe.o(.text)
    RTC_Alarm_IRQHandler                     0x08000297   Thumb Code     0  startup_stm32f103xe.o(.text)
    RTC_IRQHandler                           0x08000297   Thumb Code     0  startup_stm32f103xe.o(.text)
    SDIO_IRQHandler                          0x08000297   Thumb Code     0  startup_stm32f103xe.o(.text)
    SPI1_IRQHandler                          0x08000297   Thumb Code     0  startup_stm32f103xe.o(.text)
    SPI2_IRQHandler                          0x08000297   Thumb Code     0  startup_stm32f103xe.o(.text)
    SPI3_IRQHandler                          0x08000297   Thumb Code     0  startup_stm32f103xe.o(.text)
    TAMPER_IRQHandler                        0x08000297   Thumb Code     0  startup_stm32f103xe.o(.text)
    TIM1_BRK_IRQHandler                      0x08000297   Thumb Code     0  startup_stm32f103xe.o(.text)
    TIM1_CC_IRQHandler                       0x08000297   Thumb Code     0  startup_stm32f103xe.o(.text)
    TIM1_TRG_COM_IRQHandler                  0x08000297   Thumb Code     0  startup_stm32f103xe.o(.text)
    TIM1_UP_IRQHandler                       0x08000297   Thumb Code     0  startup_stm32f103xe.o(.text)
    TIM2_IRQHandler                          0x08000297   Thumb Code     0  startup_stm32f103xe.o(.text)
    TIM3_IRQHandler                          0x08000297   Thumb Code     0  startup_stm32f103xe.o(.text)
    TIM4_IRQHandler                          0x08000297   Thumb Code     0  startup_stm32f103xe.o(.text)
    TIM5_IRQHandler                          0x08000297   Thumb Code     0  startup_stm32f103xe.o(.text)
    TIM6_IRQHandler                          0x08000297   Thumb Code     0  startup_stm32f103xe.o(.text)
    TIM7_IRQHandler                          0x08000297   Thumb Code     0  startup_stm32f103xe.o(.text)
    TIM8_BRK_IRQHandler                      0x08000297   Thumb Code     0  startup_stm32f103xe.o(.text)
    TIM8_CC_IRQHandler                       0x08000297   Thumb Code     0  startup_stm32f103xe.o(.text)
    TIM8_TRG_COM_IRQHandler                  0x08000297   Thumb Code     0  startup_stm32f103xe.o(.text)
    TIM8_UP_IRQHandler                       0x08000297   Thumb Code     0  startup_stm32f103xe.o(.text)
    UART4_IRQHandler                         0x08000297   Thumb Code     0  startup_stm32f103xe.o(.text)
    UART5_IRQHandler                         0x08000297   Thumb Code     0  startup_stm32f103xe.o(.text)
    USBWakeUp_IRQHandler                     0x08000297   Thumb Code     0  startup_stm32f103xe.o(.text)
    USB_HP_CAN1_TX_IRQHandler                0x08000297   Thumb Code     0  startup_stm32f103xe.o(.text)
    WWDG_IRQHandler                          0x08000297   Thumb Code     0  startup_stm32f103xe.o(.text)
    __user_initial_stackheap                 0x08000299   Thumb Code     0  startup_stm32f103xe.o(.text)
    vsnprintf                                0x080002bd   Thumb Code    48  vsnprintf.o(.text)
    __aeabi_memcpy                           0x080002f1   Thumb Code     0  rt_memcpy_v6.o(.text)
    __rt_memcpy                              0x080002f1   Thumb Code   138  rt_memcpy_v6.o(.text)
    _memcpy_lastbytes                        0x08000357   Thumb Code     0  rt_memcpy_v6.o(.text)
    __aeabi_memcpy4                          0x0800037b   Thumb Code     0  rt_memcpy_w.o(.text)
    __aeabi_memcpy8                          0x0800037b   Thumb Code     0  rt_memcpy_w.o(.text)
    __rt_memcpy_w                            0x0800037b   Thumb Code   100  rt_memcpy_w.o(.text)
    _memcpy_lastbytes_aligned                0x080003c3   Thumb Code     0  rt_memcpy_w.o(.text)
    __aeabi_memclr4                          0x080003df   Thumb Code     0  rt_memclr_w.o(.text)
    __aeabi_memclr8                          0x080003df   Thumb Code     0  rt_memclr_w.o(.text)
    __rt_memclr_w                            0x080003df   Thumb Code    78  rt_memclr_w.o(.text)
    _memset_w                                0x080003e3   Thumb Code     0  rt_memclr_w.o(.text)
    __use_two_region_memory                  0x0800042d   Thumb Code     2  heapauxi.o(.text)
    __rt_heap_escrow$2region                 0x0800042f   Thumb Code     2  heapauxi.o(.text)
    __rt_heap_expand$2region                 0x08000431   Thumb Code     2  heapauxi.o(.text)
    __cpp_initialize__aeabi_                 0x08000435   Thumb Code    26  init_aeabi.o(.text)
    _printf_pre_padding                      0x08000459   Thumb Code    44  _printf_pad.o(.text)
    _printf_post_padding                     0x08000485   Thumb Code    34  _printf_pad.o(.text)
    _printf_truncate_signed                  0x080004a7   Thumb Code    18  _printf_truncate.o(.text)
    _printf_truncate_unsigned                0x080004b9   Thumb Code    18  _printf_truncate.o(.text)
    _printf_str                              0x080004cb   Thumb Code    82  _printf_str.o(.text)
    _printf_int_dec                          0x0800051d   Thumb Code   104  _printf_dec.o(.text)
    _printf_charcount                        0x08000595   Thumb Code    40  _printf_charcount.o(.text)
    _printf_char_common                      0x080005c7   Thumb Code    32  _printf_char_common.o(.text)
    _sputc                                   0x080005ed   Thumb Code    10  _sputc.o(.text)
    _snputc                                  0x080005f7   Thumb Code    16  _snputc.o(.text)
    _printf_wctomb                           0x08000609   Thumb Code   182  _printf_wctomb.o(.text)
    _printf_longlong_dec                     0x080006c5   Thumb Code   108  _printf_longlong_dec.o(.text)
    _printf_longlong_oct                     0x08000741   Thumb Code    66  _printf_oct_int_ll.o(.text)
    _printf_int_oct                          0x08000783   Thumb Code    24  _printf_oct_int_ll.o(.text)
    _printf_ll_oct                           0x0800079b   Thumb Code    12  _printf_oct_int_ll.o(.text)
    _printf_longlong_hex                     0x080007b1   Thumb Code    86  _printf_hex_int_ll_ptr.o(.text)
    _printf_int_hex                          0x08000807   Thumb Code    28  _printf_hex_int_ll_ptr.o(.text)
    _printf_ll_hex                           0x08000823   Thumb Code    12  _printf_hex_int_ll_ptr.o(.text)
    _printf_hex_ptr                          0x0800082f   Thumb Code    18  _printf_hex_int_ll_ptr.o(.text)
    __printf                                 0x08000845   Thumb Code   388  __printf_flags_ss_wp.o(.text)
    __strtof_int                             0x080009cd   Thumb Code    26  strtof.o(.text)
    _ll_udiv10                               0x080009e7   Thumb Code   138  lludiv10.o(.text)
    _printf_int_common                       0x08000a71   Thumb Code   178  _printf_intcommon.o(.text)
    __lib_sel_fp_printf                      0x08000b23   Thumb Code     2  _printf_fp_dec.o(.text)
    _printf_fp_dec_real                      0x08000cd5   Thumb Code   620  _printf_fp_dec.o(.text)
    _printf_fp_hex_real                      0x08000f41   Thumb Code   756  _printf_fp_hex.o(.text)
    _printf_cs_common                        0x0800123d   Thumb Code    20  _printf_char.o(.text)
    _printf_char                             0x08001251   Thumb Code    16  _printf_char.o(.text)
    _printf_string                           0x08001261   Thumb Code     8  _printf_char.o(.text)
    _printf_lcs_common                       0x08001269   Thumb Code    20  _printf_wchar.o(.text)
    _printf_wchar                            0x0800127d   Thumb Code    16  _printf_wchar.o(.text)
    _printf_wstring                          0x0800128d   Thumb Code     8  _printf_wchar.o(.text)
    __strtod_int                             0x080012d1   Thumb Code    90  strtod.o(.text)
    _wcrtomb                                 0x08001339   Thumb Code    64  _wcrtomb.o(.text)
    __user_setup_stackheap                   0x08001379   Thumb Code    74  sys_stackheap_outer.o(.text)
    __rt_ctype_table                         0x080013c5   Thumb Code    16  rt_ctype_table.o(.text)
    __rt_locale                              0x080013d5   Thumb Code     8  rt_locale_intlibspace.o(.text)
    __read_errno                             0x080013dd   Thumb Code    10  _rserrno.o(.text)
    __set_errno                              0x080013e7   Thumb Code    12  _rserrno.o(.text)
    isspace                                  0x080013f3   Thumb Code    18  isspace.o(.text)
    _printf_fp_infnan                        0x08001405   Thumb Code   112  _printf_fp_infnan.o(.text)
    _sgetc                                   0x08001485   Thumb Code    30  _sgetc.o(.text)
    _sbackspace                              0x080014a3   Thumb Code    34  _sgetc.o(.text)
    _btod_etento                             0x080014c5   Thumb Code   224  bigflt0.o(.text)
    exit                                     0x080015a9   Thumb Code    18  exit.o(.text)
    __user_libspace                          0x080015bd   Thumb Code     8  libspace.o(.text)
    __user_perproc_libspace                  0x080015bd   Thumb Code     0  libspace.o(.text)
    __user_perthread_libspace                0x080015bd   Thumb Code     0  libspace.o(.text)
    __aeabi_errno_addr                       0x080015c5   Thumb Code     8  rt_errno_addr_intlibspace.o(.text)
    __errno$intlibspace                      0x080015c5   Thumb Code     0  rt_errno_addr_intlibspace.o(.text)
    __rt_errno_addr$intlibspace              0x080015c5   Thumb Code     0  rt_errno_addr_intlibspace.o(.text)
    _scanf_really_real                       0x08001819   Thumb Code   684  scanf_fp.o(.text)
    strcmp                                   0x08001ac5   Thumb Code   128  strcmpv7m.o(.text)
    __I$use$semihosting                      0x08001b45   Thumb Code     0  use_no_semi.o(.text)
    __use_no_semihosting_swi                 0x08001b45   Thumb Code     2  use_no_semi.o(.text)
    __semihosting_library_function           0x08001b47   Thumb Code     0  indicate_semi.o(.text)
    _sys_exit                                0x08001b49   Thumb Code     8  sys_exit.o(.text)
    _scanf_really_hex_real                   0x08001b55   Thumb Code   786  scanf_hexfp.o(.text)
    _scanf_really_infnan                     0x08001e75   Thumb Code   292  scanf_infnan.o(.text)
    __aeabi_llsl                             0x08001fa9   Thumb Code     0  llshl.o(.text)
    _ll_shift_l                              0x08001fa9   Thumb Code    38  llshl.o(.text)
    _chval                                   0x08001fcf   Thumb Code    28  _chval.o(.text)
    _btod_d2e                                0x08001feb   Thumb Code    62  btod.o(CL$$btod_d2e)
    _d2e_denorm_low                          0x08002029   Thumb Code    70  btod.o(CL$$btod_d2e_denorm_low)
    _d2e_norm_op1                            0x0800206f   Thumb Code    96  btod.o(CL$$btod_d2e_norm_op1)
    __btod_div_common                        0x080020cf   Thumb Code   696  btod.o(CL$$btod_div_common)
    _e2d                                     0x08002409   Thumb Code   122  btod.o(CL$$btod_e2d)
    _e2e                                     0x0800248d   Thumb Code   220  btod.o(CL$$btod_e2e)
    _btod_ediv                               0x08002569   Thumb Code    42  btod.o(CL$$btod_ediv)
    _btod_edivd                              0x08002593   Thumb Code    42  btod.o(CL$$btod_edivd)
    _btod_emul                               0x080025bd   Thumb Code    42  btod.o(CL$$btod_emul)
    _btod_emuld                              0x080025e7   Thumb Code    42  btod.o(CL$$btod_emuld)
    __btod_mult_common                       0x08002611   Thumb Code   580  btod.o(CL$$btod_mult_common)
    BusFault_Handler                         0x08002855   Thumb Code     2  stm32f1xx_it.o(i.BusFault_Handler)
    DEBUGC_UartIdleCallback                  0x08002859   Thumb Code   464  debugc.o(i.DEBUGC_UartIdleCallback)
    DEBUGC_UartInit                          0x08002a35   Thumb Code    22  debugc.o(i.DEBUGC_UartInit)
    DEBUGC_UartIrqHandler                    0x08002a55   Thumb Code    34  debugc.o(i.DEBUGC_UartIrqHandler)
    DMA1_Channel2_IRQHandler                 0x08002a7d   Thumb Code     6  stm32f1xx_it.o(i.DMA1_Channel2_IRQHandler)
    DMA1_Channel3_IRQHandler                 0x08002a89   Thumb Code     6  stm32f1xx_it.o(i.DMA1_Channel3_IRQHandler)
    DMA1_Channel4_IRQHandler                 0x08002a95   Thumb Code     6  stm32f1xx_it.o(i.DMA1_Channel4_IRQHandler)
    DMA1_Channel5_IRQHandler                 0x08002aa1   Thumb Code     6  stm32f1xx_it.o(i.DMA1_Channel5_IRQHandler)
    DMA1_Channel6_IRQHandler                 0x08002aad   Thumb Code     6  stm32f1xx_it.o(i.DMA1_Channel6_IRQHandler)
    DMA1_Channel7_IRQHandler                 0x08002ab9   Thumb Code     6  stm32f1xx_it.o(i.DMA1_Channel7_IRQHandler)
    DebugMon_Handler                         0x08002aef   Thumb Code     2  stm32f1xx_it.o(i.DebugMon_Handler)
    Error_Handler                            0x08002af1   Thumb Code     4  main.o(i.Error_Handler)
    HAL_CAN_ActivateNotification             0x08002af5   Thumb Code    36  stm32f1xx_hal_can.o(i.HAL_CAN_ActivateNotification)
    HAL_CAN_AddTxMessage                     0x08002b19   Thumb Code   208  stm32f1xx_hal_can.o(i.HAL_CAN_AddTxMessage)
    HAL_CAN_ConfigFilter                     0x08002be9   Thumb Code   236  stm32f1xx_hal_can.o(i.HAL_CAN_ConfigFilter)
    HAL_CAN_ErrorCallback                    0x08002cd5   Thumb Code     2  stm32f1xx_hal_can.o(i.HAL_CAN_ErrorCallback)
    HAL_CAN_GetRxMessage                     0x08002cd7   Thumb Code   244  stm32f1xx_hal_can.o(i.HAL_CAN_GetRxMessage)
    HAL_CAN_IRQHandler                       0x08002dcb   Thumb Code   508  stm32f1xx_hal_can.o(i.HAL_CAN_IRQHandler)
    HAL_CAN_Init                             0x08002fc7   Thumb Code   282  stm32f1xx_hal_can.o(i.HAL_CAN_Init)
    HAL_CAN_MspInit                          0x080030e1   Thumb Code   112  can.o(i.HAL_CAN_MspInit)
    HAL_CAN_RxFifo0FullCallback              0x0800315d   Thumb Code     2  stm32f1xx_hal_can.o(i.HAL_CAN_RxFifo0FullCallback)
    HAL_CAN_RxFifo0MsgPendingCallback        0x08003161   Thumb Code    46  main.o(i.HAL_CAN_RxFifo0MsgPendingCallback)
    HAL_CAN_RxFifo1FullCallback              0x08003199   Thumb Code     2  stm32f1xx_hal_can.o(i.HAL_CAN_RxFifo1FullCallback)
    HAL_CAN_RxFifo1MsgPendingCallback        0x0800319b   Thumb Code     2  stm32f1xx_hal_can.o(i.HAL_CAN_RxFifo1MsgPendingCallback)
    HAL_CAN_SleepCallback                    0x0800319d   Thumb Code     2  stm32f1xx_hal_can.o(i.HAL_CAN_SleepCallback)
    HAL_CAN_Start                            0x0800319f   Thumb Code    86  stm32f1xx_hal_can.o(i.HAL_CAN_Start)
    HAL_CAN_TxMailbox0AbortCallback          0x080031f5   Thumb Code     2  stm32f1xx_hal_can.o(i.HAL_CAN_TxMailbox0AbortCallback)
    HAL_CAN_TxMailbox0CompleteCallback       0x080031f7   Thumb Code     2  stm32f1xx_hal_can.o(i.HAL_CAN_TxMailbox0CompleteCallback)
    HAL_CAN_TxMailbox1AbortCallback          0x080031f9   Thumb Code     2  stm32f1xx_hal_can.o(i.HAL_CAN_TxMailbox1AbortCallback)
    HAL_CAN_TxMailbox1CompleteCallback       0x080031fb   Thumb Code     2  stm32f1xx_hal_can.o(i.HAL_CAN_TxMailbox1CompleteCallback)
    HAL_CAN_TxMailbox2AbortCallback          0x080031fd   Thumb Code     2  stm32f1xx_hal_can.o(i.HAL_CAN_TxMailbox2AbortCallback)
    HAL_CAN_TxMailbox2CompleteCallback       0x080031ff   Thumb Code     2  stm32f1xx_hal_can.o(i.HAL_CAN_TxMailbox2CompleteCallback)
    HAL_CAN_WakeUpFromRxMsgCallback          0x08003201   Thumb Code     2  stm32f1xx_hal_can.o(i.HAL_CAN_WakeUpFromRxMsgCallback)
    HAL_DMA_Abort                            0x08003203   Thumb Code    70  stm32f1xx_hal_dma.o(i.HAL_DMA_Abort)
    HAL_DMA_Abort_IT                         0x08003249   Thumb Code   296  stm32f1xx_hal_dma.o(i.HAL_DMA_Abort_IT)
    HAL_DMA_IRQHandler                       0x08003379   Thumb Code   552  stm32f1xx_hal_dma.o(i.HAL_DMA_IRQHandler)
    HAL_DMA_Init                             0x080035c1   Thumb Code   112  stm32f1xx_hal_dma.o(i.HAL_DMA_Init)
    HAL_DMA_Start_IT                         0x0800363d   Thumb Code   112  stm32f1xx_hal_dma.o(i.HAL_DMA_Start_IT)
    HAL_Delay                                0x080036ad   Thumb Code    32  stm32f1xx_hal.o(i.HAL_Delay)
    HAL_GPIO_Init                            0x080036d1   Thumb Code   454  stm32f1xx_hal_gpio.o(i.HAL_GPIO_Init)
    HAL_GetTick                              0x080038c1   Thumb Code     6  stm32f1xx_hal.o(i.HAL_GetTick)
    HAL_IncTick                              0x080038cd   Thumb Code    12  stm32f1xx_hal.o(i.HAL_IncTick)
    HAL_Init                                 0x080038dd   Thumb Code    32  stm32f1xx_hal.o(i.HAL_Init)
    HAL_InitTick                             0x08003901   Thumb Code    54  stm32f1xx_hal.o(i.HAL_InitTick)
    HAL_MspInit                              0x08003941   Thumb Code    52  stm32f1xx_hal_msp.o(i.HAL_MspInit)
    HAL_NVIC_EnableIRQ                       0x0800397d   Thumb Code    26  stm32f1xx_hal_cortex.o(i.HAL_NVIC_EnableIRQ)
    HAL_NVIC_SetPriority                     0x08003999   Thumb Code    60  stm32f1xx_hal_cortex.o(i.HAL_NVIC_SetPriority)
    HAL_NVIC_SetPriorityGrouping             0x080039d9   Thumb Code    26  stm32f1xx_hal_cortex.o(i.HAL_NVIC_SetPriorityGrouping)
    HAL_RCC_ClockConfig                      0x080039fd   Thumb Code   292  stm32f1xx_hal_rcc.o(i.HAL_RCC_ClockConfig)
    HAL_RCC_GetPCLK1Freq                     0x08003b35   Thumb Code    20  stm32f1xx_hal_rcc.o(i.HAL_RCC_GetPCLK1Freq)
    HAL_RCC_GetPCLK2Freq                     0x08003b55   Thumb Code    20  stm32f1xx_hal_rcc.o(i.HAL_RCC_GetPCLK2Freq)
    HAL_RCC_GetSysClockFreq                  0x08003b75   Thumb Code    58  stm32f1xx_hal_rcc.o(i.HAL_RCC_GetSysClockFreq)
    HAL_RCC_OscConfig                        0x08003bc1   Thumb Code   770  stm32f1xx_hal_rcc.o(i.HAL_RCC_OscConfig)
    HAL_SYSTICK_Config                       0x08003ed9   Thumb Code    40  stm32f1xx_hal_cortex.o(i.HAL_SYSTICK_Config)
    HAL_UARTEx_RxEventCallback               0x08003f01   Thumb Code     2  stm32f1xx_hal_uart.o(i.HAL_UARTEx_RxEventCallback)
    HAL_UART_DMAStop                         0x08003f03   Thumb Code   112  stm32f1xx_hal_uart.o(i.HAL_UART_DMAStop)
    HAL_UART_ErrorCallback                   0x08003f73   Thumb Code     2  stm32f1xx_hal_uart.o(i.HAL_UART_ErrorCallback)
    HAL_UART_IRQHandler                      0x08003f75   Thumb Code   616  stm32f1xx_hal_uart.o(i.HAL_UART_IRQHandler)
    HAL_UART_Init                            0x080041e1   Thumb Code   100  stm32f1xx_hal_uart.o(i.HAL_UART_Init)
    HAL_UART_MspInit                         0x08004245   Thumb Code   600  usart.o(i.HAL_UART_MspInit)
    HAL_UART_Receive_DMA                     0x080044c5   Thumb Code    28  stm32f1xx_hal_uart.o(i.HAL_UART_Receive_DMA)
    HAL_UART_RxCpltCallback                  0x080044e1   Thumb Code     2  stm32f1xx_hal_uart.o(i.HAL_UART_RxCpltCallback)
    HAL_UART_RxHalfCpltCallback              0x080044e3   Thumb Code     2  stm32f1xx_hal_uart.o(i.HAL_UART_RxHalfCpltCallback)
    HAL_UART_Transmit_DMA                    0x080044e5   Thumb Code   110  stm32f1xx_hal_uart.o(i.HAL_UART_Transmit_DMA)
    HAL_UART_TxCpltCallback                  0x08004561   Thumb Code     2  stm32f1xx_hal_uart.o(i.HAL_UART_TxCpltCallback)
    HAL_UART_TxHalfCpltCallback              0x08004563   Thumb Code     2  stm32f1xx_hal_uart.o(i.HAL_UART_TxHalfCpltCallback)
    HardFault_Handler                        0x08004565   Thumb Code     2  stm32f1xx_it.o(i.HardFault_Handler)
    JETSON_Init                              0x08004569   Thumb Code    24  jetson_comm.o(i.JETSON_Init)
    JETSON_PollReceiver                      0x0800458d   Thumb Code    60  jetson_comm.o(i.JETSON_PollReceiver)
    JETSON_SendData                          0x080045d5   Thumb Code    54  jetson_comm.o(i.JETSON_SendData)
    MX_CAN_Init                              0x08004615   Thumb Code    60  can.o(i.MX_CAN_Init)
    MX_DMA_Init                              0x08004659   Thumb Code   120  dma.o(i.MX_DMA_Init)
    MX_GPIO_Init                             0x080046d5   Thumb Code    38  gpio.o(i.MX_GPIO_Init)
    MX_USART1_UART_Init                      0x08004701   Thumb Code    48  usart.o(i.MX_USART1_UART_Init)
    MX_USART2_UART_Init                      0x08004739   Thumb Code    48  usart.o(i.MX_USART2_UART_Init)
    MX_USART3_UART_Init                      0x08004771   Thumb Code    48  usart.o(i.MX_USART3_UART_Init)
    MemManage_Handler                        0x080047a9   Thumb Code     2  stm32f1xx_it.o(i.MemManage_Handler)
    NMI_Handler                              0x080047ab   Thumb Code     2  stm32f1xx_it.o(i.NMI_Handler)
    PendSV_Handler                           0x080047ad   Thumb Code     2  stm32f1xx_it.o(i.PendSV_Handler)
    SVC_Handler                              0x08004809   Thumb Code     2  stm32f1xx_it.o(i.SVC_Handler)
    SysTick_Handler                          0x0800480b   Thumb Code     4  stm32f1xx_it.o(i.SysTick_Handler)
    SystemInit                               0x0800480f   Thumb Code     2  system_stm32f1xx.o(i.SystemInit)
    UART_Start_Receive_DMA                   0x08004b41   Thumb Code   134  stm32f1xx_hal_uart.o(i.UART_Start_Receive_DMA)
    USART1_IRQHandler                        0x08004bd5   Thumb Code     6  stm32f1xx_it.o(i.USART1_IRQHandler)
    USART2_IRQHandler                        0x08004be1   Thumb Code    18  stm32f1xx_it.o(i.USART2_IRQHandler)
    USART3_IRQHandler                        0x08004bf9   Thumb Code     6  stm32f1xx_it.o(i.USART3_IRQHandler)
    USB_LP_CAN1_RX0_IRQHandler               0x08004c05   Thumb Code     6  stm32f1xx_it.o(i.USB_LP_CAN1_RX0_IRQHandler)
    UsageFault_Handler                       0x08004c11   Thumb Code     2  stm32f1xx_it.o(i.UsageFault_Handler)
    Byte_to_float(unsigned char*)            0x08004c13   Thumb Code    22  robstride01.o(i._Z13Byte_to_floatPh)
    float_to_uint(float, float, float, int)  0x08004c29   Thumb Code    86  robstride01.o(i._Z13float_to_uintfffi)
    uint16_to_float(unsigned short, float, float, int) 0x08004c7f   Thumb Code    60  robstride01.o(i._Z15uint16_to_floattffi)
    SystemClock_Config()                     0x08004cbb   Thumb Code    92  main.o(i._Z18SystemClock_Configv)
    mapFaults(unsigned short)                0x08004d17   Thumb Code    52  robstride01.o(i._Z9mapFaultst)
    RobStride_Motor::Set_ZeroPos()           0x08004d4d   Thumb Code    72  robstride01.o(i._ZN15RobStride_Motor11Set_ZeroPosEv)
    RobStride_Motor::Enable_Motor()          0x08004d9d   Thumb Code    68  robstride01.o(i._ZN15RobStride_Motor12Enable_MotorEv)
    RobStride_Motor::Disenable_Motor(unsigned char) 0x08004de9   Thumb Code    90  robstride01.o(i._ZN15RobStride_Motor15Disenable_MotorEh)
    RobStride_Motor::RobStride_Motor_Analysis(unsigned char*, unsigned) 0x08004e4d   Thumb Code   504  robstride01.o(i._ZN15RobStride_Motor24RobStride_Motor_AnalysisEPhj)
    RobStride_Motor::RobStride_Motor_MIT_Enable() 0x08005069   Thumb Code    72  robstride01.o(i._ZN15RobStride_Motor26RobStride_Motor_MIT_EnableEv)
    RobStride_Motor::RobStride_Motor_CSP_control(float, float) 0x080050b9   Thumb Code   100  robstride01.o(i._ZN15RobStride_Motor27RobStride_Motor_CSP_controlEff)
    RobStride_Motor::RobStride_Motor_MIT_Control(float, float, float, float, float) 0x08005121   Thumb Code   238  robstride01.o(i._ZN15RobStride_Motor27RobStride_Motor_MIT_ControlEfffff)
    RobStride_Motor::RobStride_Motor_MIT_Disable() 0x08005239   Thumb Code    72  robstride01.o(i._ZN15RobStride_Motor27RobStride_Motor_MIT_DisableEv)
    RobStride_Motor::RobStride_Motor_Pos_control(float, float) 0x08005289   Thumb Code   102  robstride01.o(i._ZN15RobStride_Motor27RobStride_Motor_Pos_controlEff)
    RobStride_Motor::RobStride_Motor_MotorModeSet(unsigned char) 0x080052f1   Thumb Code    94  robstride01.o(i._ZN15RobStride_Motor28RobStride_Motor_MotorModeSetEh)
    RobStride_Motor::RobStride_Motor_move_control(float, float, float, float, float) 0x08005359   Thumb Code   278  robstride01.o(i._ZN15RobStride_Motor28RobStride_Motor_move_controlEfffff)
    RobStride_Motor::Get_RobStride_Motor_parameter(unsigned short) 0x08005499   Thumb Code    62  robstride01.o(i._ZN15RobStride_Motor29Get_RobStride_Motor_parameterEt)
    RobStride_Motor::RobStride_Motor_MotorDataSave() 0x080054e1   Thumb Code    96  robstride01.o(i._ZN15RobStride_Motor29RobStride_Motor_MotorDataSaveEv)
    RobStride_Motor::RobStride_Motor_Speed_control(float, float) 0x08005549   Thumb Code    96  robstride01.o(i._ZN15RobStride_Motor29RobStride_Motor_Speed_controlEff)
    RobStride_Motor::Set_RobStride_Motor_parameter(unsigned short, float, char) 0x080055ad   Thumb Code   118  robstride01.o(i._ZN15RobStride_Motor29Set_RobStride_Motor_parameterEtfc)
    RobStride_Motor::RobStride_Motor_BaudRateChange(unsigned char) 0x0800562d   Thumb Code    94  robstride01.o(i._ZN15RobStride_Motor30RobStride_Motor_BaudRateChangeEh)
    RobStride_Motor::RobStride_Motor_MIT_SetMotorId(unsigned char) 0x08005695   Thumb Code    74  robstride01.o(i._ZN15RobStride_Motor30RobStride_Motor_MIT_SetMotorIdEh)
    RobStride_Motor::RobStride_Motor_MIT_SetZeroPos() 0x080056e9   Thumb Code    74  robstride01.o(i._ZN15RobStride_Motor30RobStride_Motor_MIT_SetZeroPosEv)
    RobStride_Motor::RobStride_Motor_current_control(float) 0x0800573d   Thumb Code    66  robstride01.o(i._ZN15RobStride_Motor31RobStride_Motor_current_controlEf)
    RobStride_Motor::RobStride_Motor_MIT_MotorModeSet(unsigned char) 0x08005785   Thumb Code    74  robstride01.o(i._ZN15RobStride_Motor32RobStride_Motor_MIT_MotorModeSetEh)
    RobStride_Motor::RobStride_Motor_MIT_SetMotorType(unsigned char) 0x080057d9   Thumb Code    74  robstride01.o(i._ZN15RobStride_Motor32RobStride_Motor_MIT_SetMotorTypeEh)
    RobStride_Motor::RobStride_Motor_MIT_SpeedControl(float, float) 0x0800582d   Thumb Code    46  robstride01.o(i._ZN15RobStride_Motor32RobStride_Motor_MIT_SpeedControlEff)
    RobStride_Motor::RobStride_Motor_MIT_PositionControl(float, float) 0x08005865   Thumb Code    46  robstride01.o(i._ZN15RobStride_Motor35RobStride_Motor_MIT_PositionControlEff)
    RobStride_Motor::RobStride_Motor_MIT_ClearOrCheckError(unsigned char) 0x0800589d   Thumb Code    74  robstride01.o(i._ZN15RobStride_Motor37RobStride_Motor_MIT_ClearOrCheckErrorEh)
    RobStride_Motor::RobStride_Motor_ProactiveEscalationSet(unsigned char) 0x080058f1   Thumb Code    94  robstride01.o(i._ZN15RobStride_Motor38RobStride_Motor_ProactiveEscalationSetEh)
    RobStride_Motor::RobStride_Motor(unsigned char, bool) 0x08005959   Thumb Code    36  robstride01.o(i._ZN15RobStride_MotorC1Ehb)
    RobStride_Motor::RobStride_Motor__sub_object(unsigned char, bool) 0x08005959   Thumb Code     0  robstride01.o(i._ZN15RobStride_MotorC1Ehb)
    data_read_write::data_read_write(const unsigned short*) 0x08005981   Thumb Code    76  robstride01.o(i._ZN15data_read_writeC1EPKt)
    data_read_write::data_read_write__sub_object(const unsigned short*) 0x08005981   Thumb Code     0  robstride01.o(i._ZN15data_read_writeC1EPKt)
    __ARM_fpclassify                         0x080059cd   Thumb Code    40  fpclassify.o(i.__ARM_fpclassify)
    __mathlib_dbl_overflow                   0x08005a15   Thumb Code    14  dunder.o(i.__mathlib_dbl_overflow)
    __mathlib_dbl_underflow                  0x08005a25   Thumb Code    10  dunder.o(i.__mathlib_dbl_underflow)
    __mathlib_narrow                         0x08005a35   Thumb Code    16  narrow.o(i.__mathlib_narrow)
    __mathlib_tofloat                        0x08005a45   Thumb Code   184  narrow.o(i.__mathlib_tofloat)
    __support_ldexp                          0x08005b11   Thumb Code    22  ldexp.o(i.__support_ldexp)
    _is_digit                                0x08005b27   Thumb Code    14  __printf_wp.o(i._is_digit)
    frexp                                    0x08005b35   Thumb Code    80  frexp.o(i.frexp)
    ldexp                                    0x08005b8d   Thumb Code   116  ldexp.o(i.ldexp)
    main                                     0x08005c01   Thumb Code   642  main.o(i.main)
    strtof                                   0x08005ecd   Thumb Code    20  strtof.o(i.strtof)
    usart_printf                             0x08005ee1   Thumb Code    34  debugc.o(i.usart_printf)
    _get_lc_numeric                          0x08005f0d   Thumb Code    44  lc_numeric_c.o(locale$$code)
    _get_lc_ctype                            0x08005f39   Thumb Code    44  lc_ctype_c.o(locale$$code)
    __aeabi_d2f                              0x08005f65   Thumb Code     0  d2f.o(x$fpl$d2f)
    _d2f                                     0x08005f65   Thumb Code    98  d2f.o(x$fpl$d2f)
    __fpl_dcheck_NaN1                        0x08005fc9   Thumb Code    10  dcheck1.o(x$fpl$dcheck1)
    __fpl_dcmp_Inf                           0x08005fd9   Thumb Code    24  dcmpi.o(x$fpl$dcmpinf)
    __aeabi_cdcmpeq                          0x08005ff1   Thumb Code     0  deqf.o(x$fpl$deqf)
    _dcmpeq                                  0x08005ff1   Thumb Code   120  deqf.o(x$fpl$deqf)
    __aeabi_ui2d                             0x08006069   Thumb Code     0  dflt_clz.o(x$fpl$dfltu)
    _dfltu                                   0x08006069   Thumb Code    38  dflt_clz.o(x$fpl$dfltu)
    __aeabi_cdcmple                          0x08006091   Thumb Code     0  dleqf.o(x$fpl$dleqf)
    _dcmple                                  0x08006091   Thumb Code   120  dleqf.o(x$fpl$dleqf)
    __fpl_dcmple_InfNaN                      0x080060f3   Thumb Code     0  dleqf.o(x$fpl$dleqf)
    __aeabi_dmul                             0x08006109   Thumb Code     0  dmul.o(x$fpl$dmul)
    _dmul                                    0x08006109   Thumb Code   332  dmul.o(x$fpl$dmul)
    __fpl_dnaninf                            0x0800625d   Thumb Code   156  dnaninf.o(x$fpl$dnaninf)
    __fpl_dretinf                            0x080062f9   Thumb Code    12  dretinf.o(x$fpl$dretinf)
    __aeabi_cdrcmple                         0x08006305   Thumb Code     0  drleqf.o(x$fpl$drleqf)
    _drcmple                                 0x08006305   Thumb Code   108  drleqf.o(x$fpl$drleqf)
    __aeabi_f2d                              0x08006371   Thumb Code     0  f2d.o(x$fpl$f2d)
    _f2d                                     0x08006371   Thumb Code    86  f2d.o(x$fpl$f2d)
    __aeabi_fadd                             0x080063c9   Thumb Code     0  faddsub_clz.o(x$fpl$fadd)
    _fadd                                    0x080063c9   Thumb Code   196  faddsub_clz.o(x$fpl$fadd)
    __fpl_fcmp_Inf                           0x0800648d   Thumb Code    24  fcmpi.o(x$fpl$fcmpinf)
    __aeabi_fdiv                             0x080064a5   Thumb Code     0  fdiv.o(x$fpl$fdiv)
    _fdiv                                    0x080064a5   Thumb Code   384  fdiv.o(x$fpl$fdiv)
    __aeabi_f2iz                             0x08006629   Thumb Code     0  ffix.o(x$fpl$ffix)
    _ffix                                    0x08006629   Thumb Code    54  ffix.o(x$fpl$ffix)
    __aeabi_f2uiz                            0x08006661   Thumb Code     0  ffixu.o(x$fpl$ffixu)
    _ffixu                                   0x08006661   Thumb Code    62  ffixu.o(x$fpl$ffixu)
    __aeabi_i2f                              0x080066a1   Thumb Code     0  fflt_clz.o(x$fpl$fflt)
    _fflt                                    0x080066a1   Thumb Code    48  fflt_clz.o(x$fpl$fflt)
    __aeabi_ui2f                             0x080066d1   Thumb Code     0  fflt_clz.o(x$fpl$ffltu)
    _ffltu                                   0x080066d1   Thumb Code    38  fflt_clz.o(x$fpl$ffltu)
    __aeabi_cfcmple                          0x080066f9   Thumb Code     0  fleqf.o(x$fpl$fleqf)
    _fcmple                                  0x080066f9   Thumb Code   104  fleqf.o(x$fpl$fleqf)
    __fpl_fcmple_InfNaN                      0x0800674b   Thumb Code     0  fleqf.o(x$fpl$fleqf)
    __aeabi_fmul                             0x08006761   Thumb Code     0  fmul.o(x$fpl$fmul)
    _fmul                                    0x08006761   Thumb Code   258  fmul.o(x$fpl$fmul)
    __fpl_fnaninf                            0x08006863   Thumb Code   140  fnaninf.o(x$fpl$fnaninf)
    __fpl_fretinf                            0x080068ef   Thumb Code    10  fretinf.o(x$fpl$fretinf)
    __aeabi_cfrcmple                         0x080068f9   Thumb Code     0  frleqf.o(x$fpl$frleqf)
    _frcmple                                 0x080068f9   Thumb Code    98  frleqf.o(x$fpl$frleqf)
    __aeabi_fsub                             0x0800695d   Thumb Code     0  faddsub_clz.o(x$fpl$fsub)
    _fsub                                    0x0800695d   Thumb Code   234  faddsub_clz.o(x$fpl$fsub)
    __ieee_status                            0x08006a47   Thumb Code     6  istatus.o(x$fpl$ieeestatus)
    _printf_fp_dec                           0x08006a4d   Thumb Code     4  printf1.o(x$fpl$printf1)
    _printf_fp_hex                           0x08006a51   Thumb Code     4  printf2.o(x$fpl$printf2)
    __fpl_return_NaN                         0x08006a55   Thumb Code   100  retnan.o(x$fpl$retnan)
    __ARM_scalbn                             0x08006ab9   Thumb Code    92  scalbn.o(x$fpl$scalbn)
    _scanf_real                              0x08006b15   Thumb Code     4  scanf1.o(x$fpl$scanf1)
    _scanf_hex_real                          0x08006b19   Thumb Code     4  scanf2.o(x$fpl$scanf2)
    _scanf_infnan                            0x08006b1d   Thumb Code     4  scanf2.o(x$fpl$scanf2)
    __fpl_cmpreturn                          0x08006b21   Thumb Code    48  trapv.o(x$fpl$trapveneer)
    AHBPrescTable                            0x08006b50   Data          16  system_stm32f1xx.o(.constdata)
    __I$use$fp                               0x08006b50   Number         0  usenofp.o(x$fpl$usenofp)
    APBPrescTable                            0x08006b60   Data           8  system_stm32f1xx.o(.constdata)
    Region$$Table$$Base                      0x08006c94   Number         0  anon$$obj.o(Region$$Table)
    Region$$Table$$Limit                     0x08006cb4   Number         0  anon$$obj.o(Region$$Table)
    __aeabi_HUGE_VAL                         0x08006cb4   Data           0  fpconst.o(c$$dinf)
    __aeabi_HUGE_VALL                        0x08006cb4   Data           0  fpconst.o(c$$dinf)
    __aeabi_INFINITY                         0x08006cb4   Data           0  fpconst.o(c$$dinf)
    __dInf                                   0x08006cb4   Data           0  fpconst.o(c$$dinf)
    __huge_val                               0x08006cb4   Data           0  fpconst.o(c$$dinf)
    __dbl_max                                0x08006cbc   Data           0  fpconst.o(c$$dmax)
    __ctype                                  0x08006ced   Data           0  lc_ctype_c.o(locale$$data)
    SHT$$INIT_ARRAY$$Base                    0x08006df0   Number         0  main.o(.init_array)
    SHT$$INIT_ARRAY$$Limit                   0x08006df4   Number         0  init_aeabi.o(.init_array)
    mode                                     0x20000000   Data           1  main.o(.data)
    RxData                                   0x20000001   Data           8  main.o(.data)
    SystemCoreClock                          0x2000000c   Data           4  system_stm32f1xx.o(.data)
    uwTickFreq                               0x20000010   Data           1  stm32f1xx_hal.o(.data)
    uwTickPrio                               0x20000014   Data           4  stm32f1xx_hal.o(.data)
    uwTick                                   0x20000018   Data           4  stm32f1xx_hal.o(.data)
    state_flag                               0x2000001c   Data           2  debugc.o(.data)
    pEnd                                     0x20000020   Data           4  debugc.o(.data)
    Mailbox                                  0x20000024   Data           4  robstride01.o(.data)
    g_new_jetson_data_flag                   0x20000029   Data           1  jetson_comm.o(.data)
    g_stm_tx_data                            0x20000038   Data          53  main.o(.bss)
    CAN_FilterStrue                          0x20000070   Data          40  main.o(.bss)
    RobStride_01                             0x20000098   Data         224  main.o(.bss)
    RXHeader                                 0x20000178   Data          28  main.o(.bss)
    hcan                                     0x20000194   Data          40  can.o(.bss)
    huart1                                   0x200001bc   Data          72  usart.o(.bss)
    huart2                                   0x20000204   Data          72  usart.o(.bss)
    huart3                                   0x2000024c   Data          72  usart.o(.bss)
    hdma_usart1_rx                           0x20000294   Data          68  usart.o(.bss)
    hdma_usart1_tx                           0x200002d8   Data          68  usart.o(.bss)
    hdma_usart2_rx                           0x2000031c   Data          68  usart.o(.bss)
    hdma_usart2_tx                           0x20000360   Data          68  usart.o(.bss)
    hdma_usart3_rx                           0x200003a4   Data          68  usart.o(.bss)
    hdma_usart3_tx                           0x200003e8   Data          68  usart.o(.bss)
    debugRvBuff                              0x2000042c   Data         255  debugc.o(.bss)
    debugBuff                                0x2000052b   Data         255  debugc.o(.bss)
    send_buf                                 0x2000062a   Data        1024  debugc.o(.bss)
    debugParam                               0x20000a2c   Data          60  debugc.o(.bss)
    g_jetson_rx_data                         0x20000c9c   Data          53  jetson_comm.o(.bss)
    __libspace_start                         0x20000cd4   Data          96  libspace.o(.bss)
    __temporary_stack_top$libspace           0x20000d34   Data           0  libspace.o(.bss)



==============================================================================

Memory Map of the image

  Image Entry point : 0x08000131

  Load Region LR_IROM1 (Base: 0x08000000, Size: 0x00006e28, Max: 0x00080000, ABSOLUTE)

    Execution Region ER_IROM1 (Exec base: 0x08000000, Load base: 0x08000000, Size: 0x00006df4, Max: 0x00080000, ABSOLUTE)

    Exec Addr    Load Addr    Size         Type   Attr      Idx    E Section Name        Object

    0x08000000   0x08000000   0x00000130   Data   RO            3    RESET               startup_stm32f103xe.o
    0x08000130   0x08000130   0x00000008   Code   RO         2732  * !!!main             c_w.l(__main.o)
    0x08000138   0x08000138   0x00000034   Code   RO         3219    !!!scatter          c_w.l(__scatter.o)
    0x0800016c   0x0800016c   0x0000001a   Code   RO         3221    !!handler_copy      c_w.l(__scatter_copy.o)
    0x08000186   0x08000186   0x00000002   PAD
    0x08000188   0x08000188   0x0000001c   Code   RO         3223    !!handler_zi        c_w.l(__scatter_zi.o)
    0x080001a4   0x080001a4   0x00000000   Code   RO         2870    .ARM.Collect$$_printf_percent$$00000000  c_w.l(_printf_percent.o)
    0x080001a4   0x080001a4   0x00000006   Code   RO         2859    .ARM.Collect$$_printf_percent$$00000001  c_w.l(_printf_n.o)
    0x080001aa   0x080001aa   0x00000006   Code   RO         2861    .ARM.Collect$$_printf_percent$$00000002  c_w.l(_printf_p.o)
    0x080001b0   0x080001b0   0x00000006   Code   RO         2866    .ARM.Collect$$_printf_percent$$00000003  c_w.l(_printf_f.o)
    0x080001b6   0x080001b6   0x00000006   Code   RO         2867    .ARM.Collect$$_printf_percent$$00000004  c_w.l(_printf_e.o)
    0x080001bc   0x080001bc   0x00000006   Code   RO         2868    .ARM.Collect$$_printf_percent$$00000005  c_w.l(_printf_g.o)
    0x080001c2   0x080001c2   0x00000006   Code   RO         2869    .ARM.Collect$$_printf_percent$$00000006  c_w.l(_printf_a.o)
    0x080001c8   0x080001c8   0x0000000a   Code   RO         2874    .ARM.Collect$$_printf_percent$$00000007  c_w.l(_printf_ll.o)
    0x080001d2   0x080001d2   0x00000006   Code   RO         2863    .ARM.Collect$$_printf_percent$$00000008  c_w.l(_printf_i.o)
    0x080001d8   0x080001d8   0x00000006   Code   RO         2864    .ARM.Collect$$_printf_percent$$00000009  c_w.l(_printf_d.o)
    0x080001de   0x080001de   0x00000006   Code   RO         2865    .ARM.Collect$$_printf_percent$$0000000A  c_w.l(_printf_u.o)
    0x080001e4   0x080001e4   0x00000006   Code   RO         2862    .ARM.Collect$$_printf_percent$$0000000B  c_w.l(_printf_o.o)
    0x080001ea   0x080001ea   0x00000006   Code   RO         2860    .ARM.Collect$$_printf_percent$$0000000C  c_w.l(_printf_x.o)
    0x080001f0   0x080001f0   0x00000006   Code   RO         2871    .ARM.Collect$$_printf_percent$$0000000D  c_w.l(_printf_lli.o)
    0x080001f6   0x080001f6   0x00000006   Code   RO         2872    .ARM.Collect$$_printf_percent$$0000000E  c_w.l(_printf_lld.o)
    0x080001fc   0x080001fc   0x00000006   Code   RO         2873    .ARM.Collect$$_printf_percent$$0000000F  c_w.l(_printf_llu.o)
    0x08000202   0x08000202   0x00000006   Code   RO         2878    .ARM.Collect$$_printf_percent$$00000010  c_w.l(_printf_llo.o)
    0x08000208   0x08000208   0x00000006   Code   RO         2879    .ARM.Collect$$_printf_percent$$00000011  c_w.l(_printf_llx.o)
    0x0800020e   0x0800020e   0x0000000a   Code   RO         2875    .ARM.Collect$$_printf_percent$$00000012  c_w.l(_printf_l.o)
    0x08000218   0x08000218   0x00000006   Code   RO         2857    .ARM.Collect$$_printf_percent$$00000013  c_w.l(_printf_c.o)
    0x0800021e   0x0800021e   0x00000006   Code   RO         2858    .ARM.Collect$$_printf_percent$$00000014  c_w.l(_printf_s.o)
    0x08000224   0x08000224   0x00000006   Code   RO         2876    .ARM.Collect$$_printf_percent$$00000015  c_w.l(_printf_lc.o)
    0x0800022a   0x0800022a   0x00000006   Code   RO         2877    .ARM.Collect$$_printf_percent$$00000016  c_w.l(_printf_ls.o)
    0x08000230   0x08000230   0x00000004   Code   RO         2976    .ARM.Collect$$_printf_percent$$00000017  c_w.l(_printf_percent_end.o)
    0x08000234   0x08000234   0x00000002   Code   RO         3047    .ARM.Collect$$libinit$$00000000  c_w.l(libinit.o)
    0x08000236   0x08000236   0x00000000   Code   RO         2883    .ARM.Collect$$libinit$$00000002  c_w.l(libinit2.o)
    0x08000236   0x08000236   0x00000000   Code   RO         2885    .ARM.Collect$$libinit$$00000004  c_w.l(libinit2.o)
    0x08000236   0x08000236   0x00000000   Code   RO         2888    .ARM.Collect$$libinit$$0000000A  c_w.l(libinit2.o)
    0x08000236   0x08000236   0x00000000   Code   RO         2890    .ARM.Collect$$libinit$$0000000C  c_w.l(libinit2.o)
    0x08000236   0x08000236   0x00000000   Code   RO         2892    .ARM.Collect$$libinit$$0000000E  c_w.l(libinit2.o)
    0x08000236   0x08000236   0x00000006   Code   RO         2893    .ARM.Collect$$libinit$$0000000F  c_w.l(libinit2.o)
    0x0800023c   0x0800023c   0x00000000   Code   RO         2895    .ARM.Collect$$libinit$$00000011  c_w.l(libinit2.o)
    0x0800023c   0x0800023c   0x0000000c   Code   RO         2896    .ARM.Collect$$libinit$$00000012  c_w.l(libinit2.o)
    0x08000248   0x08000248   0x00000000   Code   RO         2897    .ARM.Collect$$libinit$$00000013  c_w.l(libinit2.o)
    0x08000248   0x08000248   0x00000000   Code   RO         2899    .ARM.Collect$$libinit$$00000015  c_w.l(libinit2.o)
    0x08000248   0x08000248   0x0000000a   Code   RO         2900    .ARM.Collect$$libinit$$00000016  c_w.l(libinit2.o)
    0x08000252   0x08000252   0x00000000   Code   RO         2901    .ARM.Collect$$libinit$$00000017  c_w.l(libinit2.o)
    0x08000252   0x08000252   0x00000000   Code   RO         2903    .ARM.Collect$$libinit$$00000019  c_w.l(libinit2.o)
    0x08000252   0x08000252   0x00000000   Code   RO         2905    .ARM.Collect$$libinit$$0000001B  c_w.l(libinit2.o)
    0x08000252   0x08000252   0x00000000   Code   RO         2907    .ARM.Collect$$libinit$$0000001D  c_w.l(libinit2.o)
    0x08000252   0x08000252   0x00000000   Code   RO         2909    .ARM.Collect$$libinit$$0000001F  c_w.l(libinit2.o)
    0x08000252   0x08000252   0x00000000   Code   RO         2911    .ARM.Collect$$libinit$$00000021  c_w.l(libinit2.o)
    0x08000252   0x08000252   0x00000000   Code   RO         2913    .ARM.Collect$$libinit$$00000023  c_w.l(libinit2.o)
    0x08000252   0x08000252   0x00000000   Code   RO         2915    .ARM.Collect$$libinit$$00000025  c_w.l(libinit2.o)
    0x08000252   0x08000252   0x00000000   Code   RO         2919    .ARM.Collect$$libinit$$0000002C  c_w.l(libinit2.o)
    0x08000252   0x08000252   0x00000000   Code   RO         2921    .ARM.Collect$$libinit$$0000002E  c_w.l(libinit2.o)
    0x08000252   0x08000252   0x00000000   Code   RO         2923    .ARM.Collect$$libinit$$00000030  c_w.l(libinit2.o)
    0x08000252   0x08000252   0x00000004   Code   RO         2924    .ARM.Collect$$libinit$$00000031  c_w.l(libinit2.o)
    0x08000256   0x08000256   0x00000000   Code   RO         2925    .ARM.Collect$$libinit$$00000032  c_w.l(libinit2.o)
    0x08000256   0x08000256   0x00000002   Code   RO         2926    .ARM.Collect$$libinit$$00000033  c_w.l(libinit2.o)
    0x08000258   0x08000258   0x00000002   Code   RO         3133    .ARM.Collect$$libshutdown$$00000000  c_w.l(libshutdown.o)
    0x0800025a   0x0800025a   0x00000000   Code   RO         3145    .ARM.Collect$$libshutdown$$00000002  c_w.l(libshutdown2.o)
    0x0800025a   0x0800025a   0x00000000   Code   RO         3147    .ARM.Collect$$libshutdown$$00000004  c_w.l(libshutdown2.o)
    0x0800025a   0x0800025a   0x00000000   Code   RO         3149    .ARM.Collect$$libshutdown$$00000006  c_w.l(libshutdown2.o)
    0x0800025a   0x0800025a   0x00000000   Code   RO         3152    .ARM.Collect$$libshutdown$$00000009  c_w.l(libshutdown2.o)
    0x0800025a   0x0800025a   0x00000000   Code   RO         3155    .ARM.Collect$$libshutdown$$0000000C  c_w.l(libshutdown2.o)
    0x0800025a   0x0800025a   0x00000000   Code   RO         3157    .ARM.Collect$$libshutdown$$0000000E  c_w.l(libshutdown2.o)
    0x0800025a   0x0800025a   0x00000000   Code   RO         3160    .ARM.Collect$$libshutdown$$00000011  c_w.l(libshutdown2.o)
    0x0800025a   0x0800025a   0x00000002   Code   RO         3161    .ARM.Collect$$libshutdown$$00000012  c_w.l(libshutdown2.o)
    0x0800025c   0x0800025c   0x00000000   Code   RO         2786    .ARM.Collect$$rtentry$$00000000  c_w.l(__rtentry.o)
    0x0800025c   0x0800025c   0x00000000   Code   RO         2947    .ARM.Collect$$rtentry$$00000002  c_w.l(__rtentry2.o)
    0x0800025c   0x0800025c   0x00000006   Code   RO         2959    .ARM.Collect$$rtentry$$00000004  c_w.l(__rtentry4.o)
    0x08000262   0x08000262   0x00000000   Code   RO         2949    .ARM.Collect$$rtentry$$00000009  c_w.l(__rtentry2.o)
    0x08000262   0x08000262   0x00000004   Code   RO         2950    .ARM.Collect$$rtentry$$0000000A  c_w.l(__rtentry2.o)
    0x08000266   0x08000266   0x00000000   Code   RO         2952    .ARM.Collect$$rtentry$$0000000C  c_w.l(__rtentry2.o)
    0x08000266   0x08000266   0x00000008   Code   RO         2953    .ARM.Collect$$rtentry$$0000000D  c_w.l(__rtentry2.o)
    0x0800026e   0x0800026e   0x00000002   Code   RO         3067    .ARM.Collect$$rtexit$$00000000  c_w.l(rtexit.o)
    0x08000270   0x08000270   0x00000000   Code   RO         3097    .ARM.Collect$$rtexit$$00000002  c_w.l(rtexit2.o)
    0x08000270   0x08000270   0x00000004   Code   RO         3098    .ARM.Collect$$rtexit$$00000003  c_w.l(rtexit2.o)
    0x08000274   0x08000274   0x00000006   Code   RO         3099    .ARM.Collect$$rtexit$$00000004  c_w.l(rtexit2.o)
    0x0800027a   0x0800027a   0x00000002   PAD
    0x0800027c   0x0800027c   0x00000040   Code   RO            4    .text               startup_stm32f103xe.o
    0x080002bc   0x080002bc   0x00000034   Code   RO         2722    .text               c_w.l(vsnprintf.o)
    0x080002f0   0x080002f0   0x0000008a   Code   RO         2724    .text               c_w.l(rt_memcpy_v6.o)
    0x0800037a   0x0800037a   0x00000064   Code   RO         2726    .text               c_w.l(rt_memcpy_w.o)
    0x080003de   0x080003de   0x0000004e   Code   RO         2728    .text               c_w.l(rt_memclr_w.o)
    0x0800042c   0x0800042c   0x00000006   Code   RO         2730    .text               c_w.l(heapauxi.o)
    0x08000432   0x08000432   0x00000002   PAD
    0x08000434   0x08000434   0x00000024   Code   RO         2737    .text               c_w.l(init_aeabi.o)
    0x08000458   0x08000458   0x0000004e   Code   RO         2789    .text               c_w.l(_printf_pad.o)
    0x080004a6   0x080004a6   0x00000024   Code   RO         2791    .text               c_w.l(_printf_truncate.o)
    0x080004ca   0x080004ca   0x00000052   Code   RO         2793    .text               c_w.l(_printf_str.o)
    0x0800051c   0x0800051c   0x00000078   Code   RO         2795    .text               c_w.l(_printf_dec.o)
    0x08000594   0x08000594   0x00000028   Code   RO         2797    .text               c_w.l(_printf_charcount.o)
    0x080005bc   0x080005bc   0x00000030   Code   RO         2799    .text               c_w.l(_printf_char_common.o)
    0x080005ec   0x080005ec   0x0000000a   Code   RO         2801    .text               c_w.l(_sputc.o)
    0x080005f6   0x080005f6   0x00000010   Code   RO         2803    .text               c_w.l(_snputc.o)
    0x08000606   0x08000606   0x00000002   PAD
    0x08000608   0x08000608   0x000000bc   Code   RO         2805    .text               c_w.l(_printf_wctomb.o)
    0x080006c4   0x080006c4   0x0000007c   Code   RO         2808    .text               c_w.l(_printf_longlong_dec.o)
    0x08000740   0x08000740   0x00000070   Code   RO         2814    .text               c_w.l(_printf_oct_int_ll.o)
    0x080007b0   0x080007b0   0x00000094   Code   RO         2834    .text               c_w.l(_printf_hex_int_ll_ptr.o)
    0x08000844   0x08000844   0x00000188   Code   RO         2854    .text               c_w.l(__printf_flags_ss_wp.o)
    0x080009cc   0x080009cc   0x0000001a   Code   RO         2880    .text               c_w.l(strtof.o)
    0x080009e6   0x080009e6   0x0000008a   Code   RO         2961    .text               c_w.l(lludiv10.o)
    0x08000a70   0x08000a70   0x000000b2   Code   RO         2963    .text               c_w.l(_printf_intcommon.o)
    0x08000b22   0x08000b22   0x0000041e   Code   RO         2965    .text               c_w.l(_printf_fp_dec.o)
    0x08000f40   0x08000f40   0x000002fc   Code   RO         2967    .text               c_w.l(_printf_fp_hex.o)
    0x0800123c   0x0800123c   0x0000002c   Code   RO         2972    .text               c_w.l(_printf_char.o)
    0x08001268   0x08001268   0x0000002c   Code   RO         2974    .text               c_w.l(_printf_wchar.o)
    0x08001294   0x08001294   0x000000a4   Code   RO         2977    .text               c_w.l(strtod.o)
    0x08001338   0x08001338   0x00000040   Code   RO         2979    .text               c_w.l(_wcrtomb.o)
    0x08001378   0x08001378   0x0000004a   Code   RO         2991    .text               c_w.l(sys_stackheap_outer.o)
    0x080013c2   0x080013c2   0x00000002   PAD
    0x080013c4   0x080013c4   0x00000010   Code   RO         2993    .text               c_w.l(rt_ctype_table.o)
    0x080013d4   0x080013d4   0x00000008   Code   RO         2998    .text               c_w.l(rt_locale_intlibspace.o)
    0x080013dc   0x080013dc   0x00000016   Code   RO         3000    .text               c_w.l(_rserrno.o)
    0x080013f2   0x080013f2   0x00000012   Code   RO         3002    .text               c_w.l(isspace.o)
    0x08001404   0x08001404   0x00000080   Code   RO         3004    .text               c_w.l(_printf_fp_infnan.o)
    0x08001484   0x08001484   0x00000040   Code   RO         3006    .text               c_w.l(_sgetc.o)
    0x080014c4   0x080014c4   0x000000e4   Code   RO         3008    .text               c_w.l(bigflt0.o)
    0x080015a8   0x080015a8   0x00000012   Code   RO         3036    .text               c_w.l(exit.o)
    0x080015ba   0x080015ba   0x00000002   PAD
    0x080015bc   0x080015bc   0x00000008   Code   RO         3064    .text               c_w.l(libspace.o)
    0x080015c4   0x080015c4   0x00000008   Code   RO         3072    .text               c_w.l(rt_errno_addr_intlibspace.o)
    0x080015cc   0x080015cc   0x000004f8   Code   RO         3076    .text               c_w.l(scanf_fp.o)
    0x08001ac4   0x08001ac4   0x00000080   Code   RO         3085    .text               c_w.l(strcmpv7m.o)
    0x08001b44   0x08001b44   0x00000002   Code   RO         3093    .text               c_w.l(use_no_semi.o)
    0x08001b46   0x08001b46   0x00000000   Code   RO         3095    .text               c_w.l(indicate_semi.o)
    0x08001b46   0x08001b46   0x00000002   PAD
    0x08001b48   0x08001b48   0x0000000c   Code   RO         3121    .text               c_w.l(sys_exit.o)
    0x08001b54   0x08001b54   0x00000320   Code   RO         3123    .text               c_w.l(scanf_hexfp.o)
    0x08001e74   0x08001e74   0x00000134   Code   RO         3125    .text               c_w.l(scanf_infnan.o)
    0x08001fa8   0x08001fa8   0x00000026   Code   RO         3138    .text               c_w.l(llshl.o)
    0x08001fce   0x08001fce   0x0000001c   Code   RO         3140    .text               c_w.l(_chval.o)
    0x08001fea   0x08001fea   0x0000003e   Code   RO         3011    CL$$btod_d2e        c_w.l(btod.o)
    0x08002028   0x08002028   0x00000046   Code   RO         3013    CL$$btod_d2e_denorm_low  c_w.l(btod.o)
    0x0800206e   0x0800206e   0x00000060   Code   RO         3012    CL$$btod_d2e_norm_op1  c_w.l(btod.o)
    0x080020ce   0x080020ce   0x00000338   Code   RO         3021    CL$$btod_div_common  c_w.l(btod.o)
    0x08002406   0x08002406   0x00000002   PAD
    0x08002408   0x08002408   0x00000084   Code   RO         3019    CL$$btod_e2d        c_w.l(btod.o)
    0x0800248c   0x0800248c   0x000000dc   Code   RO         3018    CL$$btod_e2e        c_w.l(btod.o)
    0x08002568   0x08002568   0x0000002a   Code   RO         3015    CL$$btod_ediv       c_w.l(btod.o)
    0x08002592   0x08002592   0x0000002a   Code   RO         3017    CL$$btod_edivd      c_w.l(btod.o)
    0x080025bc   0x080025bc   0x0000002a   Code   RO         3014    CL$$btod_emul       c_w.l(btod.o)
    0x080025e6   0x080025e6   0x0000002a   Code   RO         3016    CL$$btod_emuld      c_w.l(btod.o)
    0x08002610   0x08002610   0x00000244   Code   RO         3020    CL$$btod_mult_common  c_w.l(btod.o)
    0x08002854   0x08002854   0x00000002   Code   RO          432    i.BusFault_Handler  stm32f1xx_it.o
    0x08002856   0x08002856   0x00000002   PAD
    0x08002858   0x08002858   0x000001dc   Code   RO         2287    i.DEBUGC_UartIdleCallback  debugc.o
    0x08002a34   0x08002a34   0x00000020   Code   RO         2288    i.DEBUGC_UartInit   debugc.o
    0x08002a54   0x08002a54   0x00000028   Code   RO         2289    i.DEBUGC_UartIrqHandler  debugc.o
    0x08002a7c   0x08002a7c   0x0000000c   Code   RO          433    i.DMA1_Channel2_IRQHandler  stm32f1xx_it.o
    0x08002a88   0x08002a88   0x0000000c   Code   RO          434    i.DMA1_Channel3_IRQHandler  stm32f1xx_it.o
    0x08002a94   0x08002a94   0x0000000c   Code   RO          435    i.DMA1_Channel4_IRQHandler  stm32f1xx_it.o
    0x08002aa0   0x08002aa0   0x0000000c   Code   RO          436    i.DMA1_Channel5_IRQHandler  stm32f1xx_it.o
    0x08002aac   0x08002aac   0x0000000c   Code   RO          437    i.DMA1_Channel6_IRQHandler  stm32f1xx_it.o
    0x08002ab8   0x08002ab8   0x0000000c   Code   RO          438    i.DMA1_Channel7_IRQHandler  stm32f1xx_it.o
    0x08002ac4   0x08002ac4   0x0000002a   Code   RO         1291    i.DMA_SetConfig     stm32f1xx_hal_dma.o
    0x08002aee   0x08002aee   0x00000002   Code   RO          439    i.DebugMon_Handler  stm32f1xx_it.o
    0x08002af0   0x08002af0   0x00000004   Code   RO           13    i.Error_Handler     main.o
    0x08002af4   0x08002af4   0x00000024   Code   RO          678    i.HAL_CAN_ActivateNotification  stm32f1xx_hal_can.o
    0x08002b18   0x08002b18   0x000000d0   Code   RO          679    i.HAL_CAN_AddTxMessage  stm32f1xx_hal_can.o
    0x08002be8   0x08002be8   0x000000ec   Code   RO          680    i.HAL_CAN_ConfigFilter  stm32f1xx_hal_can.o
    0x08002cd4   0x08002cd4   0x00000002   Code   RO          683    i.HAL_CAN_ErrorCallback  stm32f1xx_hal_can.o
    0x08002cd6   0x08002cd6   0x000000f4   Code   RO          686    i.HAL_CAN_GetRxMessage  stm32f1xx_hal_can.o
    0x08002dca   0x08002dca   0x000001fc   Code   RO          690    i.HAL_CAN_IRQHandler  stm32f1xx_hal_can.o
    0x08002fc6   0x08002fc6   0x0000011a   Code   RO          691    i.HAL_CAN_Init      stm32f1xx_hal_can.o
    0x080030e0   0x080030e0   0x0000007c   Code   RO          310    i.HAL_CAN_MspInit   can.o
    0x0800315c   0x0800315c   0x00000002   Code   RO          698    i.HAL_CAN_RxFifo0FullCallback  stm32f1xx_hal_can.o
    0x0800315e   0x0800315e   0x00000002   PAD
    0x08003160   0x08003160   0x00000038   Code   RO           14    i.HAL_CAN_RxFifo0MsgPendingCallback  main.o
    0x08003198   0x08003198   0x00000002   Code   RO          700    i.HAL_CAN_RxFifo1FullCallback  stm32f1xx_hal_can.o
    0x0800319a   0x0800319a   0x00000002   Code   RO          701    i.HAL_CAN_RxFifo1MsgPendingCallback  stm32f1xx_hal_can.o
    0x0800319c   0x0800319c   0x00000002   Code   RO          702    i.HAL_CAN_SleepCallback  stm32f1xx_hal_can.o
    0x0800319e   0x0800319e   0x00000056   Code   RO          703    i.HAL_CAN_Start     stm32f1xx_hal_can.o
    0x080031f4   0x080031f4   0x00000002   Code   RO          705    i.HAL_CAN_TxMailbox0AbortCallback  stm32f1xx_hal_can.o
    0x080031f6   0x080031f6   0x00000002   Code   RO          706    i.HAL_CAN_TxMailbox0CompleteCallback  stm32f1xx_hal_can.o
    0x080031f8   0x080031f8   0x00000002   Code   RO          707    i.HAL_CAN_TxMailbox1AbortCallback  stm32f1xx_hal_can.o
    0x080031fa   0x080031fa   0x00000002   Code   RO          708    i.HAL_CAN_TxMailbox1CompleteCallback  stm32f1xx_hal_can.o
    0x080031fc   0x080031fc   0x00000002   Code   RO          709    i.HAL_CAN_TxMailbox2AbortCallback  stm32f1xx_hal_can.o
    0x080031fe   0x080031fe   0x00000002   Code   RO          710    i.HAL_CAN_TxMailbox2CompleteCallback  stm32f1xx_hal_can.o
    0x08003200   0x08003200   0x00000002   Code   RO          712    i.HAL_CAN_WakeUpFromRxMsgCallback  stm32f1xx_hal_can.o
    0x08003202   0x08003202   0x00000046   Code   RO         1292    i.HAL_DMA_Abort     stm32f1xx_hal_dma.o
    0x08003248   0x08003248   0x00000130   Code   RO         1293    i.HAL_DMA_Abort_IT  stm32f1xx_hal_dma.o
    0x08003378   0x08003378   0x00000248   Code   RO         1297    i.HAL_DMA_IRQHandler  stm32f1xx_hal_dma.o
    0x080035c0   0x080035c0   0x0000007c   Code   RO         1298    i.HAL_DMA_Init      stm32f1xx_hal_dma.o
    0x0800363c   0x0800363c   0x00000070   Code   RO         1302    i.HAL_DMA_Start_IT  stm32f1xx_hal_dma.o
    0x080036ac   0x080036ac   0x00000024   Code   RO          918    i.HAL_Delay         stm32f1xx_hal.o
    0x080036d0   0x080036d0   0x000001f0   Code   RO         1228    i.HAL_GPIO_Init     stm32f1xx_hal_gpio.o
    0x080038c0   0x080038c0   0x0000000c   Code   RO          922    i.HAL_GetTick       stm32f1xx_hal.o
    0x080038cc   0x080038cc   0x00000010   Code   RO          928    i.HAL_IncTick       stm32f1xx_hal.o
    0x080038dc   0x080038dc   0x00000024   Code   RO          929    i.HAL_Init          stm32f1xx_hal.o
    0x08003900   0x08003900   0x00000040   Code   RO          930    i.HAL_InitTick      stm32f1xx_hal.o
    0x08003940   0x08003940   0x0000003c   Code   RO          579    i.HAL_MspInit       stm32f1xx_hal_msp.o
    0x0800397c   0x0800397c   0x0000001a   Code   RO         1388    i.HAL_NVIC_EnableIRQ  stm32f1xx_hal_cortex.o
    0x08003996   0x08003996   0x00000002   PAD
    0x08003998   0x08003998   0x00000040   Code   RO         1394    i.HAL_NVIC_SetPriority  stm32f1xx_hal_cortex.o
    0x080039d8   0x080039d8   0x00000024   Code   RO         1395    i.HAL_NVIC_SetPriorityGrouping  stm32f1xx_hal_cortex.o
    0x080039fc   0x080039fc   0x00000138   Code   RO         1086    i.HAL_RCC_ClockConfig  stm32f1xx_hal_rcc.o
    0x08003b34   0x08003b34   0x00000020   Code   RO         1093    i.HAL_RCC_GetPCLK1Freq  stm32f1xx_hal_rcc.o
    0x08003b54   0x08003b54   0x00000020   Code   RO         1094    i.HAL_RCC_GetPCLK2Freq  stm32f1xx_hal_rcc.o
    0x08003b74   0x08003b74   0x0000004c   Code   RO         1095    i.HAL_RCC_GetSysClockFreq  stm32f1xx_hal_rcc.o
    0x08003bc0   0x08003bc0   0x00000318   Code   RO         1098    i.HAL_RCC_OscConfig  stm32f1xx_hal_rcc.o
    0x08003ed8   0x08003ed8   0x00000028   Code   RO         1399    i.HAL_SYSTICK_Config  stm32f1xx_hal_cortex.o
    0x08003f00   0x08003f00   0x00000002   Code   RO         1936    i.HAL_UARTEx_RxEventCallback  stm32f1xx_hal_uart.o
    0x08003f02   0x08003f02   0x00000070   Code   RO         1948    i.HAL_UART_DMAStop  stm32f1xx_hal_uart.o
    0x08003f72   0x08003f72   0x00000002   Code   RO         1950    i.HAL_UART_ErrorCallback  stm32f1xx_hal_uart.o
    0x08003f74   0x08003f74   0x0000026c   Code   RO         1953    i.HAL_UART_IRQHandler  stm32f1xx_hal_uart.o
    0x080041e0   0x080041e0   0x00000064   Code   RO         1954    i.HAL_UART_Init     stm32f1xx_hal_uart.o
    0x08004244   0x08004244   0x00000280   Code   RO          379    i.HAL_UART_MspInit  usart.o
    0x080044c4   0x080044c4   0x0000001c   Code   RO         1958    i.HAL_UART_Receive_DMA  stm32f1xx_hal_uart.o
    0x080044e0   0x080044e0   0x00000002   Code   RO         1960    i.HAL_UART_RxCpltCallback  stm32f1xx_hal_uart.o
    0x080044e2   0x080044e2   0x00000002   Code   RO         1961    i.HAL_UART_RxHalfCpltCallback  stm32f1xx_hal_uart.o
    0x080044e4   0x080044e4   0x0000007c   Code   RO         1963    i.HAL_UART_Transmit_DMA  stm32f1xx_hal_uart.o
    0x08004560   0x08004560   0x00000002   Code   RO         1965    i.HAL_UART_TxCpltCallback  stm32f1xx_hal_uart.o
    0x08004562   0x08004562   0x00000002   Code   RO         1966    i.HAL_UART_TxHalfCpltCallback  stm32f1xx_hal_uart.o
    0x08004564   0x08004564   0x00000002   Code   RO          440    i.HardFault_Handler  stm32f1xx_it.o
    0x08004566   0x08004566   0x00000002   PAD
    0x08004568   0x08004568   0x00000024   Code   RO         2661    i.JETSON_Init       jetson_comm.o
    0x0800458c   0x0800458c   0x00000048   Code   RO         2662    i.JETSON_PollReceiver  jetson_comm.o
    0x080045d4   0x080045d4   0x00000040   Code   RO         2663    i.JETSON_SendData   jetson_comm.o
    0x08004614   0x08004614   0x00000044   Code   RO          311    i.MX_CAN_Init       can.o
    0x08004658   0x08004658   0x0000007c   Code   RO          351    i.MX_DMA_Init       dma.o
    0x080046d4   0x080046d4   0x0000002c   Code   RO          197    i.MX_GPIO_Init      gpio.o
    0x08004700   0x08004700   0x00000038   Code   RO          380    i.MX_USART1_UART_Init  usart.o
    0x08004738   0x08004738   0x00000038   Code   RO          381    i.MX_USART2_UART_Init  usart.o
    0x08004770   0x08004770   0x00000038   Code   RO          382    i.MX_USART3_UART_Init  usart.o
    0x080047a8   0x080047a8   0x00000002   Code   RO          441    i.MemManage_Handler  stm32f1xx_it.o
    0x080047aa   0x080047aa   0x00000002   Code   RO          442    i.NMI_Handler       stm32f1xx_it.o
    0x080047ac   0x080047ac   0x00000002   Code   RO          443    i.PendSV_Handler    stm32f1xx_it.o
    0x080047ae   0x080047ae   0x00000002   PAD
    0x080047b0   0x080047b0   0x00000058   Code   RO         2664    i.ProcessNewByte    jetson_comm.o
    0x08004808   0x08004808   0x00000002   Code   RO          444    i.SVC_Handler       stm32f1xx_it.o
    0x0800480a   0x0800480a   0x00000004   Code   RO          445    i.SysTick_Handler   stm32f1xx_it.o
    0x0800480e   0x0800480e   0x00000002   Code   RO          604    i.SystemInit        system_stm32f1xx.o
    0x08004810   0x08004810   0x00000010   Code   RO         1967    i.UART_DMAAbortOnError  stm32f1xx_hal_uart.o
    0x08004820   0x08004820   0x0000004a   Code   RO         1968    i.UART_DMAError     stm32f1xx_hal_uart.o
    0x0800486a   0x0800486a   0x00000086   Code   RO         1969    i.UART_DMAReceiveCplt  stm32f1xx_hal_uart.o
    0x080048f0   0x080048f0   0x0000001e   Code   RO         1971    i.UART_DMARxHalfCplt  stm32f1xx_hal_uart.o
    0x0800490e   0x0800490e   0x00000042   Code   RO         1973    i.UART_DMATransmitCplt  stm32f1xx_hal_uart.o
    0x08004950   0x08004950   0x0000000a   Code   RO         1975    i.UART_DMATxHalfCplt  stm32f1xx_hal_uart.o
    0x0800495a   0x0800495a   0x0000004e   Code   RO         1977    i.UART_EndRxTransfer  stm32f1xx_hal_uart.o
    0x080049a8   0x080049a8   0x0000001c   Code   RO         1978    i.UART_EndTxTransfer  stm32f1xx_hal_uart.o
    0x080049c4   0x080049c4   0x000000c2   Code   RO         1979    i.UART_Receive_IT   stm32f1xx_hal_uart.o
    0x08004a86   0x08004a86   0x00000002   PAD
    0x08004a88   0x08004a88   0x000000b8   Code   RO         1980    i.UART_SetConfig    stm32f1xx_hal_uart.o
    0x08004b40   0x08004b40   0x00000094   Code   RO         1981    i.UART_Start_Receive_DMA  stm32f1xx_hal_uart.o
    0x08004bd4   0x08004bd4   0x0000000c   Code   RO          446    i.USART1_IRQHandler  stm32f1xx_it.o
    0x08004be0   0x08004be0   0x00000018   Code   RO          447    i.USART2_IRQHandler  stm32f1xx_it.o
    0x08004bf8   0x08004bf8   0x0000000c   Code   RO          448    i.USART3_IRQHandler  stm32f1xx_it.o
    0x08004c04   0x08004c04   0x0000000c   Code   RO          449    i.USB_LP_CAN1_RX0_IRQHandler  stm32f1xx_it.o
    0x08004c10   0x08004c10   0x00000002   Code   RO          450    i.UsageFault_Handler  stm32f1xx_it.o
    0x08004c12   0x08004c12   0x00000016   Code   RO         2361    i._Z13Byte_to_floatPh  robstride01.o
    0x08004c28   0x08004c28   0x00000056   Code   RO         2362    i._Z13float_to_uintfffi  robstride01.o
    0x08004c7e   0x08004c7e   0x0000003c   Code   RO         2363    i._Z15uint16_to_floattffi  robstride01.o
    0x08004cba   0x08004cba   0x0000005c   Code   RO           15    i._Z18SystemClock_Configv  main.o
    0x08004d16   0x08004d16   0x00000034   Code   RO         2364    i._Z9mapFaultst     robstride01.o
    0x08004d4a   0x08004d4a   0x00000002   PAD
    0x08004d4c   0x08004d4c   0x00000050   Code   RO         2366    i._ZN15RobStride_Motor11Set_ZeroPosEv  robstride01.o
    0x08004d9c   0x08004d9c   0x0000004c   Code   RO         2367    i._ZN15RobStride_Motor12Enable_MotorEv  robstride01.o
    0x08004de8   0x08004de8   0x00000064   Code   RO         2368    i._ZN15RobStride_Motor15Disenable_MotorEh  robstride01.o
    0x08004e4c   0x08004e4c   0x0000021c   Code   RO         2370    i._ZN15RobStride_Motor24RobStride_Motor_AnalysisEPhj  robstride01.o
    0x08005068   0x08005068   0x00000050   Code   RO         2371    i._ZN15RobStride_Motor26RobStride_Motor_MIT_EnableEv  robstride01.o
    0x080050b8   0x080050b8   0x00000068   Code   RO         2372    i._ZN15RobStride_Motor27RobStride_Motor_CSP_controlEff  robstride01.o
    0x08005120   0x08005120   0x00000118   Code   RO         2373    i._ZN15RobStride_Motor27RobStride_Motor_MIT_ControlEfffff  robstride01.o
    0x08005238   0x08005238   0x00000050   Code   RO         2374    i._ZN15RobStride_Motor27RobStride_Motor_MIT_DisableEv  robstride01.o
    0x08005288   0x08005288   0x00000066   Code   RO         2375    i._ZN15RobStride_Motor27RobStride_Motor_Pos_controlEff  robstride01.o
    0x080052ee   0x080052ee   0x00000002   PAD
    0x080052f0   0x080052f0   0x00000068   Code   RO         2376    i._ZN15RobStride_Motor28RobStride_Motor_MotorModeSetEh  robstride01.o
    0x08005358   0x08005358   0x00000140   Code   RO         2377    i._ZN15RobStride_Motor28RobStride_Motor_move_controlEfffff  robstride01.o
    0x08005498   0x08005498   0x00000048   Code   RO         2378    i._ZN15RobStride_Motor29Get_RobStride_Motor_parameterEt  robstride01.o
    0x080054e0   0x080054e0   0x00000068   Code   RO         2379    i._ZN15RobStride_Motor29RobStride_Motor_MotorDataSaveEv  robstride01.o
    0x08005548   0x08005548   0x00000064   Code   RO         2380    i._ZN15RobStride_Motor29RobStride_Motor_Speed_controlEff  robstride01.o
    0x080055ac   0x080055ac   0x00000080   Code   RO         2381    i._ZN15RobStride_Motor29Set_RobStride_Motor_parameterEtfc  robstride01.o
    0x0800562c   0x0800562c   0x00000068   Code   RO         2382    i._ZN15RobStride_Motor30RobStride_Motor_BaudRateChangeEh  robstride01.o
    0x08005694   0x08005694   0x00000054   Code   RO         2383    i._ZN15RobStride_Motor30RobStride_Motor_MIT_SetMotorIdEh  robstride01.o
    0x080056e8   0x080056e8   0x00000054   Code   RO         2384    i._ZN15RobStride_Motor30RobStride_Motor_MIT_SetZeroPosEv  robstride01.o
    0x0800573c   0x0800573c   0x00000048   Code   RO         2385    i._ZN15RobStride_Motor31RobStride_Motor_current_controlEf  robstride01.o
    0x08005784   0x08005784   0x00000054   Code   RO         2386    i._ZN15RobStride_Motor32RobStride_Motor_MIT_MotorModeSetEh  robstride01.o
    0x080057d8   0x080057d8   0x00000054   Code   RO         2387    i._ZN15RobStride_Motor32RobStride_Motor_MIT_SetMotorTypeEh  robstride01.o
    0x0800582c   0x0800582c   0x00000038   Code   RO         2388    i._ZN15RobStride_Motor32RobStride_Motor_MIT_SpeedControlEff  robstride01.o
    0x08005864   0x08005864   0x00000038   Code   RO         2390    i._ZN15RobStride_Motor35RobStride_Motor_MIT_PositionControlEff  robstride01.o
    0x0800589c   0x0800589c   0x00000054   Code   RO         2391    i._ZN15RobStride_Motor37RobStride_Motor_MIT_ClearOrCheckErrorEh  robstride01.o
    0x080058f0   0x080058f0   0x00000068   Code   RO         2392    i._ZN15RobStride_Motor38RobStride_Motor_ProactiveEscalationSetEh  robstride01.o
    0x08005958   0x08005958   0x00000028   Code   RO         2394    i._ZN15RobStride_MotorC1Ehb  robstride01.o
    0x08005980   0x08005980   0x0000004c   Code   RO         2395    i._ZN15data_read_writeC1EPKt  robstride01.o
    0x080059cc   0x080059cc   0x00000028   Code   RO         3056    i.__ARM_fpclassify  m_ws.l(fpclassify.o)
    0x080059f4   0x080059f4   0x00000020   Code   RO         1401    i.__NVIC_SetPriority  stm32f1xx_hal_cortex.o
    0x08005a14   0x08005a14   0x0000000e   Code   RO         3196    i.__mathlib_dbl_overflow  m_ws.l(dunder.o)
    0x08005a22   0x08005a22   0x00000002   PAD
    0x08005a24   0x08005a24   0x00000010   Code   RO         3198    i.__mathlib_dbl_underflow  m_ws.l(dunder.o)
    0x08005a34   0x08005a34   0x00000010   Code   RO         2985    i.__mathlib_narrow  m_ws.l(narrow.o)
    0x08005a44   0x08005a44   0x000000bc   Code   RO         2986    i.__mathlib_tofloat  m_ws.l(narrow.o)
    0x08005b00   0x08005b00   0x00000010   Code   RO           16    i.__sti___6_main_c_035040fe  main.o
    0x08005b10   0x08005b10   0x00000016   Code   RO         3165    i.__support_ldexp   m_ws.l(ldexp.o)
    0x08005b26   0x08005b26   0x0000000e   Code   RO         2847    i._is_digit         c_w.l(__printf_wp.o)
    0x08005b34   0x08005b34   0x00000058   Code   RO         3059    i.frexp             m_ws.l(frexp.o)
    0x08005b8c   0x08005b8c   0x00000074   Code   RO         3166    i.ldexp             m_ws.l(ldexp.o)
    0x08005c00   0x08005c00   0x000002cc   Code   RO           17    i.main              main.o
    0x08005ecc   0x08005ecc   0x00000014   Code   RO         2783    i.strtof            m_ws.l(strtof.o)
    0x08005ee0   0x08005ee0   0x0000002c   Code   RO         2291    i.usart_printf      debugc.o
    0x08005f0c   0x08005f0c   0x0000002c   Code   RO         3034    locale$$code        c_w.l(lc_numeric_c.o)
    0x08005f38   0x08005f38   0x0000002c   Code   RO         3079    locale$$code        c_w.l(lc_ctype_c.o)
    0x08005f64   0x08005f64   0x00000062   Code   RO         2740    x$fpl$d2f           fz_ws.l(d2f.o)
    0x08005fc6   0x08005fc6   0x00000002   PAD
    0x08005fc8   0x08005fc8   0x00000010   Code   RO         3109    x$fpl$dcheck1       fz_ws.l(dcheck1.o)
    0x08005fd8   0x08005fd8   0x00000018   Code   RO         3087    x$fpl$dcmpinf       fz_ws.l(dcmpi.o)
    0x08005ff0   0x08005ff0   0x00000078   Code   RO         3048    x$fpl$deqf          fz_ws.l(deqf.o)
    0x08006068   0x08006068   0x00000026   Code   RO         2742    x$fpl$dfltu         fz_ws.l(dflt_clz.o)
    0x0800608e   0x0800608e   0x00000002   PAD
    0x08006090   0x08006090   0x00000078   Code   RO         3089    x$fpl$dleqf         fz_ws.l(dleqf.o)
    0x08006108   0x08006108   0x00000154   Code   RO         2748    x$fpl$dmul          fz_ws.l(dmul.o)
    0x0800625c   0x0800625c   0x0000009c   Code   RO         2927    x$fpl$dnaninf       fz_ws.l(dnaninf.o)
    0x080062f8   0x080062f8   0x0000000c   Code   RO         2929    x$fpl$dretinf       fz_ws.l(dretinf.o)
    0x08006304   0x08006304   0x0000006c   Code   RO         3050    x$fpl$drleqf        fz_ws.l(drleqf.o)
    0x08006370   0x08006370   0x00000056   Code   RO         2750    x$fpl$f2d           fz_ws.l(f2d.o)
    0x080063c6   0x080063c6   0x00000002   PAD
    0x080063c8   0x080063c8   0x000000c4   Code   RO         2752    x$fpl$fadd          fz_ws.l(faddsub_clz.o)
    0x0800648c   0x0800648c   0x00000018   Code   RO         2931    x$fpl$fcmpinf       fz_ws.l(fcmpi.o)
    0x080064a4   0x080064a4   0x00000184   Code   RO         2759    x$fpl$fdiv          fz_ws.l(fdiv.o)
    0x08006628   0x08006628   0x00000036   Code   RO         2762    x$fpl$ffix          fz_ws.l(ffix.o)
    0x0800665e   0x0800665e   0x00000002   PAD
    0x08006660   0x08006660   0x0000003e   Code   RO         2766    x$fpl$ffixu         fz_ws.l(ffixu.o)
    0x0800669e   0x0800669e   0x00000002   PAD
    0x080066a0   0x080066a0   0x00000030   Code   RO         2771    x$fpl$fflt          fz_ws.l(fflt_clz.o)
    0x080066d0   0x080066d0   0x00000026   Code   RO         2770    x$fpl$ffltu         fz_ws.l(fflt_clz.o)
    0x080066f6   0x080066f6   0x00000002   PAD
    0x080066f8   0x080066f8   0x00000068   Code   RO         2776    x$fpl$fleqf         fz_ws.l(fleqf.o)
    0x08006760   0x08006760   0x00000102   Code   RO         2778    x$fpl$fmul          fz_ws.l(fmul.o)
    0x08006862   0x08006862   0x0000008c   Code   RO         2933    x$fpl$fnaninf       fz_ws.l(fnaninf.o)
    0x080068ee   0x080068ee   0x0000000a   Code   RO         2935    x$fpl$fretinf       fz_ws.l(fretinf.o)
    0x080068f8   0x080068f8   0x00000062   Code   RO         2780    x$fpl$frleqf        fz_ws.l(frleqf.o)
    0x0800695a   0x0800695a   0x00000002   PAD
    0x0800695c   0x0800695c   0x000000ea   Code   RO         2754    x$fpl$fsub          fz_ws.l(faddsub_clz.o)
    0x08006a46   0x08006a46   0x00000006   Code   RO         3052    x$fpl$ieeestatus    fz_ws.l(istatus.o)
    0x08006a4c   0x08006a4c   0x00000004   Code   RO         2937    x$fpl$printf1       fz_ws.l(printf1.o)
    0x08006a50   0x08006a50   0x00000004   Code   RO         2939    x$fpl$printf2       fz_ws.l(printf2.o)
    0x08006a54   0x08006a54   0x00000064   Code   RO         3134    x$fpl$retnan        fz_ws.l(retnan.o)
    0x08006ab8   0x08006ab8   0x0000005c   Code   RO         3091    x$fpl$scalbn        fz_ws.l(scalbn.o)
    0x08006b14   0x08006b14   0x00000004   Code   RO         3054    x$fpl$scanf1        fz_ws.l(scanf1.o)
    0x08006b18   0x08006b18   0x00000008   Code   RO         3115    x$fpl$scanf2        fz_ws.l(scanf2.o)
    0x08006b20   0x08006b20   0x00000030   Code   RO         3162    x$fpl$trapveneer    fz_ws.l(trapv.o)
    0x08006b50   0x08006b50   0x00000000   Code   RO         2945    x$fpl$usenofp       fz_ws.l(usenofp.o)
    0x08006b50   0x08006b50   0x00000010   Data   RO          605    .constdata          system_stm32f1xx.o
    0x08006b60   0x08006b60   0x00000008   Data   RO          606    .constdata          system_stm32f1xx.o
    0x08006b68   0x08006b68   0x00000012   Data   RO         1099    .constdata          stm32f1xx_hal_rcc.o
    0x08006b7a   0x08006b7a   0x0000001e   Data   RO         2431    .constdata          robstride01.o
    0x08006b98   0x08006b98   0x00000008   Data   RO         2806    .constdata          c_w.l(_printf_wctomb.o)
    0x08006ba0   0x08006ba0   0x00000028   Data   RO         2835    .constdata          c_w.l(_printf_hex_int_ll_ptr.o)
    0x08006bc8   0x08006bc8   0x00000011   Data   RO         2855    .constdata          c_w.l(__printf_flags_ss_wp.o)
    0x08006bd9   0x08006bd9   0x00000026   Data   RO         2968    .constdata          c_w.l(_printf_fp_hex.o)
    0x08006bff   0x08006bff   0x00000001   PAD
    0x08006c00   0x08006c00   0x00000094   Data   RO         3009    .constdata          c_w.l(bigflt0.o)
    0x08006c94   0x08006c94   0x00000020   Data   RO         3217    Region$$Table       anon$$obj.o
    0x08006cb4   0x08006cb4   0x00000008   Data   RO         3111    c$$dinf             fz_ws.l(fpconst.o)
    0x08006cbc   0x08006cbc   0x00000008   Data   RO         3114    c$$dmax             fz_ws.l(fpconst.o)
    0x08006cc4   0x08006cc4   0x0000001c   Data   RO         3033    locale$$data        c_w.l(lc_numeric_c.o)
    0x08006ce0   0x08006ce0   0x00000110   Data   RO         3078    locale$$data        c_w.l(lc_ctype_c.o)
    0x08006df0   0x08006df0   0x00000004   Data   RO           29    .init_array         main.o
    0x08006df4   0x08006df0   0x00000000   Data   RO         2735    .init_array         c_w.l(init_aeabi.o)


    Execution Region RW_IRAM1 (Exec base: 0x20000000, Load base: 0x08006df4, Size: 0x00001338, Max: 0x00010000, ABSOLUTE)

    Exec Addr    Load Addr    Size         Type   Attr      Idx    E Section Name        Object

    0x20000000   0x08006df4   0x00000009   Data   RW           26    .data               main.o
    0x20000009   0x08006dfd   0x00000003   PAD
    0x2000000c   0x08006e00   0x00000004   Data   RW          607    .data               system_stm32f1xx.o
    0x20000010   0x08006e04   0x0000000c   Data   RW          936    .data               stm32f1xx_hal.o
    0x2000001c   0x08006e10   0x00000008   Data   RW         2293    .data               debugc.o
    0x20000024   0x08006e18   0x00000004   Data   RW         2434    .data               robstride01.o
    0x20000028   0x08006e1c   0x0000000c   Data   RW         2666    .data               jetson_comm.o
    0x20000034   0x08006e28   0x00000004   PAD
    0x20000038        -       0x0000015c   Zero   RW           23    .bss                main.o
    0x20000194        -       0x00000028   Zero   RW          312    .bss                can.o
    0x200001bc        -       0x00000270   Zero   RW          383    .bss                usart.o
    0x2000042c        -       0x0000063c   Zero   RW         2292    .bss                debugc.o
    0x20000a68        -       0x00000269   Zero   RW         2665    .bss                jetson_comm.o
    0x20000cd1   0x08006e28   0x00000003   PAD
    0x20000cd4        -       0x00000060   Zero   RW         3065    .bss                c_w.l(libspace.o)
    0x20000d34   0x08006e28   0x00000004   PAD
    0x20000d38        -       0x00000200   Zero   RW            2    HEAP                startup_stm32f103xe.o
    0x20000f38        -       0x00000400   Zero   RW            1    STACK               startup_stm32f103xe.o


==============================================================================

Image component sizes


      Code (inc. data)   RO Data    RW Data    ZI Data      Debug   Object Name

       192         20          0          0         40       1495   can.o
       592         38          0          8       1596       4747   debugc.o
       124          4          0          0          0        714   dma.o
        44          6          0          0          0     464467   gpio.o
       260         44          0         12        617       3172   jetson_comm.o
       884        114          4          9        348     454986   main.o
      3418        322         30          4          0     424292   robstride01.o
        64         26        304          0       1536        780   startup_stm32f103xe.o
       164         28          0         12          0       6265   stm32f1xx_hal.o
      1624          0          0          0          0      13411   stm32f1xx_hal_can.o
       198         14          0          0          0      28719   stm32f1xx_hal_cortex.o
      1236         52          0          0          0       4910   stm32f1xx_hal_dma.o
       496         42          0          0          0       2172   stm32f1xx_hal_gpio.o
        60          8          0          0          0        790   stm32f1xx_hal_msp.o
      1244         84         18          0          0       5080   stm32f1xx_hal_rcc.o
      1958         38          0          0          0      15295   stm32f1xx_hal_uart.o
       152         60          0          0          0       8045   stm32f1xx_it.o
         2          0         24          4          0       1003   system_stm32f1xx.o
       808         64          0          0        624       3386   usart.o

    ----------------------------------------------------------------------
     13536        964        412         52       4768    1443729   Object Totals
         0          0         32          0          0          0   (incl. Generated)
        16          0          0          3          7          0   (incl. Padding)

    ----------------------------------------------------------------------

      Code (inc. data)   RO Data    RW Data    ZI Data      Debug   Library Member Name

         8          0          0          0          0         68   __main.o
       392          4         17          0          0         92   __printf_flags_ss_wp.o
        14          0          0          0          0         68   __printf_wp.o
         0          0          0          0          0          0   __rtentry.o
        12          0          0          0          0          0   __rtentry2.o
         6          0          0          0          0          0   __rtentry4.o
        52          8          0          0          0          0   __scatter.o
        26          0          0          0          0          0   __scatter_copy.o
        28          0          0          0          0          0   __scatter_zi.o
        28          0          0          0          0         68   _chval.o
         6          0          0          0          0          0   _printf_a.o
         6          0          0          0          0          0   _printf_c.o
        44          0          0          0          0        108   _printf_char.o
        48          6          0          0          0         96   _printf_char_common.o
        40          0          0          0          0         68   _printf_charcount.o
         6          0          0          0          0          0   _printf_d.o
       120         16          0          0          0         92   _printf_dec.o
         6          0          0          0          0          0   _printf_e.o
         6          0          0          0          0          0   _printf_f.o
      1054          0          0          0          0        216   _printf_fp_dec.o
       764          8         38          0          0        100   _printf_fp_hex.o
       128         16          0          0          0         84   _printf_fp_infnan.o
         6          0          0          0          0          0   _printf_g.o
       148          4         40          0          0        160   _printf_hex_int_ll_ptr.o
         6          0          0          0          0          0   _printf_i.o
       178          0          0          0          0         88   _printf_intcommon.o
        10          0          0          0          0          0   _printf_l.o
         6          0          0          0          0          0   _printf_lc.o
        10          0          0          0          0          0   _printf_ll.o
         6          0          0          0          0          0   _printf_lld.o
         6          0          0          0          0          0   _printf_lli.o
         6          0          0          0          0          0   _printf_llo.o
         6          0          0          0          0          0   _printf_llu.o
         6          0          0          0          0          0   _printf_llx.o
       124         16          0          0          0         92   _printf_longlong_dec.o
         6          0          0          0          0          0   _printf_ls.o
         6          0          0          0          0          0   _printf_n.o
         6          0          0          0          0          0   _printf_o.o
       112         10          0          0          0        124   _printf_oct_int_ll.o
         6          0          0          0          0          0   _printf_p.o
        78          0          0          0          0        108   _printf_pad.o
         0          0          0          0          0          0   _printf_percent.o
         4          0          0          0          0          0   _printf_percent_end.o
         6          0          0          0          0          0   _printf_s.o
        82          0          0          0          0         80   _printf_str.o
        36          0          0          0          0         84   _printf_truncate.o
         6          0          0          0          0          0   _printf_u.o
        44          0          0          0          0        108   _printf_wchar.o
       188          6          8          0          0         92   _printf_wctomb.o
         6          0          0          0          0          0   _printf_x.o
        22          0          0          0          0        100   _rserrno.o
        64          0          0          0          0         84   _sgetc.o
        16          0          0          0          0         68   _snputc.o
        10          0          0          0          0         68   _sputc.o
        64          0          0          0          0         92   _wcrtomb.o
       228          4        148          0          0         96   bigflt0.o
      2152        136          0          0          0        960   btod.o
        18          0          0          0          0         80   exit.o
         6          0          0          0          0        152   heapauxi.o
         0          0          0          0          0          0   indicate_semi.o
        36         10          0          0          0         80   init_aeabi.o
        18          0          0          0          0         76   isspace.o
        44         10        272          0          0         76   lc_ctype_c.o
        44         10         28          0          0         76   lc_numeric_c.o
         2          0          0          0          0          0   libinit.o
        34          0          0          0          0          0   libinit2.o
         2          0          0          0          0          0   libshutdown.o
         2          0          0          0          0          0   libshutdown2.o
         8          4          0          0         96         68   libspace.o
        38          0          0          0          0         68   llshl.o
       138          0          0          0          0         80   lludiv10.o
        16          4          0          0          0         76   rt_ctype_table.o
         8          4          0          0          0         68   rt_errno_addr_intlibspace.o
         8          4          0          0          0         68   rt_locale_intlibspace.o
        78          0          0          0          0         80   rt_memclr_w.o
       138          0          0          0          0         68   rt_memcpy_v6.o
       100          0          0          0          0         80   rt_memcpy_w.o
         2          0          0          0          0          0   rtexit.o
        10          0          0          0          0          0   rtexit2.o
      1272         16          0          0          0        168   scanf_fp.o
       800         14          0          0          0        100   scanf_hexfp.o
       308         16          0          0          0        100   scanf_infnan.o
       128          0          0          0          0         68   strcmpv7m.o
       164         14          0          0          0        120   strtod.o
        26          0          0          0          0         80   strtof.o
        12          4          0          0          0         68   sys_exit.o
        74          0          0          0          0         80   sys_stackheap_outer.o
         2          0          0          0          0         68   use_no_semi.o
        52          4          0          0          0         80   vsnprintf.o
        98          4          0          0          0         92   d2f.o
        16          4          0          0          0         68   dcheck1.o
        24          0          0          0          0         68   dcmpi.o
       120          4          0          0          0         92   deqf.o
        38          0          0          0          0         68   dflt_clz.o
       120          4          0          0          0         92   dleqf.o
       340         12          0          0          0        104   dmul.o
       156          4          0          0          0         92   dnaninf.o
        12          0          0          0          0         68   dretinf.o
       108          0          0          0          0         80   drleqf.o
        86          4          0          0          0         84   f2d.o
       430          8          0          0          0        168   faddsub_clz.o
        24          0          0          0          0         68   fcmpi.o
       388         76          0          0          0         96   fdiv.o
        54          4          0          0          0         84   ffix.o
        62          4          0          0          0         84   ffixu.o
        86          0          0          0          0        136   fflt_clz.o
       104          4          0          0          0         84   fleqf.o
       258          4          0          0          0         84   fmul.o
       140          4          0          0          0         84   fnaninf.o
         0          0         16          0          0          0   fpconst.o
        10          0          0          0          0         68   fretinf.o
        98          0          0          0          0         68   frleqf.o
         6          0          0          0          0         68   istatus.o
         4          0          0          0          0         68   printf1.o
         4          0          0          0          0         68   printf2.o
       100          0          0          0          0         68   retnan.o
        92          0          0          0          0         68   scalbn.o
         4          0          0          0          0         68   scanf1.o
         8          0          0          0          0         84   scanf2.o
        48          0          0          0          0         68   trapv.o
         0          0          0          0          0          0   usenofp.o
        30          6          0          0          0        136   dunder.o
        40          0          0          0          0         68   fpclassify.o
        88          8          0          0          0         76   frexp.o
       138          0          0          0          0        160   ldexp.o
       204          4          0          0          0        168   narrow.o
        20          0          0          0          0         76   strtof.o

    ----------------------------------------------------------------------
     13632        508        568          0        100       8768   Library Totals
        32          2          1          0          4          0   (incl. Padding)

    ----------------------------------------------------------------------

      Code (inc. data)   RO Data    RW Data    ZI Data      Debug   Library Name

     10042        348        551          0         96       5592   c_w.l
      3038        140         16          0          0       2492   fz_ws.l
       520         18          0          0          0        684   m_ws.l

    ----------------------------------------------------------------------
     13632        508        568          0        100       8768   Library Totals

    ----------------------------------------------------------------------

==============================================================================


      Code (inc. data)   RO Data    RW Data    ZI Data      Debug   

     27168       1472        980         52       4868    1440429   Grand Totals
     27168       1472        980         52       4868    1440429   ELF Image Totals
     27168       1472        980         52          0          0   ROM Totals

==============================================================================

    Total RO  Size (Code + RO Data)                28148 (  27.49kB)
    Total RW  Size (RW Data + ZI Data)              4920 (   4.80kB)
    Total ROM Size (Code + RO Data + RW Data)      28200 (  27.54kB)

==============================================================================

