Component: ARM Compiler 5.06 update 7 (build 960) Tool: armlink [4d3601]

==============================================================================

Section Cross References

    startup_stm32f103xe.o(STACK) refers (Special) to heapauxi.o(.text) for __use_two_region_memory
    startup_stm32f103xe.o(HEAP) refers (Special) to heapauxi.o(.text) for __use_two_region_memory
    startup_stm32f103xe.o(RESET) refers (Special) to heapauxi.o(.text) for __use_two_region_memory
    startup_stm32f103xe.o(RESET) refers to startup_stm32f103xe.o(STACK) for __initial_sp
    startup_stm32f103xe.o(RESET) refers to startup_stm32f103xe.o(.text) for Reset_Handler
    startup_stm32f103xe.o(RESET) refers to stm32f1xx_it.o(i.NMI_Handler) for NMI_Handler
    startup_stm32f103xe.o(RESET) refers to stm32f1xx_it.o(i.HardFault_Handler) for HardFault_Handler
    startup_stm32f103xe.o(RESET) refers to stm32f1xx_it.o(i.MemManage_Handler) for MemManage_Handler
    startup_stm32f103xe.o(RESET) refers to stm32f1xx_it.o(i.BusFault_Handler) for BusFault_Handler
    startup_stm32f103xe.o(RESET) refers to stm32f1xx_it.o(i.UsageFault_Handler) for UsageFault_Handler
    startup_stm32f103xe.o(RESET) refers to stm32f1xx_it.o(i.SVC_Handler) for SVC_Handler
    startup_stm32f103xe.o(RESET) refers to stm32f1xx_it.o(i.DebugMon_Handler) for DebugMon_Handler
    startup_stm32f103xe.o(RESET) refers to stm32f1xx_it.o(i.PendSV_Handler) for PendSV_Handler
    startup_stm32f103xe.o(RESET) refers to stm32f1xx_it.o(i.SysTick_Handler) for SysTick_Handler
    startup_stm32f103xe.o(RESET) refers to stm32f1xx_it.o(i.DMA1_Channel2_IRQHandler) for DMA1_Channel2_IRQHandler
    startup_stm32f103xe.o(RESET) refers to stm32f1xx_it.o(i.DMA1_Channel3_IRQHandler) for DMA1_Channel3_IRQHandler
    startup_stm32f103xe.o(RESET) refers to stm32f1xx_it.o(i.DMA1_Channel4_IRQHandler) for DMA1_Channel4_IRQHandler
    startup_stm32f103xe.o(RESET) refers to stm32f1xx_it.o(i.DMA1_Channel5_IRQHandler) for DMA1_Channel5_IRQHandler
    startup_stm32f103xe.o(RESET) refers to stm32f1xx_it.o(i.DMA1_Channel6_IRQHandler) for DMA1_Channel6_IRQHandler
    startup_stm32f103xe.o(RESET) refers to stm32f1xx_it.o(i.DMA1_Channel7_IRQHandler) for DMA1_Channel7_IRQHandler
    startup_stm32f103xe.o(RESET) refers to stm32f1xx_it.o(i.USB_LP_CAN1_RX0_IRQHandler) for USB_LP_CAN1_RX0_IRQHandler
    startup_stm32f103xe.o(RESET) refers to stm32f1xx_it.o(i.USART1_IRQHandler) for USART1_IRQHandler
    startup_stm32f103xe.o(RESET) refers to stm32f1xx_it.o(i.USART2_IRQHandler) for USART2_IRQHandler
    startup_stm32f103xe.o(RESET) refers to stm32f1xx_it.o(i.USART3_IRQHandler) for USART3_IRQHandler
    startup_stm32f103xe.o(.text) refers (Special) to heapauxi.o(.text) for __use_two_region_memory
    startup_stm32f103xe.o(.text) refers to system_stm32f1xx.o(i.SystemInit) for SystemInit
    startup_stm32f103xe.o(.text) refers to __main.o(!!!main) for __main
    startup_stm32f103xe.o(.text) refers to startup_stm32f103xe.o(HEAP) for Heap_Mem
    startup_stm32f103xe.o(.text) refers to startup_stm32f103xe.o(STACK) for Stack_Mem
    main.o(i.HAL_CAN_RxFifo0MsgPendingCallback) refers to stm32f1xx_hal_can.o(i.HAL_CAN_GetRxMessage) for HAL_CAN_GetRxMessage
    main.o(i.HAL_CAN_RxFifo0MsgPendingCallback) refers to robstride01.o(i._ZN15RobStride_Motor24RobStride_Motor_AnalysisEPhj) for RobStride_Motor::RobStride_Motor_Analysis(unsigned char*, unsigned)
    main.o(i.HAL_CAN_RxFifo0MsgPendingCallback) refers to main.o(.data) for .data
    main.o(i.HAL_CAN_RxFifo0MsgPendingCallback) refers to main.o(.bss) for .bss
    main.o(i._Z18SystemClock_Configv) refers to rt_memclr_w.o(.text) for __aeabi_memclr4
    main.o(i._Z18SystemClock_Configv) refers to stm32f1xx_hal_rcc.o(i.HAL_RCC_OscConfig) for HAL_RCC_OscConfig
    main.o(i._Z18SystemClock_Configv) refers to stm32f1xx_hal_rcc.o(i.HAL_RCC_ClockConfig) for HAL_RCC_ClockConfig
    main.o(i.__sti___6_main_c_035040fe) refers to robstride01.o(i._ZN15RobStride_MotorC1Ehb) for RobStride_Motor::RobStride_Motor(unsigned char, bool)
    main.o(i.__sti___6_main_c_035040fe) refers to main.o(.bss) for .bss
    main.o(i.main) refers to stm32f1xx_hal.o(i.HAL_Init) for HAL_Init
    main.o(i.main) refers to main.o(i._Z18SystemClock_Configv) for SystemClock_Config()
    main.o(i.main) refers to gpio.o(i.MX_GPIO_Init) for MX_GPIO_Init
    main.o(i.main) refers to dma.o(i.MX_DMA_Init) for MX_DMA_Init
    main.o(i.main) refers to can.o(i.MX_CAN_Init) for MX_CAN_Init
    main.o(i.main) refers to usart.o(i.MX_USART1_UART_Init) for MX_USART1_UART_Init
    main.o(i.main) refers to usart.o(i.MX_USART3_UART_Init) for MX_USART3_UART_Init
    main.o(i.main) refers to usart.o(i.MX_USART2_UART_Init) for MX_USART2_UART_Init
    main.o(i.main) refers to stm32f1xx_hal_can.o(i.HAL_CAN_ConfigFilter) for HAL_CAN_ConfigFilter
    main.o(i.main) refers to stm32f1xx_hal_can.o(i.HAL_CAN_Start) for HAL_CAN_Start
[...]
    TIM8_CC_IRQHandler                       0x08000297   Thumb Code     0  startup_stm32f103xe.o(.text)
    TIM8_TRG_COM_IRQHandler                  0x08000297   Thumb Code     0  startup_stm32f103xe.o(.text)
    TIM8_UP_IRQHandler                       0x08000297   Thumb Code     0  startup_stm32f103xe.o(.text)
    UART4_IRQHandler                         0x08000297   Thumb Code     0  startup_stm32f103xe.o(.text)
    UART5_IRQHandler                         0x08000297   Thumb Code     0  startup_stm32f103xe.o(.text)
    USBWakeUp_IRQHandler                     0x08000297   Thumb Code     0  startup_stm32f103xe.o(.text)
    USB_HP_CAN1_TX_IRQHandler                0x08000297   Thumb Code     0  startup_stm32f103xe.o(.text)
    WWDG_IRQHandler                          0x08000297   Thumb Code     0  startup_stm32f103xe.o(.text)
    __user_initial_stackheap                 0x08000299   Thumb Code     0  startup_stm32f103xe.o(.text)
    vsnprintf                                0x080002bd   Thumb Code    48  vsnprintf.o(.text)
    __aeabi_memcpy                           0x080002f1   Thumb Code     0  rt_memcpy_v6.o(.text)
    __rt_memcpy                              0x080002f1   Thumb Code   138  rt_memcpy_v6.o(.text)
    _memcpy_lastbytes                        0x08000357   Thumb Code     0  rt_memcpy_v6.o(.text)
    __aeabi_memcpy4                          0x0800037b   Thumb Code     0  rt_memcpy_w.o(.text)
    __aeabi_memcpy8                          0x0800037b   Thumb Code     0  rt_memcpy_w.o(.text)
    __rt_memcpy_w                            0x0800037b   Thumb Code   100  rt_memcpy_w.o(.text)
    _memcpy_lastbytes_aligned                0x080003c3   Thumb Code     0  rt_memcpy_w.o(.text)
    __aeabi_memclr4                          0x080003df   Thumb Code     0  rt_memclr_w.o(.text)
    __aeabi_memclr8                          0x080003df   Thumb Code     0  rt_memclr_w.o(.text)
    __rt_memclr_w                            0x080003df   Thumb Code    78  rt_memclr_w.o(.text)
    _memset_w                                0x080003e3   Thumb Code     0  rt_memclr_w.o(.text)
    __use_two_region_memory                  0x0800042d   Thumb Code     2  heapauxi.o(.text)
    __rt_heap_escrow$2region                 0x0800042f   Thumb Code     2  heapauxi.o(.text)
    __rt_heap_expand$2region                 0x08000431   Thumb Code     2  heapauxi.o(.text)
    __cpp_initialize__aeabi_                 0x08000435   Thumb Code    26  init_aeabi.o(.text)
    __read_errno                             0x08000459   Thumb Code    10  _rserrno.o(.text)
    __set_errno                              0x08000463   Thumb Code    12  _rserrno.o(.text)
    _printf_pre_padding                      0x0800046f   Thumb Code    44  _printf_pad.o(.text)
    _printf_post_padding                     0x0800049b   Thumb Code    34  _printf_pad.o(.text)
    _printf_truncate_signed                  0x080004bd   Thumb Code    18  _printf_truncate.o(.text)
    _printf_truncate_unsigned                0x080004cf   Thumb Code    18  _printf_truncate.o(.text)
    _printf_str                              0x080004e1   Thumb Code    82  _printf_str.o(.text)
    _printf_int_dec                          0x08000535   Thumb Code   104  _printf_dec.o(.text)
    _printf_charcount                        0x080005ad   Thumb Code    40  _printf_charcount.o(.text)
    _printf_char_common                      0x080005df   Thumb Code    32  _printf_char_common.o(.text)
    _sputc                                   0x08000605   Thumb Code    10  _sputc.o(.text)
    _snputc                                  0x0800060f   Thumb Code    16  _snputc.o(.text)
    _printf_wctomb                           0x08000621   Thumb Code   182  _printf_wctomb.o(.text)
    _printf_longlong_dec                     0x080006dd   Thumb Code   108  _printf_longlong_dec.o(.text)
    _printf_longlong_oct                     0x08000759   Thumb Code    66  _printf_oct_int_ll.o(.text)
    _printf_int_oct                          0x0800079b   Thumb Code    24  _printf_oct_int_ll.o(.text)
    _printf_ll_oct                           0x080007b3   Thumb Code    12  _printf_oct_int_ll.o(.text)
    _printf_longlong_hex                     0x080007c9   Thumb Code    86  _printf_hex_int_ll_ptr.o(.text)
    _printf_int_hex                          0x0800081f   Thumb Code    28  _printf_hex_int_ll_ptr.o(.text)
    _printf_ll_hex                           0x0800083b   Thumb Code    12  _printf_hex_int_ll_ptr.o(.text)
    _printf_hex_ptr                          0x08000847   Thumb Code    18  _printf_hex_int_ll_ptr.o(.text)
    __printf                                 0x0800085d   Thumb Code   388  __printf_flags_ss_wp.o(.text)
    __strtof_int                             0x080009e5   Thumb Code    26  strtof.o(.text)
    __aeabi_errno_addr                       0x08000a01   Thumb Code     8  rt_errno_addr_intlibspace.o(.text)
    __errno$intlibspace                      0x08000a01   Thumb Code     0  rt_errno_addr_intlibspace.o(.text)
    __rt_errno_addr$intlibspace              0x08000a01   Thumb Code     0  rt_errno_addr_intlibspace.o(.text)
    _ll_udiv10                               0x08000a09   Thumb Code   138  lludiv10.o(.text)
    _printf_int_common                       0x08000a93   Thumb Code   178  _printf_intcommon.o(.text)
    __lib_sel_fp_printf                      0x08000b45   Thumb Code     2  _printf_fp_dec.o(.text)
    _printf_fp_dec_real                      0x08000cf7   Thumb Code   620  _printf_fp_dec.o(.text)
    _printf_fp_hex_real                      0x08000f65   Thumb Code   756  _printf_fp_hex.o(.text)
    _printf_cs_common                        0x08001261   Thumb Code    20  _printf_char.o(.text)
    _printf_char                             0x08001275   Thumb Code    16  _printf_char.o(.text)
    _printf_string                           0x08001285   Thumb Code     8  _printf_char.o(.text)
    _printf_lcs_common                       0x0800128d   Thumb Code    20  _printf_wchar.o(.text)
    _printf_wchar                            0x080012a1   Thumb Code    16  _printf_wchar.o(.text)
    _printf_wstring                          0x080012b1   Thumb Code     8  _printf_wchar.o(.text)
    __strtod_int                             0x080012f5   Thumb Code    90  strtod.o(.text)
    _wcrtomb                                 0x0800135d   Thumb Code    64  _wcrtomb.o(.text)
    __user_libspace                          0x0800139d   Thumb Code     8  libspace.o(.text)
    __user_perproc_libspace                  0x0800139d   Thumb Code     0  libspace.o(.text)
    __user_perthread_libspace                0x0800139d   Thumb Code     0  libspace.o(.text)
    __user_setup_stackheap                   0x080013a5   Thumb Code    74  sys_stackheap_outer.o(.text)
    __rt_ctype_table                         0x080013f1   Thumb Code    16  rt_ctype_table.o(.text)
    __rt_locale                              0x08001401   Thumb Code     8  rt_locale_intlibspace.o(.text)
    isspace                                  0x08001409   Thumb Code    18  isspace.o(.text)
    _printf_fp_infnan                        0x0800141d   Thumb Code   112  _printf_fp_infnan.o(.text)
    _sgetc                                   0x0800149d   Thumb Code    30  _sgetc.o(.text)
    _sbackspace                              0x080014bb   Thumb Code    34  _sgetc.o(.text)
    _btod_etento                             0x080014dd   Thumb Code   224  bigflt0.o(.text)
    exit                                     0x080015c1   Thumb Code    18  exit.o(.text)
    _scanf_really_real                       0x08001821   Thumb Code   684  scanf_fp.o(.text)
    strcmp                                   0x08001acd   Thumb Code   128  strcmpv7m.o(.text)
    __I$use$semihosting                      0x08001b4d   Thumb Code     0  use_no_semi.o(.text)
    __use_no_semihosting_swi                 0x08001b4d   Thumb Code     2  use_no_semi.o(.text)
    __semihosting_library_function           0x08001b4f   Thumb Code     0  indicate_semi.o(.text)
    _sys_exit                                0x08001b51   Thumb Code     8  sys_exit.o(.text)
    _scanf_really_hex_real                   0x08001b5d   Thumb Code   786  scanf_hexfp.o(.text)
    _scanf_really_infnan                     0x08001e7d   Thumb Code   292  scanf_infnan.o(.text)
    __aeabi_llsl                             0x08001fb1   Thumb Code     0  llshl.o(.text)
    _ll_shift_l                              0x08001fb1   Thumb Code    38  llshl.o(.text)
    _chval                                   0x08001fd7   Thumb Code    28  _chval.o(.text)
    _btod_d2e                                0x08001ff3   Thumb Code    62  btod.o(CL$$btod_d2e)
    _d2e_denorm_low                          0x08002031   Thumb Code    70  btod.o(CL$$btod_d2e_denorm_low)
    _d2e_norm_op1                            0x08002077   Thumb Code    96  btod.o(CL$$btod_d2e_norm_op1)
    __btod_div_common                        0x080020d7   Thumb Code   696  btod.o(CL$$btod_div_common)
    _e2d                                     0x08002411   Thumb Code   122  btod.o(CL$$btod_e2d)
    _e2e                                     0x08002495   Thumb Code   220  btod.o(CL$$btod_e2e)
    _btod_ediv                               0x08002571   Thumb Code    42  btod.o(CL$$btod_ediv)
    _btod_edivd                              0x0800259b   Thumb Code    42  btod.o(CL$$btod_edivd)
    _btod_emul                               0x080025c5   Thumb Code    42  btod.o(CL$$btod_emul)
    _btod_emuld                              0x080025ef   Thumb Code    42  btod.o(CL$$btod_emuld)
    __btod_mult_common                       0x08002619   Thumb Code   580  btod.o(CL$$btod_mult_common)
    BusFault_Handler                         0x0800285d   Thumb Code     2  stm32f1xx_it.o(i.BusFault_Handler)
    DEBUGC_UartIdleCallback                  0x08002861   Thumb Code   464  debugc.o(i.DEBUGC_UartIdleCallback)
    DEBUGC_UartInit                          0x08002a3d   Thumb Code    22  debugc.o(i.DEBUGC_UartInit)
    DEBUGC_UartIrqHandler                    0x08002a5d   Thumb Code    34  debugc.o(i.DEBUGC_UartIrqHandler)
    DMA1_Channel2_IRQHandler                 0x08002a85   Thumb Code     6  stm32f1xx_it.o(i.DMA1_Channel2_IRQHandler)
    DMA1_Channel3_IRQHandler                 0x08002a91   Thumb Code     6  stm32f1xx_it.o(i.DMA1_Channel3_IRQHandler)
    DMA1_Channel4_IRQHandler                 0x08002a9d   Thumb Code     6  stm32f1xx_it.o(i.DMA1_Channel4_IRQHandler)
    DMA1_Channel5_IRQHandler                 0x08002aa9   Thumb Code     6  stm32f1xx_it.o(i.DMA1_Channel5_IRQHandler)
    DMA1_Channel6_IRQHandler                 0x08002ab5   Thumb Code     6  stm32f1xx_it.o(i.DMA1_Channel6_IRQHandler)
    DMA1_Channel7_IRQHandler                 0x08002ac1   Thumb Code     6  stm32f1xx_it.o(i.DMA1_Channel7_IRQHandler)
    DebugMon_Handler                         0x08002af7   Thumb Code     2  stm32f1xx_it.o(i.DebugMon_Handler)
    Debug_Param                              0x08002af9   Thumb Code     8  debugc.o(i.Debug_Param)
    Error_Handler                            0x08002b05   Thumb Code     4  main.o(i.Error_Handler)
    HAL_CAN_ActivateNotification             0x08002b09   Thumb Code    36  stm32f1xx_hal_can.o(i.HAL_CAN_ActivateNotification)
    HAL_CAN_AddTxMessage                     0x08002b2d   Thumb Code   208  stm32f1xx_hal_can.o(i.HAL_CAN_AddTxMessage)
    HAL_CAN_ConfigFilter                     0x08002bfd   Thumb Code   236  stm32f1xx_hal_can.o(i.HAL_CAN_ConfigFilter)
    HAL_CAN_ErrorCallback                    0x08002ce9   Thumb Code     2  stm32f1xx_hal_can.o(i.HAL_CAN_ErrorCallback)
    HAL_CAN_GetRxMessage                     0x08002ceb   Thumb Code   244  stm32f1xx_hal_can.o(i.HAL_CAN_GetRxMessage)
    HAL_CAN_IRQHandler                       0x08002ddf   Thumb Code   508  stm32f1xx_hal_can.o(i.HAL_CAN_IRQHandler)
    HAL_CAN_Init                             0x08002fdb   Thumb Code   282  stm32f1xx_hal_can.o(i.HAL_CAN_Init)
    HAL_CAN_MspInit                          0x080030f5   Thumb Code   112  can.o(i.HAL_CAN_MspInit)
    HAL_CAN_RxFifo0FullCallback              0x08003171   Thumb Code     2  stm32f1xx_hal_can.o(i.HAL_CAN_RxFifo0FullCallback)
    HAL_CAN_RxFifo0MsgPendingCallback        0x08003175   Thumb Code    46  main.o(i.HAL_CAN_RxFifo0MsgPendingCallback)
    HAL_CAN_RxFifo1FullCallback              0x080031ad   Thumb Code     2  stm32f1xx_hal_can.o(i.HAL_CAN_RxFifo1FullCallback)
    HAL_CAN_RxFifo1MsgPendingCallback        0x080031af   Thumb Code     2  stm32f1xx_hal_can.o(i.HAL_CAN_RxFifo1MsgPendingCallback)
    HAL_CAN_SleepCallback                    0x080031b1   Thumb Code     2  stm32f1xx_hal_can.o(i.HAL_CAN_SleepCallback)
    HAL_CAN_Start                            0x080031b3   Thumb Code    86  stm32f1xx_hal_can.o(i.HAL_CAN_Start)
    HAL_CAN_TxMailbox0AbortCallback          0x08003209   Thumb Code     2  stm32f1xx_hal_can.o(i.HAL_CAN_TxMailbox0AbortCallback)
    HAL_CAN_TxMailbox0CompleteCallback       0x0800320b   Thumb Code     2  stm32f1xx_hal_can.o(i.HAL_CAN_TxMailbox0CompleteCallback)
    HAL_CAN_TxMailbox1AbortCallback          0x0800320d   Thumb Code     2  stm32f1xx_hal_can.o(i.HAL_CAN_TxMailbox1AbortCallback)
    HAL_CAN_TxMailbox1CompleteCallback       0x0800320f   Thumb Code     2  stm32f1xx_hal_can.o(i.HAL_CAN_TxMailbox1CompleteCallback)
    HAL_CAN_TxMailbox2AbortCallback          0x08003211   Thumb Code     2  stm32f1xx_hal_can.o(i.HAL_CAN_TxMailbox2AbortCallback)
    HAL_CAN_TxMailbox2CompleteCallback       0x08003213   Thumb Code     2  stm32f1xx_hal_can.o(i.HAL_CAN_TxMailbox2CompleteCallback)
    HAL_CAN_WakeUpFromRxMsgCallback          0x08003215   Thumb Code     2  stm32f1xx_hal_can.o(i.HAL_CAN_WakeUpFromRxMsgCallback)
    HAL_DMA_Abort                            0x08003217   Thumb Code    70  stm32f1xx_hal_dma.o(i.HAL_DMA_Abort)
    HAL_DMA_Abort_IT                         0x0800325d   Thumb Code   296  stm32f1xx_hal_dma.o(i.HAL_DMA_Abort_IT)
    HAL_DMA_IRQHandler                       0x0800338d   Thumb Code   552  stm32f1xx_hal_dma.o(i.HAL_DMA_IRQHandler)
    HAL_DMA_Init                             0x080035d5   Thumb Code   112  stm32f1xx_hal_dma.o(i.HAL_DMA_Init)
    HAL_DMA_Start_IT                         0x08003651   Thumb Code   112  stm32f1xx_hal_dma.o(i.HAL_DMA_Start_IT)
    HAL_Delay                                0x080036c1   Thumb Code    32  stm32f1xx_hal.o(i.HAL_Delay)
    HAL_GPIO_Init                            0x080036e5   Thumb Code   454  stm32f1xx_hal_gpio.o(i.HAL_GPIO_Init)
    HAL_GetTick                              0x080038d5   Thumb Code     6  stm32f1xx_hal.o(i.HAL_GetTick)
    HAL_IncTick                              0x080038e1   Thumb Code    12  stm32f1xx_hal.o(i.HAL_IncTick)
    HAL_Init                                 0x080038f1   Thumb Code    32  stm32f1xx_hal.o(i.HAL_Init)
    HAL_InitTick                             0x08003915   Thumb Code    54  stm32f1xx_hal.o(i.HAL_InitTick)
    HAL_MspInit                              0x08003955   Thumb Code    52  stm32f1xx_hal_msp.o(i.HAL_MspInit)
    HAL_NVIC_EnableIRQ                       0x08003991   Thumb Code    26  stm32f1xx_hal_cortex.o(i.HAL_NVIC_EnableIRQ)
    HAL_NVIC_SetPriority                     0x080039ad   Thumb Code    60  stm32f1xx_hal_cortex.o(i.HAL_NVIC_SetPriority)
    HAL_NVIC_SetPriorityGrouping             0x080039ed   Thumb Code    26  stm32f1xx_hal_cortex.o(i.HAL_NVIC_SetPriorityGrouping)
    HAL_RCC_ClockConfig                      0x08003a11   Thumb Code   292  stm32f1xx_hal_rcc.o(i.HAL_RCC_ClockConfig)
    HAL_RCC_GetPCLK1Freq                     0x08003b49   Thumb Code    20  stm32f1xx_hal_rcc.o(i.HAL_RCC_GetPCLK1Freq)
    HAL_RCC_GetPCLK2Freq                     0x08003b69   Thumb Code    20  stm32f1xx_hal_rcc.o(i.HAL_RCC_GetPCLK2Freq)
    HAL_RCC_GetSysClockFreq                  0x08003b89   Thumb Code    58  stm32f1xx_hal_rcc.o(i.HAL_RCC_GetSysClockFreq)
    HAL_RCC_OscConfig                        0x08003bd5   Thumb Code   770  stm32f1xx_hal_rcc.o(i.HAL_RCC_OscConfig)
    HAL_SYSTICK_Config                       0x08003eed   Thumb Code    40  stm32f1xx_hal_cortex.o(i.HAL_SYSTICK_Config)
    HAL_UARTEx_RxEventCallback               0x08003f15   Thumb Code     2  stm32f1xx_hal_uart.o(i.HAL_UARTEx_RxEventCallback)
    HAL_UART_DMAStop                         0x08003f17   Thumb Code   112  stm32f1xx_hal_uart.o(i.HAL_UART_DMAStop)
    HAL_UART_ErrorCallback                   0x08003f87   Thumb Code     2  stm32f1xx_hal_uart.o(i.HAL_UART_ErrorCallback)
    HAL_UART_IRQHandler                      0x08003f89   Thumb Code   616  stm32f1xx_hal_uart.o(i.HAL_UART_IRQHandler)
    HAL_UART_Init                            0x080041f5   Thumb Code   100  stm32f1xx_hal_uart.o(i.HAL_UART_Init)
    HAL_UART_MspInit                         0x08004259   Thumb Code   600  usart.o(i.HAL_UART_MspInit)
    HAL_UART_Receive_DMA                     0x080044d9   Thumb Code    28  stm32f1xx_hal_uart.o(i.HAL_UART_Receive_DMA)
    HAL_UART_RxCpltCallback                  0x080044f5   Thumb Code     2  stm32f1xx_hal_uart.o(i.HAL_UART_RxCpltCallback)
    HAL_UART_RxHalfCpltCallback              0x080044f7   Thumb Code     2  stm32f1xx_hal_uart.o(i.HAL_UART_RxHalfCpltCallback)
    HAL_UART_Transmit_DMA                    0x080044f9   Thumb Code   110  stm32f1xx_hal_uart.o(i.HAL_UART_Transmit_DMA)
    HAL_UART_TxCpltCallback                  0x08004575   Thumb Code     2  stm32f1xx_hal_uart.o(i.HAL_UART_TxCpltCallback)
    HAL_UART_TxHalfCpltCallback              0x08004577   Thumb Code     2  stm32f1xx_hal_uart.o(i.HAL_UART_TxHalfCpltCallback)
    HardFault_Handler                        0x08004579   Thumb Code     2  stm32f1xx_it.o(i.HardFault_Handler)
    JETSON_Init                              0x0800457d   Thumb Code    24  jetson_comm.o(i.JETSON_Init)
    JETSON_PollReceiver                      0x080045a1   Thumb Code    60  jetson_comm.o(i.JETSON_PollReceiver)
    JETSON_SendData                          0x080045e9   Thumb Code    54  jetson_comm.o(i.JETSON_SendData)
    MX_CAN_Init                              0x08004629   Thumb Code    60  can.o(i.MX_CAN_Init)
    MX_DMA_Init                              0x0800466d   Thumb Code   120  dma.o(i.MX_DMA_Init)
    MX_GPIO_Init                             0x080046e9   Thumb Code    38  gpio.o(i.MX_GPIO_Init)
    MX_USART1_UART_Init                      0x08004715   Thumb Code    48  usart.o(i.MX_USART1_UART_Init)
    MX_USART2_UART_Init                      0x0800474d   Thumb Code    48  usart.o(i.MX_USART2_UART_Init)
    MX_USART3_UART_Init                      0x08004785   Thumb Code    48  usart.o(i.MX_USART3_UART_Init)
    MemManage_Handler                        0x080047bd   Thumb Code     2  stm32f1xx_it.o(i.MemManage_Handler)
    NMI_Handler                              0x080047bf   Thumb Code     2  stm32f1xx_it.o(i.NMI_Handler)
    PendSV_Handler                           0x080047c1   Thumb Code     2  stm32f1xx_it.o(i.PendSV_Handler)
    SVC_Handler                              0x0800481d   Thumb Code     2  stm32f1xx_it.o(i.SVC_Handler)
    SysTick_Handler                          0x0800481f   Thumb Code     4  stm32f1xx_it.o(i.SysTick_Handler)
    SystemInit                               0x08004823   Thumb Code     2  system_stm32f1xx.o(i.SystemInit)
    UART_Start_Receive_DMA                   0x08004b55   Thumb Code   134  stm32f1xx_hal_uart.o(i.UART_Start_Receive_DMA)
    USART1_IRQHandler                        0x08004be9   Thumb Code     6  stm32f1xx_it.o(i.USART1_IRQHandler)
    USART2_IRQHandler                        0x08004bf5   Thumb Code    18  stm32f1xx_it.o(i.USART2_IRQHandler)
    USART3_IRQHandler                        0x08004c0d   Thumb Code     6  stm32f1xx_it.o(i.USART3_IRQHandler)
    USB_LP_CAN1_RX0_IRQHandler               0x08004c19   Thumb Code     6  stm32f1xx_it.o(i.USB_LP_CAN1_RX0_IRQHandler)
    UsageFault_Handler                       0x08004c25   Thumb Code     2  stm32f1xx_it.o(i.UsageFault_Handler)
    Byte_to_float(unsigned char*)            0x08004c27   Thumb Code    22  robstride01.o(i._Z13Byte_to_floatPh)
    float_to_uint(float, float, float, int)  0x08004c3d   Thumb Code    86  robstride01.o(i._Z13float_to_uintfffi)
    uint16_to_float(unsigned short, float, float, int) 0x08004c93   Thumb Code    60  robstride01.o(i._Z15uint16_to_floattffi)
    SystemClock_Config()                     0x08004ccf   Thumb Code    92  main.o(i._Z18SystemClock_Configv)
    mapFaults(unsigned short)                0x08004d2b   Thumb Code    52  robstride01.o(i._Z9mapFaultst)
    RobStride_Motor::Set_ZeroPos()           0x08004d61   Thumb Code    72  robstride01.o(i._ZN15RobStride_Motor11Set_ZeroPosEv)
    RobStride_Motor::Enable_Motor()          0x08004db1   Thumb Code    68  robstride01.o(i._ZN15RobStride_Motor12Enable_MotorEv)
    RobStride_Motor::Disenable_Motor(unsigned char) 0x08004dfd   Thumb Code    90  robstride01.o(i._ZN15RobStride_Motor15Disenable_MotorEh)
    RobStride_Motor::RobStride_Motor_Analysis(unsigned char*, unsigned) 0x08004e61   Thumb Code   504  robstride01.o(i._ZN15RobStride_Motor24RobStride_Motor_AnalysisEPhj)
    RobStride_Motor::RobStride_Motor_MIT_Enable() 0x0800507d   Thumb Code    72  robstride01.o(i._ZN15RobStride_Motor26RobStride_Motor_MIT_EnableEv)
    RobStride_Motor::RobStride_Motor_CSP_control(float, float) 0x080050cd   Thumb Code   100  robstride01.o(i._ZN15RobStride_Motor27RobStride_Motor_CSP_controlEff)
    RobStride_Motor::RobStride_Motor_MIT_Control(float, float, float, float, float) 0x08005135   Thumb Code   238  robstride01.o(i._ZN15RobStride_Motor27RobStride_Motor_MIT_ControlEfffff)
    RobStride_Motor::RobStride_Motor_MIT_Disable() 0x0800524d   Thumb Code    72  robstride01.o(i._ZN15RobStride_Motor27RobStride_Motor_MIT_DisableEv)
    RobStride_Motor::RobStride_Motor_Pos_control(float, float) 0x0800529d   Thumb Code   102  robstride01.o(i._ZN15RobStride_Motor27RobStride_Motor_Pos_controlEff)
    RobStride_Motor::RobStride_Motor_MotorModeSet(unsigned char) 0x08005305   Thumb Code    94  robstride01.o(i._ZN15RobStride_Motor28RobStride_Motor_MotorModeSetEh)
    RobStride_Motor::RobStride_Motor_move_control(float, float, float, float, float) 0x0800536d   Thumb Code   278  robstride01.o(i._ZN15RobStride_Motor28RobStride_Motor_move_controlEfffff)
    RobStride_Motor::Get_RobStride_Motor_parameter(unsigned short) 0x080054ad   Thumb Code    62  robstride01.o(i._ZN15RobStride_Motor29Get_RobStride_Motor_parameterEt)
    RobStride_Motor::RobStride_Motor_MotorDataSave() 0x080054f5   Thumb Code    96  robstride01.o(i._ZN15RobStride_Motor29RobStride_Motor_MotorDataSaveEv)
    RobStride_Motor::RobStride_Motor_Speed_control(float, float) 0x0800555d   Thumb Code    96  robstride01.o(i._ZN15RobStride_Motor29RobStride_Motor_Speed_controlEff)
    RobStride_Motor::Set_RobStride_Motor_parameter(unsigned short, float, char) 0x080055c1   Thumb Code   118  robstride01.o(i._ZN15RobStride_Motor29Set_RobStride_Motor_parameterEtfc)
    RobStride_Motor::RobStride_Motor_BaudRateChange(unsigned char) 0x08005641   Thumb Code    94  robstride01.o(i._ZN15RobStride_Motor30RobStride_Motor_BaudRateChangeEh)
    RobStride_Motor::RobStride_Motor_MIT_SetMotorId(unsigned char) 0x080056a9   Thumb Code    74  robstride01.o(i._ZN15RobStride_Motor30RobStride_Motor_MIT_SetMotorIdEh)
    RobStride_Motor::RobStride_Motor_MIT_SetZeroPos() 0x080056fd   Thumb Code    74  robstride01.o(i._ZN15RobStride_Motor30RobStride_Motor_MIT_SetZeroPosEv)
    RobStride_Motor::RobStride_Motor_current_control(float) 0x08005751   Thumb Code    66  robstride01.o(i._ZN15RobStride_Motor31RobStride_Motor_current_controlEf)
    RobStride_Motor::RobStride_Motor_MIT_MotorModeSet(unsigned char) 0x08005799   Thumb Code    74  robstride01.o(i._ZN15RobStride_Motor32RobStride_Motor_MIT_MotorModeSetEh)
    RobStride_Motor::RobStride_Motor_MIT_SetMotorType(unsigned char) 0x080057ed   Thumb Code    74  robstride01.o(i._ZN15RobStride_Motor32RobStride_Motor_MIT_SetMotorTypeEh)
    RobStride_Motor::RobStride_Motor_MIT_SpeedControl(float, float) 0x08005841   Thumb Code    46  robstride01.o(i._ZN15RobStride_Motor32RobStride_Motor_MIT_SpeedControlEff)
    RobStride_Motor::RobStride_Motor_MIT_PositionControl(float, float) 0x08005879   Thumb Code    46  robstride01.o(i._ZN15RobStride_Motor35RobStride_Motor_MIT_PositionControlEff)
    RobStride_Motor::RobStride_Motor_MIT_ClearOrCheckError(unsigned char) 0x080058b1   Thumb Code    74  robstride01.o(i._ZN15RobStride_Motor37RobStride_Motor_MIT_ClearOrCheckErrorEh)
    RobStride_Motor::RobStride_Motor_ProactiveEscalationSet(unsigned char) 0x08005905   Thumb Code    94  robstride01.o(i._ZN15RobStride_Motor38RobStride_Motor_ProactiveEscalationSetEh)
    RobStride_Motor::RobStride_Motor(unsigned char, bool) 0x0800596d   Thumb Code    36  robstride01.o(i._ZN15RobStride_MotorC1Ehb)
    RobStride_Motor::RobStride_Motor__sub_object(unsigned char, bool) 0x0800596d   Thumb Code     0  robstride01.o(i._ZN15RobStride_MotorC1Ehb)
    data_read_write::data_read_write(const unsigned short*) 0x08005995   Thumb Code    76  robstride01.o(i._ZN15data_read_writeC1EPKt)
    data_read_write::data_read_write__sub_object(const unsigned short*) 0x08005995   Thumb Code     0  robstride01.o(i._ZN15data_read_writeC1EPKt)
    __ARM_fpclassify                         0x080059e1   Thumb Code    40  fpclassify.o(i.__ARM_fpclassify)
    __ARM_fpclassifyf                        0x08005a09   Thumb Code    38  fpclassifyf.o(i.__ARM_fpclassifyf)
    __mathlib_dbl_overflow                   0x08005a4f   Thumb Code    14  dunder.o(i.__mathlib_dbl_overflow)
    __mathlib_dbl_underflow                  0x08005a5d   Thumb Code    10  dunder.o(i.__mathlib_dbl_underflow)
    __mathlib_flt_infnan                     0x08005a6d   Thumb Code     6  funder.o(i.__mathlib_flt_infnan)
    __mathlib_flt_invalid                    0x08005a73   Thumb Code     8  funder.o(i.__mathlib_flt_invalid)
    __mathlib_flt_underflow                  0x08005a7b   Thumb Code    10  funder.o(i.__mathlib_flt_underflow)
    __mathlib_narrow                         0x08005a85   Thumb Code    16  narrow.o(i.__mathlib_narrow)
    __mathlib_rredf2                         0x08005a95   Thumb Code   344  rredf.o(i.__mathlib_rredf2)
    __mathlib_tofloat                        0x08005bfd   Thumb Code   184  narrow.o(i.__mathlib_tofloat)
    __support_ldexp                          0x08005cc9   Thumb Code    22  ldexp.o(i.__support_ldexp)
    _is_digit                                0x08005cdf   Thumb Code    14  __printf_wp.o(i._is_digit)
    frexp                                    0x08005ced   Thumb Code    80  frexp.o(i.frexp)
    ldexp                                    0x08005d45   Thumb Code   116  ldexp.o(i.ldexp)
    main                                     0x08005db9   Thumb Code   700  main.o(i.main)
    sinf                                     0x080060cd   Thumb Code   338  sinf.o(i.sinf)
    strtof                                   0x08006255   Thumb Code    20  strtof.o(i.strtof)
    usart_printf                             0x08006269   Thumb Code    34  debugc.o(i.usart_printf)
    _get_lc_numeric                          0x08006295   Thumb Code    44  lc_numeric_c.o(locale$$code)
    _get_lc_ctype                            0x080062c1   Thumb Code    44  lc_ctype_c.o(locale$$code)
    __aeabi_d2f                              0x080062ed   Thumb Code     0  d2f.o(x$fpl$d2f)
    _d2f                                     0x080062ed   Thumb Code    98  d2f.o(x$fpl$d2f)
    __fpl_dcheck_NaN1                        0x08006351   Thumb Code    10  dcheck1.o(x$fpl$dcheck1)
    __fpl_dcmp_Inf                           0x08006361   Thumb Code    24  dcmpi.o(x$fpl$dcmpinf)
    __aeabi_cdcmpeq                          0x08006379   Thumb Code     0  deqf.o(x$fpl$deqf)
    _dcmpeq                                  0x08006379   Thumb Code   120  deqf.o(x$fpl$deqf)
    __aeabi_ui2d                             0x080063f1   Thumb Code     0  dflt_clz.o(x$fpl$dfltu)
    _dfltu                                   0x080063f1   Thumb Code    38  dflt_clz.o(x$fpl$dfltu)
    __aeabi_cdcmple                          0x08006419   Thumb Code     0  dleqf.o(x$fpl$dleqf)
    _dcmple                                  0x08006419   Thumb Code   120  dleqf.o(x$fpl$dleqf)
    __fpl_dcmple_InfNaN                      0x0800647b   Thumb Code     0  dleqf.o(x$fpl$dleqf)
    __aeabi_dmul                             0x08006491   Thumb Code     0  dmul.o(x$fpl$dmul)
    _dmul                                    0x08006491   Thumb Code   332  dmul.o(x$fpl$dmul)
    __fpl_dnaninf                            0x080065e5   Thumb Code   156  dnaninf.o(x$fpl$dnaninf)
    __fpl_dretinf                            0x08006681   Thumb Code    12  dretinf.o(x$fpl$dretinf)
    __aeabi_cdrcmple                         0x0800668d   Thumb Code     0  drleqf.o(x$fpl$drleqf)
    _drcmple                                 0x0800668d   Thumb Code   108  drleqf.o(x$fpl$drleqf)
    __aeabi_f2d                              0x080066f9   Thumb Code     0  f2d.o(x$fpl$f2d)
    _f2d                                     0x080066f9   Thumb Code    86  f2d.o(x$fpl$f2d)
    __aeabi_fadd                             0x08006751   Thumb Code     0  faddsub_clz.o(x$fpl$fadd)
    _fadd                                    0x08006751   Thumb Code   196  faddsub_clz.o(x$fpl$fadd)
    __fpl_fcheck_NaN1                        0x08006815   Thumb Code     6  fcheck1.o(x$fpl$fcheck1)
    __fpl_fcmp_Inf                           0x08006821   Thumb Code    24  fcmpi.o(x$fpl$fcmpinf)
    __aeabi_fdiv                             0x08006839   Thumb Code     0  fdiv.o(x$fpl$fdiv)
    _fdiv                                    0x08006839   Thumb Code   384  fdiv.o(x$fpl$fdiv)
    __aeabi_f2iz                             0x080069bd   Thumb Code     0  ffix.o(x$fpl$ffix)
    _ffix                                    0x080069bd   Thumb Code    54  ffix.o(x$fpl$ffix)
    __aeabi_f2uiz                            0x080069f5   Thumb Code     0  ffixu.o(x$fpl$ffixu)
    _ffixu                                   0x080069f5   Thumb Code    62  ffixu.o(x$fpl$ffixu)
    __aeabi_i2f                              0x08006a35   Thumb Code     0  fflt_clz.o(x$fpl$fflt)
    _fflt                                    0x08006a35   Thumb Code    48  fflt_clz.o(x$fpl$fflt)
    __aeabi_ui2f                             0x08006a65   Thumb Code     0  fflt_clz.o(x$fpl$ffltu)
    _ffltu                                   0x08006a65   Thumb Code    38  fflt_clz.o(x$fpl$ffltu)
    __aeabi_cfcmple                          0x08006a8d   Thumb Code     0  fleqf.o(x$fpl$fleqf)
    _fcmple                                  0x08006a8d   Thumb Code   104  fleqf.o(x$fpl$fleqf)
    __fpl_fcmple_InfNaN                      0x08006adf   Thumb Code     0  fleqf.o(x$fpl$fleqf)
    __aeabi_fmul                             0x08006af5   Thumb Code     0  fmul.o(x$fpl$fmul)
    _fmul                                    0x08006af5   Thumb Code   258  fmul.o(x$fpl$fmul)
    __fpl_fnaninf                            0x08006bf7   Thumb Code   140  fnaninf.o(x$fpl$fnaninf)
    __fpl_fretinf                            0x08006c83   Thumb Code    10  fretinf.o(x$fpl$fretinf)
    __aeabi_cfrcmple                         0x08006c8d   Thumb Code     0  frleqf.o(x$fpl$frleqf)
    _frcmple                                 0x08006c8d   Thumb Code    98  frleqf.o(x$fpl$frleqf)
    _frnd                                    0x08006cf1   Thumb Code    96  frnd.o(x$fpl$frnd)
    __aeabi_frsub                            0x08006d51   Thumb Code     0  faddsub_clz.o(x$fpl$frsb)
    _frsb                                    0x08006d51   Thumb Code    20  faddsub_clz.o(x$fpl$frsb)
    __aeabi_fsub                             0x08006d65   Thumb Code     0  faddsub_clz.o(x$fpl$fsub)
    _fsub                                    0x08006d65   Thumb Code   234  faddsub_clz.o(x$fpl$fsub)
    __ieee_status                            0x08006e4f   Thumb Code     6  istatus.o(x$fpl$ieeestatus)
    _printf_fp_dec                           0x08006e55   Thumb Code     4  printf1.o(x$fpl$printf1)
    _printf_fp_hex                           0x08006e59   Thumb Code     4  printf2.o(x$fpl$printf2)
    __fpl_return_NaN                         0x08006e5d   Thumb Code   100  retnan.o(x$fpl$retnan)
    __ARM_scalbn                             0x08006ec1   Thumb Code    92  scalbn.o(x$fpl$scalbn)
    __ARM_scalbnf                            0x08006f1d   Thumb Code    76  scalbnf.o(x$fpl$scalbnf)
    _scanf_real                              0x08006f69   Thumb Code     4  scanf1.o(x$fpl$scanf1)
    _scanf_hex_real                          0x08006f6d   Thumb Code     4  scanf2.o(x$fpl$scanf2)
    _scanf_infnan                            0x08006f71   Thumb Code     4  scanf2.o(x$fpl$scanf2)
    __fpl_cmpreturn                          0x08006f75   Thumb Code    48  trapv.o(x$fpl$trapveneer)
    AHBPrescTable                            0x08006fa4   Data          16  system_stm32f1xx.o(.constdata)
    __I$use$fp                               0x08006fa4   Number         0  usenofp.o(x$fpl$usenofp)
    APBPrescTable                            0x08006fb4   Data           8  system_stm32f1xx.o(.constdata)
    Region$$Table$$Base                      0x0800710c   Number         0  anon$$obj.o(Region$$Table)
    Region$$Table$$Limit                     0x0800712c   Number         0  anon$$obj.o(Region$$Table)
    __aeabi_HUGE_VAL                         0x0800712c   Data           0  fpconst.o(c$$dinf)
    __aeabi_HUGE_VALL                        0x0800712c   Data           0  fpconst.o(c$$dinf)
    __aeabi_INFINITY                         0x0800712c   Data           0  fpconst.o(c$$dinf)
    __dInf                                   0x0800712c   Data           0  fpconst.o(c$$dinf)
    __huge_val                               0x0800712c   Data           0  fpconst.o(c$$dinf)
    __dbl_max                                0x08007134   Data           0  fpconst.o(c$$dmax)
    __ctype                                  0x08007165   Data           0  lc_ctype_c.o(locale$$data)
    SHT$$INIT_ARRAY$$Base                    0x08007268   Number         0  main.o(.init_array)
    SHT$$INIT_ARRAY$$Limit                   0x0800726c   Number         0  init_aeabi.o(.init_array)
    mode                                     0x20000000   Data           1  main.o(.data)
    RxData                                   0x20000008   Data           8  main.o(.data)
    SystemCoreClock                          0x20000010   Data           4  system_stm32f1xx.o(.data)
    uwTickFreq                               0x20000014   Data           1  stm32f1xx_hal.o(.data)
    uwTickPrio                               0x20000018   Data           4  stm32f1xx_hal.o(.data)
    uwTick                                   0x2000001c   Data           4  stm32f1xx_hal.o(.data)
    state_flag                               0x20000020   Data           2  debugc.o(.data)
    pEnd                                     0x20000024   Data           4  debugc.o(.data)
    Mailbox                                  0x20000028   Data           4  robstride01.o(.data)
    g_new_jetson_data_flag                   0x2000002d   Data           1  jetson_comm.o(.data)
    g_stm_tx_data                            0x20000038   Data          53  main.o(.bss)
    CAN_FilterStrue                          0x20000070   Data          40  main.o(.bss)
    RobStride_01                             0x20000098   Data         224  main.o(.bss)
    RXHeader                                 0x20000178   Data          28  main.o(.bss)
    hcan                                     0x20000194   Data          40  can.o(.bss)
    huart1                                   0x200001bc   Data          72  usart.o(.bss)
    huart2                                   0x20000204   Data          72  usart.o(.bss)
    huart3                                   0x2000024c   Data          72  usart.o(.bss)
    hdma_usart1_rx                           0x20000294   Data          68  usart.o(.bss)
    hdma_usart1_tx                           0x200002d8   Data          68  usart.o(.bss)
    hdma_usart2_rx                           0x2000031c   Data          68  usart.o(.bss)
    hdma_usart2_tx                           0x20000360   Data          68  usart.o(.bss)
    hdma_usart3_rx                           0x200003a4   Data          68  usart.o(.bss)
    hdma_usart3_tx                           0x200003e8   Data          68  usart.o(.bss)
    debugRvBuff                              0x2000042c   Data         255  debugc.o(.bss)
    debugBuff                                0x2000052b   Data         255  debugc.o(.bss)
    send_buf                                 0x2000062a   Data        1024  debugc.o(.bss)
    debugParam                               0x20000a2c   Data          60  debugc.o(.bss)
    g_jetson_rx_data                         0x20000c9c   Data          53  jetson_comm.o(.bss)
    __libspace_start                         0x20000cd4   Data          96  libspace.o(.bss)
    __temporary_stack_top$libspace           0x20000d34   Data           0  libspace.o(.bss)



==============================================================================

Memory Map of the image

  Image Entry point : 0x08000131

  Load Region LR_IROM1 (Base: 0x08000000, Size: 0x000072a4, Max: 0x00080000, ABSOLUTE)

    Execution Region ER_IROM1 (Exec base: 0x08000000, Load base: 0x08000000, Size: 0x0000726c, Max: 0x00080000, ABSOLUTE)

    Exec Addr    Load Addr    Size         Type   Attr      Idx    E Section Name        Object

    0x08000000   0x08000000   0x00000130   Data   RO            3    RESET               startup_stm32f103xe.o
    0x08000130   0x08000130   0x00000008   Code   RO         2732  * !!!main             c_w.l(__main.o)
    0x08000138   0x08000138   0x00000034   Code   RO         3252    !!!scatter          c_w.l(__scatter.o)
    0x0800016c   0x0800016c   0x0000001a   Code   RO         3254    !!handler_copy      c_w.l(__scatter_copy.o)
    0x08000186   0x08000186   0x00000002   PAD
    0x08000188   0x08000188   0x0000001c   Code   RO         3256    !!handler_zi        c_w.l(__scatter_zi.o)
    0x080001a4   0x080001a4   0x00000000   Code   RO         2880    .ARM.Collect$$_printf_percent$$00000000  c_w.l(_printf_percent.o)
    0x080001a4   0x080001a4   0x00000006   Code   RO         2869    .ARM.Collect$$_printf_percent$$00000001  c_w.l(_printf_n.o)
    0x080001aa   0x080001aa   0x00000006   Code   RO         2871    .ARM.Collect$$_printf_percent$$00000002  c_w.l(_printf_p.o)
    0x080001b0   0x080001b0   0x00000006   Code   RO         2876    .ARM.Collect$$_printf_percent$$00000003  c_w.l(_printf_f.o)
    0x080001b6   0x080001b6   0x00000006   Code   RO         2877    .ARM.Collect$$_printf_percent$$00000004  c_w.l(_printf_e.o)
    0x080001bc   0x080001bc   0x00000006   Code   RO         2878    .ARM.Collect$$_printf_percent$$00000005  c_w.l(_printf_g.o)
    0x080001c2   0x080001c2   0x00000006   Code   RO         2879    .ARM.Collect$$_printf_percent$$00000006  c_w.l(_printf_a.o)
    0x080001c8   0x080001c8   0x0000000a   Code   RO         2884    .ARM.Collect$$_printf_percent$$00000007  c_w.l(_printf_ll.o)
    0x080001d2   0x080001d2   0x00000006   Code   RO         2873    .ARM.Collect$$_printf_percent$$00000008  c_w.l(_printf_i.o)
    0x080001d8   0x080001d8   0x00000006   Code   RO         2874    .ARM.Collect$$_printf_percent$$00000009  c_w.l(_printf_d.o)
    0x080001de   0x080001de   0x00000006   Code   RO         2875    .ARM.Collect$$_printf_percent$$0000000A  c_w.l(_printf_u.o)
    0x080001e4   0x080001e4   0x00000006   Code   RO         2872    .ARM.Collect$$_printf_percent$$0000000B  c_w.l(_printf_o.o)
    0x080001ea   0x080001ea   0x00000006   Code   RO         2870    .ARM.Collect$$_printf_percent$$0000000C  c_w.l(_printf_x.o)
    0x080001f0   0x080001f0   0x00000006   Code   RO         2881    .ARM.Collect$$_printf_percent$$0000000D  c_w.l(_printf_lli.o)
    0x080001f6   0x080001f6   0x00000006   Code   RO         2882    .ARM.Collect$$_printf_percent$$0000000E  c_w.l(_printf_lld.o)
    0x080001fc   0x080001fc   0x00000006   Code   RO         2883    .ARM.Collect$$_printf_percent$$0000000F  c_w.l(_printf_llu.o)
    0x08000202   0x08000202   0x00000006   Code   RO         2888    .ARM.Collect$$_printf_percent$$00000010  c_w.l(_printf_llo.o)
    0x08000208   0x08000208   0x00000006   Code   RO         2889    .ARM.Collect$$_printf_percent$$00000011  c_w.l(_printf_llx.o)
    0x0800020e   0x0800020e   0x0000000a   Code   RO         2885    .ARM.Collect$$_printf_percent$$00000012  c_w.l(_printf_l.o)
    0x08000218   0x08000218   0x00000006   Code   RO         2867    .ARM.Collect$$_printf_percent$$00000013  c_w.l(_printf_c.o)
    0x0800021e   0x0800021e   0x00000006   Code   RO         2868    .ARM.Collect$$_printf_percent$$00000014  c_w.l(_printf_s.o)
    0x08000224   0x08000224   0x00000006   Code   RO         2886    .ARM.Collect$$_printf_percent$$00000015  c_w.l(_printf_lc.o)
    0x0800022a   0x0800022a   0x00000006   Code   RO         2887    .ARM.Collect$$_printf_percent$$00000016  c_w.l(_printf_ls.o)
    0x08000230   0x08000230   0x00000004   Code   RO         3012    .ARM.Collect$$_printf_percent$$00000017  c_w.l(_printf_percent_end.o)
    0x08000234   0x08000234   0x00000002   Code   RO         3086    .ARM.Collect$$libinit$$00000000  c_w.l(libinit.o)
    0x08000236   0x08000236   0x00000000   Code   RO         2893    .ARM.Collect$$libinit$$00000002  c_w.l(libinit2.o)
    0x08000236   0x08000236   0x00000000   Code   RO         2895    .ARM.Collect$$libinit$$00000004  c_w.l(libinit2.o)
    0x08000236   0x08000236   0x00000000   Code   RO         2898    .ARM.Collect$$libinit$$0000000A  c_w.l(libinit2.o)
    0x08000236   0x08000236   0x00000000   Code   RO         2900    .ARM.Collect$$libinit$$0000000C  c_w.l(libinit2.o)
    0x08000236   0x08000236   0x00000000   Code   RO         2902    .ARM.Collect$$libinit$$0000000E  c_w.l(libinit2.o)
    0x08000236   0x08000236   0x00000006   Code   RO         2903    .ARM.Collect$$libinit$$0000000F  c_w.l(libinit2.o)
    0x0800023c   0x0800023c   0x00000000   Code   RO         2905    .ARM.Collect$$libinit$$00000011  c_w.l(libinit2.o)
    0x0800023c   0x0800023c   0x0000000c   Code   RO         2906    .ARM.Collect$$libinit$$00000012  c_w.l(libinit2.o)
    0x08000248   0x08000248   0x00000000   Code   RO         2907    .ARM.Collect$$libinit$$00000013  c_w.l(libinit2.o)
    0x08000248   0x08000248   0x00000000   Code   RO         2909    .ARM.Collect$$libinit$$00000015  c_w.l(libinit2.o)
    0x08000248   0x08000248   0x0000000a   Code   RO         2910    .ARM.Collect$$libinit$$00000016  c_w.l(libinit2.o)
    0x08000252   0x08000252   0x00000000   Code   RO         2911    .ARM.Collect$$libinit$$00000017  c_w.l(libinit2.o)
    0x08000252   0x08000252   0x00000000   Code   RO         2913    .ARM.Collect$$libinit$$00000019  c_w.l(libinit2.o)
    0x08000252   0x08000252   0x00000000   Code   RO         2915    .ARM.Collect$$libinit$$0000001B  c_w.l(libinit2.o)
    0x08000252   0x08000252   0x00000000   Code   RO         2917    .ARM.Collect$$libinit$$0000001D  c_w.l(libinit2.o)
    0x08000252   0x08000252   0x00000000   Code   RO         2919    .ARM.Collect$$libinit$$0000001F  c_w.l(libinit2.o)
    0x08000252   0x08000252   0x00000000   Code   RO         2921    .ARM.Collect$$libinit$$00000021  c_w.l(libinit2.o)
    0x08000252   0x08000252   0x00000000   Code   RO         2923    .ARM.Collect$$libinit$$00000023  c_w.l(libinit2.o)
    0x08000252   0x08000252   0x00000000   Code   RO         2925    .ARM.Collect$$libinit$$00000025  c_w.l(libinit2.o)
    0x08000252   0x08000252   0x00000000   Code   RO         2929    .ARM.Collect$$libinit$$0000002C  c_w.l(libinit2.o)
    0x08000252   0x08000252   0x00000000   Code   RO         2931    .ARM.Collect$$libinit$$0000002E  c_w.l(libinit2.o)
    0x08000252   0x08000252   0x00000000   Code   RO         2933    .ARM.Collect$$libinit$$00000030  c_w.l(libinit2.o)
    0x08000252   0x08000252   0x00000004   Code   RO         2934    .ARM.Collect$$libinit$$00000031  c_w.l(libinit2.o)
    0x08000256   0x08000256   0x00000000   Code   RO         2935    .ARM.Collect$$libinit$$00000032  c_w.l(libinit2.o)
    0x08000256   0x08000256   0x00000002   Code   RO         2936    .ARM.Collect$$libinit$$00000033  c_w.l(libinit2.o)
    0x08000258   0x08000258   0x00000002   Code   RO         3170    .ARM.Collect$$libshutdown$$00000000  c_w.l(libshutdown.o)
    0x0800025a   0x0800025a   0x00000000   Code   RO         3180    .ARM.Collect$$libshutdown$$00000002  c_w.l(libshutdown2.o)
    0x0800025a   0x0800025a   0x00000000   Code   RO         3182    .ARM.Collect$$libshutdown$$00000004  c_w.l(libshutdown2.o)
    0x0800025a   0x0800025a   0x00000000   Code   RO         3184    .ARM.Collect$$libshutdown$$00000006  c_w.l(libshutdown2.o)
    0x0800025a   0x0800025a   0x00000000   Code   RO         3187    .ARM.Collect$$libshutdown$$00000009  c_w.l(libshutdown2.o)
    0x0800025a   0x0800025a   0x00000000   Code   RO         3190    .ARM.Collect$$libshutdown$$0000000C  c_w.l(libshutdown2.o)
    0x0800025a   0x0800025a   0x00000000   Code   RO         3192    .ARM.Collect$$libshutdown$$0000000E  c_w.l(libshutdown2.o)
    0x0800025a   0x0800025a   0x00000000   Code   RO         3195    .ARM.Collect$$libshutdown$$00000011  c_w.l(libshutdown2.o)
    0x0800025a   0x0800025a   0x00000002   Code   RO         3196    .ARM.Collect$$libshutdown$$00000012  c_w.l(libshutdown2.o)
    0x0800025c   0x0800025c   0x00000000   Code   RO         2794    .ARM.Collect$$rtentry$$00000000  c_w.l(__rtentry.o)
    0x0800025c   0x0800025c   0x00000000   Code   RO         2978    .ARM.Collect$$rtentry$$00000002  c_w.l(__rtentry2.o)
    0x0800025c   0x0800025c   0x00000006   Code   RO         2990    .ARM.Collect$$rtentry$$00000004  c_w.l(__rtentry4.o)
    0x08000262   0x08000262   0x00000000   Code   RO         2980    .ARM.Collect$$rtentry$$00000009  c_w.l(__rtentry2.o)
    0x08000262   0x08000262   0x00000004   Code   RO         2981    .ARM.Collect$$rtentry$$0000000A  c_w.l(__rtentry2.o)
    0x08000266   0x08000266   0x00000000   Code   RO         2983    .ARM.Collect$$rtentry$$0000000C  c_w.l(__rtentry2.o)
    0x08000266   0x08000266   0x00000008   Code   RO         2984    .ARM.Collect$$rtentry$$0000000D  c_w.l(__rtentry2.o)
    0x0800026e   0x0800026e   0x00000002   Code   RO         3105    .ARM.Collect$$rtexit$$00000000  c_w.l(rtexit.o)
    0x08000270   0x08000270   0x00000000   Code   RO         3132    .ARM.Collect$$rtexit$$00000002  c_w.l(rtexit2.o)
    0x08000270   0x08000270   0x00000004   Code   RO         3133    .ARM.Collect$$rtexit$$00000003  c_w.l(rtexit2.o)
    0x08000274   0x08000274   0x00000006   Code   RO         3134    .ARM.Collect$$rtexit$$00000004  c_w.l(rtexit2.o)
    0x0800027a   0x0800027a   0x00000002   PAD
    0x0800027c   0x0800027c   0x00000040   Code   RO            4    .text               startup_stm32f103xe.o
    0x080002bc   0x080002bc   0x00000034   Code   RO         2722    .text               c_w.l(vsnprintf.o)
    0x080002f0   0x080002f0   0x0000008a   Code   RO         2724    .text               c_w.l(rt_memcpy_v6.o)
    0x0800037a   0x0800037a   0x00000064   Code   RO         2726    .text               c_w.l(rt_memcpy_w.o)
    0x080003de   0x080003de   0x0000004e   Code   RO         2728    .text               c_w.l(rt_memclr_w.o)
    0x0800042c   0x0800042c   0x00000006   Code   RO         2730    .text               c_w.l(heapauxi.o)
    0x08000432   0x08000432   0x00000002   PAD
    0x08000434   0x08000434   0x00000024   Code   RO         2737    .text               c_w.l(init_aeabi.o)
    0x08000458   0x08000458   0x00000016   Code   RO         2795    .text               c_w.l(_rserrno.o)
    0x0800046e   0x0800046e   0x0000004e   Code   RO         2799    .text               c_w.l(_printf_pad.o)
    0x080004bc   0x080004bc   0x00000024   Code   RO         2801    .text               c_w.l(_printf_truncate.o)
    0x080004e0   0x080004e0   0x00000052   Code   RO         2803    .text               c_w.l(_printf_str.o)
    0x08000532   0x08000532   0x00000002   PAD
    0x08000534   0x08000534   0x00000078   Code   RO         2805    .text               c_w.l(_printf_dec.o)
    0x080005ac   0x080005ac   0x00000028   Code   RO         2807    .text               c_w.l(_printf_charcount.o)
    0x080005d4   0x080005d4   0x00000030   Code   RO         2809    .text               c_w.l(_printf_char_common.o)
    0x08000604   0x08000604   0x0000000a   Code   RO         2811    .text               c_w.l(_sputc.o)
    0x0800060e   0x0800060e   0x00000010   Code   RO         2813    .text               c_w.l(_snputc.o)
    0x0800061e   0x0800061e   0x00000002   PAD
    0x08000620   0x08000620   0x000000bc   Code   RO         2815    .text               c_w.l(_printf_wctomb.o)
    0x080006dc   0x080006dc   0x0000007c   Code   RO         2818    .text               c_w.l(_printf_longlong_dec.o)
    0x08000758   0x08000758   0x00000070   Code   RO         2824    .text               c_w.l(_printf_oct_int_ll.o)
    0x080007c8   0x080007c8   0x00000094   Code   RO         2844    .text               c_w.l(_printf_hex_int_ll_ptr.o)
    0x0800085c   0x0800085c   0x00000188   Code   RO         2864    .text               c_w.l(__printf_flags_ss_wp.o)
    0x080009e4   0x080009e4   0x0000001a   Code   RO         2890    .text               c_w.l(strtof.o)
    0x080009fe   0x080009fe   0x00000002   PAD
    0x08000a00   0x08000a00   0x00000008   Code   RO         2995    .text               c_w.l(rt_errno_addr_intlibspace.o)
    0x08000a08   0x08000a08   0x0000008a   Code   RO         2997    .text               c_w.l(lludiv10.o)
    0x08000a92   0x08000a92   0x000000b2   Code   RO         2999    .text               c_w.l(_printf_intcommon.o)
    0x08000b44   0x08000b44   0x0000041e   Code   RO         3001    .text               c_w.l(_printf_fp_dec.o)
    0x08000f62   0x08000f62   0x00000002   PAD
    0x08000f64   0x08000f64   0x000002fc   Code   RO         3003    .text               c_w.l(_printf_fp_hex.o)
    0x08001260   0x08001260   0x0000002c   Code   RO         3008    .text               c_w.l(_printf_char.o)
    0x0800128c   0x0800128c   0x0000002c   Code   RO         3010    .text               c_w.l(_printf_wchar.o)
    0x080012b8   0x080012b8   0x000000a4   Code   RO         3013    .text               c_w.l(strtod.o)
    0x0800135c   0x0800135c   0x00000040   Code   RO         3015    .text               c_w.l(_wcrtomb.o)
    0x0800139c   0x0800139c   0x00000008   Code   RO         3029    .text               c_w.l(libspace.o)
    0x080013a4   0x080013a4   0x0000004a   Code   RO         3032    .text               c_w.l(sys_stackheap_outer.o)
    0x080013ee   0x080013ee   0x00000002   PAD
    0x080013f0   0x080013f0   0x00000010   Code   RO         3034    .text               c_w.l(rt_ctype_table.o)
    0x08001400   0x08001400   0x00000008   Code   RO         3039    .text               c_w.l(rt_locale_intlibspace.o)
    0x08001408   0x08001408   0x00000012   Code   RO         3041    .text               c_w.l(isspace.o)
    0x0800141a   0x0800141a   0x00000002   PAD
    0x0800141c   0x0800141c   0x00000080   Code   RO         3043    .text               c_w.l(_printf_fp_infnan.o)
    0x0800149c   0x0800149c   0x00000040   Code   RO         3045    .text               c_w.l(_sgetc.o)
    0x080014dc   0x080014dc   0x000000e4   Code   RO         3047    .text               c_w.l(bigflt0.o)
    0x080015c0   0x080015c0   0x00000012   Code   RO         3075    .text               c_w.l(exit.o)
    0x080015d2   0x080015d2   0x00000002   PAD
    0x080015d4   0x080015d4   0x000004f8   Code   RO         3109    .text               c_w.l(scanf_fp.o)
    0x08001acc   0x08001acc   0x00000080   Code   RO         3118    .text               c_w.l(strcmpv7m.o)
    0x08001b4c   0x08001b4c   0x00000002   Code   RO         3128    .text               c_w.l(use_no_semi.o)
    0x08001b4e   0x08001b4e   0x00000000   Code   RO         3130    .text               c_w.l(indicate_semi.o)
    0x08001b4e   0x08001b4e   0x00000002   PAD
    0x08001b50   0x08001b50   0x0000000c   Code   RO         3158    .text               c_w.l(sys_exit.o)
    0x08001b5c   0x08001b5c   0x00000320   Code   RO         3160    .text               c_w.l(scanf_hexfp.o)
    0x08001e7c   0x08001e7c   0x00000134   Code   RO         3162    .text               c_w.l(scanf_infnan.o)
    0x08001fb0   0x08001fb0   0x00000026   Code   RO         3173    .text               c_w.l(llshl.o)
    0x08001fd6   0x08001fd6   0x0000001c   Code   RO         3175    .text               c_w.l(_chval.o)
    0x08001ff2   0x08001ff2   0x0000003e   Code   RO         3050    CL$$btod_d2e        c_w.l(btod.o)
    0x08002030   0x08002030   0x00000046   Code   RO         3052    CL$$btod_d2e_denorm_low  c_w.l(btod.o)
    0x08002076   0x08002076   0x00000060   Code   RO         3051    CL$$btod_d2e_norm_op1  c_w.l(btod.o)
    0x080020d6   0x080020d6   0x00000338   Code   RO         3060    CL$$btod_div_common  c_w.l(btod.o)
    0x0800240e   0x0800240e   0x00000002   PAD
    0x08002410   0x08002410   0x00000084   Code   RO         3058    CL$$btod_e2d        c_w.l(btod.o)
    0x08002494   0x08002494   0x000000dc   Code   RO         3057    CL$$btod_e2e        c_w.l(btod.o)
    0x08002570   0x08002570   0x0000002a   Code   RO         3054    CL$$btod_ediv       c_w.l(btod.o)
    0x0800259a   0x0800259a   0x0000002a   Code   RO         3056    CL$$btod_edivd      c_w.l(btod.o)
    0x080025c4   0x080025c4   0x0000002a   Code   RO         3053    CL$$btod_emul       c_w.l(btod.o)
    0x080025ee   0x080025ee   0x0000002a   Code   RO         3055    CL$$btod_emuld      c_w.l(btod.o)
    0x08002618   0x08002618   0x00000244   Code   RO         3059    CL$$btod_mult_common  c_w.l(btod.o)
    0x0800285c   0x0800285c   0x00000002   Code   RO          432    i.BusFault_Handler  stm32f1xx_it.o
    0x0800285e   0x0800285e   0x00000002   PAD
    0x08002860   0x08002860   0x000001dc   Code   RO         2287    i.DEBUGC_UartIdleCallback  debugc.o
    0x08002a3c   0x08002a3c   0x00000020   Code   RO         2288    i.DEBUGC_UartInit   debugc.o
    0x08002a5c   0x08002a5c   0x00000028   Code   RO         2289    i.DEBUGC_UartIrqHandler  debugc.o
    0x08002a84   0x08002a84   0x0000000c   Code   RO          433    i.DMA1_Channel2_IRQHandler  stm32f1xx_it.o
    0x08002a90   0x08002a90   0x0000000c   Code   RO          434    i.DMA1_Channel3_IRQHandler  stm32f1xx_it.o
    0x08002a9c   0x08002a9c   0x0000000c   Code   RO          435    i.DMA1_Channel4_IRQHandler  stm32f1xx_it.o
    0x08002aa8   0x08002aa8   0x0000000c   Code   RO          436    i.DMA1_Channel5_IRQHandler  stm32f1xx_it.o
    0x08002ab4   0x08002ab4   0x0000000c   Code   RO          437    i.DMA1_Channel6_IRQHandler  stm32f1xx_it.o
    0x08002ac0   0x08002ac0   0x0000000c   Code   RO          438    i.DMA1_Channel7_IRQHandler  stm32f1xx_it.o
    0x08002acc   0x08002acc   0x0000002a   Code   RO         1291    i.DMA_SetConfig     stm32f1xx_hal_dma.o
    0x08002af6   0x08002af6   0x00000002   Code   RO          439    i.DebugMon_Handler  stm32f1xx_it.o
    0x08002af8   0x08002af8   0x0000000c   Code   RO         2290    i.Debug_Param       debugc.o
    0x08002b04   0x08002b04   0x00000004   Code   RO           13    i.Error_Handler     main.o
    0x08002b08   0x08002b08   0x00000024   Code   RO          678    i.HAL_CAN_ActivateNotification  stm32f1xx_hal_can.o
    0x08002b2c   0x08002b2c   0x000000d0   Code   RO          679    i.HAL_CAN_AddTxMessage  stm32f1xx_hal_can.o
    0x08002bfc   0x08002bfc   0x000000ec   Code   RO          680    i.HAL_CAN_ConfigFilter  stm32f1xx_hal_can.o
    0x08002ce8   0x08002ce8   0x00000002   Code   RO          683    i.HAL_CAN_ErrorCallback  stm32f1xx_hal_can.o
    0x08002cea   0x08002cea   0x000000f4   Code   RO          686    i.HAL_CAN_GetRxMessage  stm32f1xx_hal_can.o
    0x08002dde   0x08002dde   0x000001fc   Code   RO          690    i.HAL_CAN_IRQHandler  stm32f1xx_hal_can.o
    0x08002fda   0x08002fda   0x0000011a   Code   RO          691    i.HAL_CAN_Init      stm32f1xx_hal_can.o
    0x080030f4   0x080030f4   0x0000007c   Code   RO          310    i.HAL_CAN_MspInit   can.o
    0x08003170   0x08003170   0x00000002   Code   RO          698    i.HAL_CAN_RxFifo0FullCallback  stm32f1xx_hal_can.o
    0x08003172   0x08003172   0x00000002   PAD
    0x08003174   0x08003174   0x00000038   Code   RO           14    i.HAL_CAN_RxFifo0MsgPendingCallback  main.o
    0x080031ac   0x080031ac   0x00000002   Code   RO          700    i.HAL_CAN_RxFifo1FullCallback  stm32f1xx_hal_can.o
    0x080031ae   0x080031ae   0x00000002   Code   RO          701    i.HAL_CAN_RxFifo1MsgPendingCallback  stm32f1xx_hal_can.o
    0x080031b0   0x080031b0   0x00000002   Code   RO          702    i.HAL_CAN_SleepCallback  stm32f1xx_hal_can.o
    0x080031b2   0x080031b2   0x00000056   Code   RO          703    i.HAL_CAN_Start     stm32f1xx_hal_can.o
    0x08003208   0x08003208   0x00000002   Code   RO          705    i.HAL_CAN_TxMailbox0AbortCallback  stm32f1xx_hal_can.o
    0x0800320a   0x0800320a   0x00000002   Code   RO          706    i.HAL_CAN_TxMailbox0CompleteCallback  stm32f1xx_hal_can.o
    0x0800320c   0x0800320c   0x00000002   Code   RO          707    i.HAL_CAN_TxMailbox1AbortCallback  stm32f1xx_hal_can.o
    0x0800320e   0x0800320e   0x00000002   Code   RO          708    i.HAL_CAN_TxMailbox1CompleteCallback  stm32f1xx_hal_can.o
    0x08003210   0x08003210   0x00000002   Code   RO          709    i.HAL_CAN_TxMailbox2AbortCallback  stm32f1xx_hal_can.o
    0x08003212   0x08003212   0x00000002   Code   RO          710    i.HAL_CAN_TxMailbox2CompleteCallback  stm32f1xx_hal_can.o
    0x08003214   0x08003214   0x00000002   Code   RO          712    i.HAL_CAN_WakeUpFromRxMsgCallback  stm32f1xx_hal_can.o
    0x08003216   0x08003216   0x00000046   Code   RO         1292    i.HAL_DMA_Abort     stm32f1xx_hal_dma.o
    0x0800325c   0x0800325c   0x00000130   Code   RO         1293    i.HAL_DMA_Abort_IT  stm32f1xx_hal_dma.o
    0x0800338c   0x0800338c   0x00000248   Code   RO         1297    i.HAL_DMA_IRQHandler  stm32f1xx_hal_dma.o
    0x080035d4   0x080035d4   0x0000007c   Code   RO         1298    i.HAL_DMA_Init      stm32f1xx_hal_dma.o
    0x08003650   0x08003650   0x00000070   Code   RO         1302    i.HAL_DMA_Start_IT  stm32f1xx_hal_dma.o
    0x080036c0   0x080036c0   0x00000024   Code   RO          918    i.HAL_Delay         stm32f1xx_hal.o
    0x080036e4   0x080036e4   0x000001f0   Code   RO         1228    i.HAL_GPIO_Init     stm32f1xx_hal_gpio.o
    0x080038d4   0x080038d4   0x0000000c   Code   RO          922    i.HAL_GetTick       stm32f1xx_hal.o
    0x080038e0   0x080038e0   0x00000010   Code   RO          928    i.HAL_IncTick       stm32f1xx_hal.o
    0x080038f0   0x080038f0   0x00000024   Code   RO          929    i.HAL_Init          stm32f1xx_hal.o
    0x08003914   0x08003914   0x00000040   Code   RO          930    i.HAL_InitTick      stm32f1xx_hal.o
    0x08003954   0x08003954   0x0000003c   Code   RO          579    i.HAL_MspInit       stm32f1xx_hal_msp.o
    0x08003990   0x08003990   0x0000001a   Code   RO         1388    i.HAL_NVIC_EnableIRQ  stm32f1xx_hal_cortex.o
    0x080039aa   0x080039aa   0x00000002   PAD
    0x080039ac   0x080039ac   0x00000040   Code   RO         1394    i.HAL_NVIC_SetPriority  stm32f1xx_hal_cortex.o
    0x080039ec   0x080039ec   0x00000024   Code   RO         1395    i.HAL_NVIC_SetPriorityGrouping  stm32f1xx_hal_cortex.o
    0x08003a10   0x08003a10   0x00000138   Code   RO         1086    i.HAL_RCC_ClockConfig  stm32f1xx_hal_rcc.o
    0x08003b48   0x08003b48   0x00000020   Code   RO         1093    i.HAL_RCC_GetPCLK1Freq  stm32f1xx_hal_rcc.o
    0x08003b68   0x08003b68   0x00000020   Code   RO         1094    i.HAL_RCC_GetPCLK2Freq  stm32f1xx_hal_rcc.o
    0x08003b88   0x08003b88   0x0000004c   Code   RO         1095    i.HAL_RCC_GetSysClockFreq  stm32f1xx_hal_rcc.o
    0x08003bd4   0x08003bd4   0x00000318   Code   RO         1098    i.HAL_RCC_OscConfig  stm32f1xx_hal_rcc.o
    0x08003eec   0x08003eec   0x00000028   Code   RO         1399    i.HAL_SYSTICK_Config  stm32f1xx_hal_cortex.o
    0x08003f14   0x08003f14   0x00000002   Code   RO         1936    i.HAL_UARTEx_RxEventCallback  stm32f1xx_hal_uart.o
    0x08003f16   0x08003f16   0x00000070   Code   RO         1948    i.HAL_UART_DMAStop  stm32f1xx_hal_uart.o
    0x08003f86   0x08003f86   0x00000002   Code   RO         1950    i.HAL_UART_ErrorCallback  stm32f1xx_hal_uart.o
    0x08003f88   0x08003f88   0x0000026c   Code   RO         1953    i.HAL_UART_IRQHandler  stm32f1xx_hal_uart.o
    0x080041f4   0x080041f4   0x00000064   Code   RO         1954    i.HAL_UART_Init     stm32f1xx_hal_uart.o
    0x08004258   0x08004258   0x00000280   Code   RO          379    i.HAL_UART_MspInit  usart.o
    0x080044d8   0x080044d8   0x0000001c   Code   RO         1958    i.HAL_UART_Receive_DMA  stm32f1xx_hal_uart.o
    0x080044f4   0x080044f4   0x00000002   Code   RO         1960    i.HAL_UART_RxCpltCallback  stm32f1xx_hal_uart.o
    0x080044f6   0x080044f6   0x00000002   Code   RO         1961    i.HAL_UART_RxHalfCpltCallback  stm32f1xx_hal_uart.o
    0x080044f8   0x080044f8   0x0000007c   Code   RO         1963    i.HAL_UART_Transmit_DMA  stm32f1xx_hal_uart.o
    0x08004574   0x08004574   0x00000002   Code   RO         1965    i.HAL_UART_TxCpltCallback  stm32f1xx_hal_uart.o
    0x08004576   0x08004576   0x00000002   Code   RO         1966    i.HAL_UART_TxHalfCpltCallback  stm32f1xx_hal_uart.o
    0x08004578   0x08004578   0x00000002   Code   RO          440    i.HardFault_Handler  stm32f1xx_it.o
    0x0800457a   0x0800457a   0x00000002   PAD
    0x0800457c   0x0800457c   0x00000024   Code   RO         2661    i.JETSON_Init       jetson_comm.o
    0x080045a0   0x080045a0   0x00000048   Code   RO         2662    i.JETSON_PollReceiver  jetson_comm.o
    0x080045e8   0x080045e8   0x00000040   Code   RO         2663    i.JETSON_SendData   jetson_comm.o
    0x08004628   0x08004628   0x00000044   Code   RO          311    i.MX_CAN_Init       can.o
    0x0800466c   0x0800466c   0x0000007c   Code   RO          351    i.MX_DMA_Init       dma.o
    0x080046e8   0x080046e8   0x0000002c   Code   RO          197    i.MX_GPIO_Init      gpio.o
    0x08004714   0x08004714   0x00000038   Code   RO          380    i.MX_USART1_UART_Init  usart.o
    0x0800474c   0x0800474c   0x00000038   Code   RO          381    i.MX_USART2_UART_Init  usart.o
    0x08004784   0x08004784   0x00000038   Code   RO          382    i.MX_USART3_UART_Init  usart.o
    0x080047bc   0x080047bc   0x00000002   Code   RO          441    i.MemManage_Handler  stm32f1xx_it.o
    0x080047be   0x080047be   0x00000002   Code   RO          442    i.NMI_Handler       stm32f1xx_it.o
    0x080047c0   0x080047c0   0x00000002   Code   RO          443    i.PendSV_Handler    stm32f1xx_it.o
    0x080047c2   0x080047c2   0x00000002   PAD
    0x080047c4   0x080047c4   0x00000058   Code   RO         2664    i.ProcessNewByte    jetson_comm.o
    0x0800481c   0x0800481c   0x00000002   Code   RO          444    i.SVC_Handler       stm32f1xx_it.o
    0x0800481e   0x0800481e   0x00000004   Code   RO          445    i.SysTick_Handler   stm32f1xx_it.o
    0x08004822   0x08004822   0x00000002   Code   RO          604    i.SystemInit        system_stm32f1xx.o
    0x08004824   0x08004824   0x00000010   Code   RO         1967    i.UART_DMAAbortOnError  stm32f1xx_hal_uart.o
    0x08004834   0x08004834   0x0000004a   Code   RO         1968    i.UART_DMAError     stm32f1xx_hal_uart.o
    0x0800487e   0x0800487e   0x00000086   Code   RO         1969    i.UART_DMAReceiveCplt  stm32f1xx_hal_uart.o
    0x08004904   0x08004904   0x0000001e   Code   RO         1971    i.UART_DMARxHalfCplt  stm32f1xx_hal_uart.o
    0x08004922   0x08004922   0x00000042   Code   RO         1973    i.UART_DMATransmitCplt  stm32f1xx_hal_uart.o
    0x08004964   0x08004964   0x0000000a   Code   RO         1975    i.UART_DMATxHalfCplt  stm32f1xx_hal_uart.o
    0x0800496e   0x0800496e   0x0000004e   Code   RO         1977    i.UART_EndRxTransfer  stm32f1xx_hal_uart.o
    0x080049bc   0x080049bc   0x0000001c   Code   RO         1978    i.UART_EndTxTransfer  stm32f1xx_hal_uart.o
    0x080049d8   0x080049d8   0x000000c2   Code   RO         1979    i.UART_Receive_IT   stm32f1xx_hal_uart.o
    0x08004a9a   0x08004a9a   0x00000002   PAD
    0x08004a9c   0x08004a9c   0x000000b8   Code   RO         1980    i.UART_SetConfig    stm32f1xx_hal_uart.o
    0x08004b54   0x08004b54   0x00000094   Code   RO         1981    i.UART_Start_Receive_DMA  stm32f1xx_hal_uart.o
    0x08004be8   0x08004be8   0x0000000c   Code   RO          446    i.USART1_IRQHandler  stm32f1xx_it.o
    0x08004bf4   0x08004bf4   0x00000018   Code   RO          447    i.USART2_IRQHandler  stm32f1xx_it.o
    0x08004c0c   0x08004c0c   0x0000000c   Code   RO          448    i.USART3_IRQHandler  stm32f1xx_it.o
    0x08004c18   0x08004c18   0x0000000c   Code   RO          449    i.USB_LP_CAN1_RX0_IRQHandler  stm32f1xx_it.o
    0x08004c24   0x08004c24   0x00000002   Code   RO          450    i.UsageFault_Handler  stm32f1xx_it.o
    0x08004c26   0x08004c26   0x00000016   Code   RO         2361    i._Z13Byte_to_floatPh  robstride01.o
    0x08004c3c   0x08004c3c   0x00000056   Code   RO         2362    i._Z13float_to_uintfffi  robstride01.o
    0x08004c92   0x08004c92   0x0000003c   Code   RO         2363    i._Z15uint16_to_floattffi  robstride01.o
    0x08004cce   0x08004cce   0x0000005c   Code   RO           15    i._Z18SystemClock_Configv  main.o
    0x08004d2a   0x08004d2a   0x00000034   Code   RO         2364    i._Z9mapFaultst     robstride01.o
    0x08004d5e   0x08004d5e   0x00000002   PAD
    0x08004d60   0x08004d60   0x00000050   Code   RO         2366    i._ZN15RobStride_Motor11Set_ZeroPosEv  robstride01.o
    0x08004db0   0x08004db0   0x0000004c   Code   RO         2367    i._ZN15RobStride_Motor12Enable_MotorEv  robstride01.o
    0x08004dfc   0x08004dfc   0x00000064   Code   RO         2368    i._ZN15RobStride_Motor15Disenable_MotorEh  robstride01.o
    0x08004e60   0x08004e60   0x0000021c   Code   RO         2370    i._ZN15RobStride_Motor24RobStride_Motor_AnalysisEPhj  robstride01.o
    0x0800507c   0x0800507c   0x00000050   Code   RO         2371    i._ZN15RobStride_Motor26RobStride_Motor_MIT_EnableEv  robstride01.o
    0x080050cc   0x080050cc   0x00000068   Code   RO         2372    i._ZN15RobStride_Motor27RobStride_Motor_CSP_controlEff  robstride01.o
    0x08005134   0x08005134   0x00000118   Code   RO         2373    i._ZN15RobStride_Motor27RobStride_Motor_MIT_ControlEfffff  robstride01.o
    0x0800524c   0x0800524c   0x00000050   Code   RO         2374    i._ZN15RobStride_Motor27RobStride_Motor_MIT_DisableEv  robstride01.o
    0x0800529c   0x0800529c   0x00000066   Code   RO         2375    i._ZN15RobStride_Motor27RobStride_Motor_Pos_controlEff  robstride01.o
    0x08005302   0x08005302   0x00000002   PAD
    0x08005304   0x08005304   0x00000068   Code   RO         2376    i._ZN15RobStride_Motor28RobStride_Motor_MotorModeSetEh  robstride01.o
    0x0800536c   0x0800536c   0x00000140   Code   RO         2377    i._ZN15RobStride_Motor28RobStride_Motor_move_controlEfffff  robstride01.o
    0x080054ac   0x080054ac   0x00000048   Code   RO         2378    i._ZN15RobStride_Motor29Get_RobStride_Motor_parameterEt  robstride01.o
    0x080054f4   0x080054f4   0x00000068   Code   RO         2379    i._ZN15RobStride_Motor29RobStride_Motor_MotorDataSaveEv  robstride01.o
    0x0800555c   0x0800555c   0x00000064   Code   RO         2380    i._ZN15RobStride_Motor29RobStride_Motor_Speed_controlEff  robstride01.o
    0x080055c0   0x080055c0   0x00000080   Code   RO         2381    i._ZN15RobStride_Motor29Set_RobStride_Motor_parameterEtfc  robstride01.o
    0x08005640   0x08005640   0x00000068   Code   RO         2382    i._ZN15RobStride_Motor30RobStride_Motor_BaudRateChangeEh  robstride01.o
    0x080056a8   0x080056a8   0x00000054   Code   RO         2383    i._ZN15RobStride_Motor30RobStride_Motor_MIT_SetMotorIdEh  robstride01.o
    0x080056fc   0x080056fc   0x00000054   Code   RO         2384    i._ZN15RobStride_Motor30RobStride_Motor_MIT_SetZeroPosEv  robstride01.o
    0x08005750   0x08005750   0x00000048   Code   RO         2385    i._ZN15RobStride_Motor31RobStride_Motor_current_controlEf  robstride01.o
    0x08005798   0x08005798   0x00000054   Code   RO         2386    i._ZN15RobStride_Motor32RobStride_Motor_MIT_MotorModeSetEh  robstride01.o
    0x080057ec   0x080057ec   0x00000054   Code   RO         2387    i._ZN15RobStride_Motor32RobStride_Motor_MIT_SetMotorTypeEh  robstride01.o
    0x08005840   0x08005840   0x00000038   Code   RO         2388    i._ZN15RobStride_Motor32RobStride_Motor_MIT_SpeedControlEff  robstride01.o
    0x08005878   0x08005878   0x00000038   Code   RO         2390    i._ZN15RobStride_Motor35RobStride_Motor_MIT_PositionControlEff  robstride01.o
    0x080058b0   0x080058b0   0x00000054   Code   RO         2391    i._ZN15RobStride_Motor37RobStride_Motor_MIT_ClearOrCheckErrorEh  robstride01.o
    0x08005904   0x08005904   0x00000068   Code   RO         2392    i._ZN15RobStride_Motor38RobStride_Motor_ProactiveEscalationSetEh  robstride01.o
    0x0800596c   0x0800596c   0x00000028   Code   RO         2394    i._ZN15RobStride_MotorC1Ehb  robstride01.o
    0x08005994   0x08005994   0x0000004c   Code   RO         2395    i._ZN15data_read_writeC1EPKt  robstride01.o
    0x080059e0   0x080059e0   0x00000028   Code   RO         3097    i.__ARM_fpclassify  m_ws.l(fpclassify.o)
    0x08005a08   0x08005a08   0x00000026   Code   RO         2958    i.__ARM_fpclassifyf  m_ws.l(fpclassifyf.o)
    0x08005a2e   0x08005a2e   0x00000020   Code   RO         1401    i.__NVIC_SetPriority  stm32f1xx_hal_cortex.o
    0x08005a4e   0x08005a4e   0x0000000e   Code   RO         3229    i.__mathlib_dbl_overflow  m_ws.l(dunder.o)
    0x08005a5c   0x08005a5c   0x00000010   Code   RO         3231    i.__mathlib_dbl_underflow  m_ws.l(dunder.o)
    0x08005a6c   0x08005a6c   0x00000006   Code   RO         2961    i.__mathlib_flt_infnan  m_ws.l(funder.o)
    0x08005a72   0x08005a72   0x00000008   Code   RO         2963    i.__mathlib_flt_invalid  m_ws.l(funder.o)
    0x08005a7a   0x08005a7a   0x0000000a   Code   RO         2966    i.__mathlib_flt_underflow  m_ws.l(funder.o)
    0x08005a84   0x08005a84   0x00000010   Code   RO         3023    i.__mathlib_narrow  m_ws.l(narrow.o)
    0x08005a94   0x08005a94   0x00000168   Code   RO         2974    i.__mathlib_rredf2  m_ws.l(rredf.o)
    0x08005bfc   0x08005bfc   0x000000bc   Code   RO         3024    i.__mathlib_tofloat  m_ws.l(narrow.o)
    0x08005cb8   0x08005cb8   0x00000010   Code   RO           16    i.__sti___6_main_c_035040fe  main.o
    0x08005cc8   0x08005cc8   0x00000016   Code   RO         3198    i.__support_ldexp   m_ws.l(ldexp.o)
    0x08005cde   0x08005cde   0x0000000e   Code   RO         2857    i._is_digit         c_w.l(__printf_wp.o)
    0x08005cec   0x08005cec   0x00000058   Code   RO         3100    i.frexp             m_ws.l(frexp.o)
    0x08005d44   0x08005d44   0x00000074   Code   RO         3199    i.ldexp             m_ws.l(ldexp.o)
    0x08005db8   0x08005db8   0x00000314   Code   RO           17    i.main              main.o
    0x080060cc   0x080060cc   0x00000188   Code   RO         2783    i.sinf              m_ws.l(sinf.o)
    0x08006254   0x08006254   0x00000014   Code   RO         2791    i.strtof            m_ws.l(strtof.o)
    0x08006268   0x08006268   0x0000002c   Code   RO         2291    i.usart_printf      debugc.o
    0x08006294   0x08006294   0x0000002c   Code   RO         3073    locale$$code        c_w.l(lc_numeric_c.o)
    0x080062c0   0x080062c0   0x0000002c   Code   RO         3112    locale$$code        c_w.l(lc_ctype_c.o)
    0x080062ec   0x080062ec   0x00000062   Code   RO         2740    x$fpl$d2f           fz_ws.l(d2f.o)
    0x0800634e   0x0800634e   0x00000002   PAD
    0x08006350   0x08006350   0x00000010   Code   RO         3144    x$fpl$dcheck1       fz_ws.l(dcheck1.o)
    0x08006360   0x08006360   0x00000018   Code   RO         3120    x$fpl$dcmpinf       fz_ws.l(dcmpi.o)
    0x08006378   0x08006378   0x00000078   Code   RO         3087    x$fpl$deqf          fz_ws.l(deqf.o)
    0x080063f0   0x080063f0   0x00000026   Code   RO         2742    x$fpl$dfltu         fz_ws.l(dflt_clz.o)
    0x08006416   0x08006416   0x00000002   PAD
    0x08006418   0x08006418   0x00000078   Code   RO         3122    x$fpl$dleqf         fz_ws.l(dleqf.o)
    0x08006490   0x08006490   0x00000154   Code   RO         2748    x$fpl$dmul          fz_ws.l(dmul.o)
    0x080065e4   0x080065e4   0x0000009c   Code   RO         2937    x$fpl$dnaninf       fz_ws.l(dnaninf.o)
    0x08006680   0x08006680   0x0000000c   Code   RO         2939    x$fpl$dretinf       fz_ws.l(dretinf.o)
    0x0800668c   0x0800668c   0x0000006c   Code   RO         3089    x$fpl$drleqf        fz_ws.l(drleqf.o)
    0x080066f8   0x080066f8   0x00000056   Code   RO         2750    x$fpl$f2d           fz_ws.l(f2d.o)
    0x0800674e   0x0800674e   0x00000002   PAD
    0x08006750   0x08006750   0x000000c4   Code   RO         2752    x$fpl$fadd          fz_ws.l(faddsub_clz.o)
    0x08006814   0x08006814   0x0000000c   Code   RO         3091    x$fpl$fcheck1       fz_ws.l(fcheck1.o)
    0x08006820   0x08006820   0x00000018   Code   RO         2941    x$fpl$fcmpinf       fz_ws.l(fcmpi.o)
    0x08006838   0x08006838   0x00000184   Code   RO         2759    x$fpl$fdiv          fz_ws.l(fdiv.o)
    0x080069bc   0x080069bc   0x00000036   Code   RO         2762    x$fpl$ffix          fz_ws.l(ffix.o)
    0x080069f2   0x080069f2   0x00000002   PAD
    0x080069f4   0x080069f4   0x0000003e   Code   RO         2766    x$fpl$ffixu         fz_ws.l(ffixu.o)
    0x08006a32   0x08006a32   0x00000002   PAD
    0x08006a34   0x08006a34   0x00000030   Code   RO         2771    x$fpl$fflt          fz_ws.l(fflt_clz.o)
    0x08006a64   0x08006a64   0x00000026   Code   RO         2770    x$fpl$ffltu         fz_ws.l(fflt_clz.o)
    0x08006a8a   0x08006a8a   0x00000002   PAD
    0x08006a8c   0x08006a8c   0x00000068   Code   RO         2776    x$fpl$fleqf         fz_ws.l(fleqf.o)
    0x08006af4   0x08006af4   0x00000102   Code   RO         2778    x$fpl$fmul          fz_ws.l(fmul.o)
    0x08006bf6   0x08006bf6   0x0000008c   Code   RO         2943    x$fpl$fnaninf       fz_ws.l(fnaninf.o)
    0x08006c82   0x08006c82   0x0000000a   Code   RO         2945    x$fpl$fretinf       fz_ws.l(fretinf.o)
    0x08006c8c   0x08006c8c   0x00000062   Code   RO         2780    x$fpl$frleqf        fz_ws.l(frleqf.o)
    0x08006cee   0x08006cee   0x00000002   PAD
    0x08006cf0   0x08006cf0   0x00000060   Code   RO         2947    x$fpl$frnd          fz_ws.l(frnd.o)
    0x08006d50   0x08006d50   0x00000014   Code   RO         2753    x$fpl$frsb          fz_ws.l(faddsub_clz.o)
    0x08006d64   0x08006d64   0x000000ea   Code   RO         2754    x$fpl$fsub          fz_ws.l(faddsub_clz.o)
    0x08006e4e   0x08006e4e   0x00000006   Code   RO         3093    x$fpl$ieeestatus    fz_ws.l(istatus.o)
    0x08006e54   0x08006e54   0x00000004   Code   RO         2949    x$fpl$printf1       fz_ws.l(printf1.o)
    0x08006e58   0x08006e58   0x00000004   Code   RO         2951    x$fpl$printf2       fz_ws.l(printf2.o)
    0x08006e5c   0x08006e5c   0x00000064   Code   RO         3124    x$fpl$retnan        fz_ws.l(retnan.o)
    0x08006ec0   0x08006ec0   0x0000005c   Code   RO         3126    x$fpl$scalbn        fz_ws.l(scalbn.o)
    0x08006f1c   0x08006f1c   0x0000004c   Code   RO         3021    x$fpl$scalbnf       fz_ws.l(scalbnf.o)
    0x08006f68   0x08006f68   0x00000004   Code   RO         3095    x$fpl$scanf1        fz_ws.l(scanf1.o)
    0x08006f6c   0x08006f6c   0x00000008   Code   RO         3150    x$fpl$scanf2        fz_ws.l(scanf2.o)
    0x08006f74   0x08006f74   0x00000030   Code   RO         3156    x$fpl$trapveneer    fz_ws.l(trapv.o)
    0x08006fa4   0x08006fa4   0x00000000   Code   RO         2957    x$fpl$usenofp       fz_ws.l(usenofp.o)
    0x08006fa4   0x08006fa4   0x00000010   Data   RO          605    .constdata          system_stm32f1xx.o
    0x08006fb4   0x08006fb4   0x00000008   Data   RO          606    .constdata          system_stm32f1xx.o
    0x08006fbc   0x08006fbc   0x00000012   Data   RO         1099    .constdata          stm32f1xx_hal_rcc.o
    0x08006fce   0x08006fce   0x0000001e   Data   RO         2431    .constdata          robstride01.o
    0x08006fec   0x08006fec   0x00000008   Data   RO         2816    .constdata          c_w.l(_printf_wctomb.o)
    0x08006ff4   0x08006ff4   0x00000028   Data   RO         2845    .constdata          c_w.l(_printf_hex_int_ll_ptr.o)
    0x0800701c   0x0800701c   0x00000011   Data   RO         2865    .constdata          c_w.l(__printf_flags_ss_wp.o)
    0x0800702d   0x0800702d   0x00000003   PAD
    0x08007030   0x08007030   0x00000020   Data   RO         2975    .constdata          m_ws.l(rredf.o)
    0x08007050   0x08007050   0x00000026   Data   RO         3004    .constdata          c_w.l(_printf_fp_hex.o)
    0x08007076   0x08007076   0x00000002   PAD
    0x08007078   0x08007078   0x00000094   Data   RO         3048    .constdata          c_w.l(bigflt0.o)
    0x0800710c   0x0800710c   0x00000020   Data   RO         3250    Region$$Table       anon$$obj.o
    0x0800712c   0x0800712c   0x00000008   Data   RO         3146    c$$dinf             fz_ws.l(fpconst.o)
    0x08007134   0x08007134   0x00000008   Data   RO         3149    c$$dmax             fz_ws.l(fpconst.o)
    0x0800713c   0x0800713c   0x0000001c   Data   RO         3072    locale$$data        c_w.l(lc_numeric_c.o)
    0x08007158   0x08007158   0x00000110   Data   RO         3111    locale$$data        c_w.l(lc_ctype_c.o)
    0x08007268   0x08007268   0x00000004   Data   RO           29    .init_array         main.o
    0x0800726c   0x08007268   0x00000000   Data   RO         2735    .init_array         c_w.l(init_aeabi.o)


    Execution Region RW_IRAM1 (Exec base: 0x20000000, Load base: 0x0800726c, Size: 0x00001338, Max: 0x00010000, ABSOLUTE)

    Exec Addr    Load Addr    Size         Type   Attr      Idx    E Section Name        Object

    0x20000000   0x0800726c   0x00000010   Data   RW           26    .data               main.o
    0x20000010   0x0800727c   0x00000004   Data   RW          607    .data               system_stm32f1xx.o
    0x20000014   0x08007280   0x0000000c   Data   RW          936    .data               stm32f1xx_hal.o
    0x20000020   0x0800728c   0x00000008   Data   RW         2293    .data               debugc.o
    0x20000028   0x08007294   0x00000004   Data   RW         2434    .data               robstride01.o
    0x2000002c   0x08007298   0x0000000c   Data   RW         2666    .data               jetson_comm.o
    0x20000038        -       0x0000015c   Zero   RW           23    .bss                main.o
    0x20000194        -       0x00000028   Zero   RW          312    .bss                can.o
    0x200001bc        -       0x00000270   Zero   RW          383    .bss                usart.o
    0x2000042c        -       0x0000063c   Zero   RW         2292    .bss                debugc.o
    0x20000a68        -       0x00000269   Zero   RW         2665    .bss                jetson_comm.o
    0x20000cd1   0x080072a4   0x00000003   PAD
    0x20000cd4        -       0x00000060   Zero   RW         3030    .bss                c_w.l(libspace.o)
    0x20000d34   0x080072a4   0x00000004   PAD
    0x20000d38        -       0x00000200   Zero   RW            2    HEAP                startup_stm32f103xe.o
    0x20000f38        -       0x00000400   Zero   RW            1    STACK               startup_stm32f103xe.o


==============================================================================

Image component sizes


      Code (inc. data)   RO Data    RW Data    ZI Data      Debug   Object Name

       192         20          0          0         40       1495   can.o
       604         42          0          8       1596       5185   debugc.o
       124          4          0          0          0        714   dma.o
        44          6          0          0          0     464467   gpio.o
       260         44          0         12        617       3172   jetson_comm.o
       956        128          4         16        348     455078   main.o
      3418        322         30          4          0     424292   robstride01.o
        64         26        304          0       1536        780   startup_stm32f103xe.o
       164         28          0         12          0       6265   stm32f1xx_hal.o
      1624          0          0          0          0      13411   stm32f1xx_hal_can.o
       198         14          0          0          0      28719   stm32f1xx_hal_cortex.o
      1236         52          0          0          0       4910   stm32f1xx_hal_dma.o
       496         42          0          0          0       2172   stm32f1xx_hal_gpio.o
        60          8          0          0          0        790   stm32f1xx_hal_msp.o
      1244         84         18          0          0       5080   stm32f1xx_hal_rcc.o
      1958         38          0          0          0      15295   stm32f1xx_hal_uart.o
       152         60          0          0          0       8045   stm32f1xx_it.o
         2          0         24          4          0       1003   system_stm32f1xx.o
       808         64          0          0        624       3386   usart.o

    ----------------------------------------------------------------------
     13620        982        412         56       4764    1444259   Object Totals
         0          0         32          0          0          0   (incl. Generated)
        16          0          0          0          3          0   (incl. Padding)

    ----------------------------------------------------------------------

      Code (inc. data)   RO Data    RW Data    ZI Data      Debug   Library Member Name

         8          0          0          0          0         68   __main.o
       392          4         17          0          0         92   __printf_flags_ss_wp.o
        14          0          0          0          0         68   __printf_wp.o
         0          0          0          0          0          0   __rtentry.o
        12          0          0          0          0          0   __rtentry2.o
         6          0          0          0          0          0   __rtentry4.o
        52          8          0          0          0          0   __scatter.o
        26          0          0          0          0          0   __scatter_copy.o
        28          0          0          0          0          0   __scatter_zi.o
        28          0          0          0          0         68   _chval.o
         6          0          0          0          0          0   _printf_a.o
         6          0          0          0          0          0   _printf_c.o
        44          0          0          0          0        108   _printf_char.o
        48          6          0          0          0         96   _printf_char_common.o
        40          0          0          0          0         68   _printf_charcount.o
         6          0          0          0          0          0   _printf_d.o
       120         16          0          0          0         92   _printf_dec.o
         6          0          0          0          0          0   _printf_e.o
         6          0          0          0          0          0   _printf_f.o
      1054          0          0          0          0        216   _printf_fp_dec.o
       764          8         38          0          0        100   _printf_fp_hex.o
       128         16          0          0          0         84   _printf_fp_infnan.o
         6          0          0          0          0          0   _printf_g.o
       148          4         40          0          0        160   _printf_hex_int_ll_ptr.o
         6          0          0          0          0          0   _printf_i.o
       178          0          0          0          0         88   _printf_intcommon.o
        10          0          0          0          0          0   _printf_l.o
         6          0          0          0          0          0   _printf_lc.o
        10          0          0          0          0          0   _printf_ll.o
         6          0          0          0          0          0   _printf_lld.o
         6          0          0          0          0          0   _printf_lli.o
         6          0          0          0          0          0   _printf_llo.o
         6          0          0          0          0          0   _printf_llu.o
         6          0          0          0          0          0   _printf_llx.o
       124         16          0          0          0         92   _printf_longlong_dec.o
         6          0          0          0          0          0   _printf_ls.o
         6          0          0          0          0          0   _printf_n.o
         6          0          0          0          0          0   _printf_o.o
       112         10          0          0          0        124   _printf_oct_int_ll.o
         6          0          0          0          0          0   _printf_p.o
        78          0          0          0          0        108   _printf_pad.o
         0          0          0          0          0          0   _printf_percent.o
         4          0          0          0          0          0   _printf_percent_end.o
         6          0          0          0          0          0   _printf_s.o
        82          0          0          0          0         80   _printf_str.o
        36          0          0          0          0         84   _printf_truncate.o
         6          0          0          0          0          0   _printf_u.o
        44          0          0          0          0        108   _printf_wchar.o
       188          6          8          0          0         92   _printf_wctomb.o
         6          0          0          0          0          0   _printf_x.o
        22          0          0          0          0        100   _rserrno.o
        64          0          0          0          0         84   _sgetc.o
        16          0          0          0          0         68   _snputc.o
        10          0          0          0          0         68   _sputc.o
        64          0          0          0          0         92   _wcrtomb.o
       228          4        148          0          0         96   bigflt0.o
      2152        136          0          0          0        960   btod.o
        18          0          0          0          0         80   exit.o
         6          0          0          0          0        152   heapauxi.o
         0          0          0          0          0          0   indicate_semi.o
        36         10          0          0          0         80   init_aeabi.o
        18          0          0          0          0         76   isspace.o
        44         10        272          0          0         76   lc_ctype_c.o
        44         10         28          0          0         76   lc_numeric_c.o
         2          0          0          0          0          0   libinit.o
        34          0          0          0          0          0   libinit2.o
         2          0          0          0          0          0   libshutdown.o
         2          0          0          0          0          0   libshutdown2.o
         8          4          0          0         96         68   libspace.o
        38          0          0          0          0         68   llshl.o
       138          0          0          0          0         80   lludiv10.o
        16          4          0          0          0         76   rt_ctype_table.o
         8          4          0          0          0         68   rt_errno_addr_intlibspace.o
         8          4          0          0          0         68   rt_locale_intlibspace.o
        78          0          0          0          0         80   rt_memclr_w.o
       138          0          0          0          0         68   rt_memcpy_v6.o
       100          0          0          0          0         80   rt_memcpy_w.o
         2          0          0          0          0          0   rtexit.o
        10          0          0          0          0          0   rtexit2.o
      1272         16          0          0          0        168   scanf_fp.o
       800         14          0          0          0        100   scanf_hexfp.o
       308         16          0          0          0        100   scanf_infnan.o
       128          0          0          0          0         68   strcmpv7m.o
       164         14          0          0          0        120   strtod.o
        26          0          0          0          0         80   strtof.o
        12          4          0          0          0         68   sys_exit.o
        74          0          0          0          0         80   sys_stackheap_outer.o
         2          0          0          0          0         68   use_no_semi.o
        52          4          0          0          0         80   vsnprintf.o
        98          4          0          0          0         92   d2f.o
        16          4          0          0          0         68   dcheck1.o
        24          0          0          0          0         68   dcmpi.o
       120          4          0          0          0         92   deqf.o
        38          0          0          0          0         68   dflt_clz.o
       120          4          0          0          0         92   dleqf.o
       340         12          0          0          0        104   dmul.o
       156          4          0          0          0         92   dnaninf.o
        12          0          0          0          0         68   dretinf.o
       108          0          0          0          0         80   drleqf.o
        86          4          0          0          0         84   f2d.o
       450          8          0          0          0        236   faddsub_clz.o
        12          4          0          0          0         68   fcheck1.o
        24          0          0          0          0         68   fcmpi.o
       388         76          0          0          0         96   fdiv.o
        54          4          0          0          0         84   ffix.o
        62          4          0          0          0         84   ffixu.o
        86          0          0          0          0        136   fflt_clz.o
       104          4          0          0          0         84   fleqf.o
       258          4          0          0          0         84   fmul.o
       140          4          0          0          0         84   fnaninf.o
         0          0         16          0          0          0   fpconst.o
        10          0          0          0          0         68   fretinf.o
        98          0          0          0          0         68   frleqf.o
        96          4          0          0          0         76   frnd.o
         6          0          0          0          0         68   istatus.o
         4          0          0          0          0         68   printf1.o
         4          0          0          0          0         68   printf2.o
       100          0          0          0          0         68   retnan.o
        92          0          0          0          0         68   scalbn.o
        76          0          0          0          0         68   scalbnf.o
         4          0          0          0          0         68   scanf1.o
         8          0          0          0          0         84   scanf2.o
        48          0          0          0          0         68   trapv.o
         0          0          0          0          0          0   usenofp.o
        30          6          0          0          0        136   dunder.o
        40          0          0          0          0         68   fpclassify.o
        38          0          0          0          0         68   fpclassifyf.o
        88          8          0          0          0         76   frexp.o
        24          0          0          0          0        204   funder.o
       138          0          0          0          0        160   ldexp.o
       204          4          0          0          0        168   narrow.o
       360         16         32          0          0         88   rredf.o
       392         54          0          0          0        124   sinf.o
        20          0          0          0          0         76   strtof.o

    ----------------------------------------------------------------------
     14656        586        604          0        100       9532   Library Totals
        38          2          5          0          4          0   (incl. Padding)

    ----------------------------------------------------------------------

      Code (inc. data)   RO Data    RW Data    ZI Data      Debug   Library Name

     10042        348        551          0         96       5592   c_w.l
      3242        148         16          0          0       2772   fz_ws.l
      1334         88         32          0          0       1168   m_ws.l

    ----------------------------------------------------------------------
     14656        586        604          0        100       9532   Library Totals

    ----------------------------------------------------------------------

==============================================================================


      Code (inc. data)   RO Data    RW Data    ZI Data      Debug   

     28276       1568       1016         56       4864    1441151   Grand Totals
     28276       1568       1016         56       4864    1441151   ELF Image Totals
     28276       1568       1016         56          0          0   ROM Totals

==============================================================================

    Total RO  Size (Code + RO Data)                29292 (  28.61kB)
    Total RW  Size (RW Data + ZI Data)              4920 (   4.80kB)
    Total ROM Size (Code + RO Data + RW Data)      29348 (  28.66kB)

==============================================================================

